Jan  9 06:46:58 do sshd[16895]: Failed password for root from 202.109.143.120 port 3878 ssh2
Jan  9 06:46:58 do sshd[16897]: Failed password for root from 218.65.30.30 port 56676 ssh2
Jan  9 06:46:58 do sshd[16895]: Connection reset by 202.109.143.120 port 3878 [preauth]
Jan  9 06:46:58 do sshd[16895]: PAM 4 more authentication failures; logname= uid=0 euid=0 tty=ssh ruser= rhost=202.109.143.120  user=root
Jan  9 06:46:58 do sshd[16895]: PAM service(sshd) ignoring max retries; 5 > 3
Jan  9 06:47:02 do sshd[16897]: Failed password for root from 218.65.30.30 port 56676 ssh2
Jan  9 06:47:02 do sshd[16897]: error: maximum authentication attempts exceeded for root from 218.65.30.30 port 56676 ssh2 [preauth]
Jan  9 06:47:02 do sshd[16897]: Disconnecting: Too many authentication failures [preauth]
Jan  9 06:47:02 do sshd[16897]: PAM 5 more authentication failures; logname= uid=0 euid=0 tty=ssh ruser= rhost=218.65.30.30  user=root
Jan  9 06:47:02 do sshd[16897]: PAM service(sshd) ignoring max retries; 6 > 3
Jan  9 06:47:03 do sshd[16899]: Received disconnect from 221.229.162.204 port 39194:11:  [preauth]
Jan  9 06:47:03 do sshd[16899]: Disconnected from 221.229.162.204 port 39194 [preauth]
Jan  9 06:47:05 do sshd[16901]: pam_unix(sshd:auth): authentication failure; logname= uid=0 euid=0 tty=ssh ruser= rhost=218.65.30.30  user=root
Jan  9 06:47:06 do sshd[16903]: pam_unix(sshd:auth): authentication failure; logname= uid=0 euid=0 tty=ssh ruser= rhost=202.109.143.120  user=root
Jan  9 06:47:07 do sshd[16901]: Failed password for root from 218.65.30.30 port 22950 ssh2
Jan  9 06:47:08 do sshd[16903]: Failed password for root from 202.109.143.120 port 3553 ssh2
Jan  9 06:47:09 do sshd[16903]: Failed password for root from 202.109.143.120 port 3553 ssh2
Jan  9 06:47:09 do sshd[16901]: Failed password for root from 218.65.30.30 port 22950 ssh2
Jan  9 06:47:11 do sshd[16903]: Failed password for root from 202.109.143.120 port 3553 ssh2
Jan  9 06:47:13 do sshd[16901]: Failed password for root from 218.65.30.30 port 22950 ssh2
Jan  9 06:47:14 do sshd[16903]: Failed password for root from 202.109.143.120 port 3553 ssh2
Jan  9 06:47:16 do sshd[16901]: Failed password for root from 218.65.30.30 port 22950 ssh2
Jan  9 06:47:16 do sshd[16903]: Failed password for root from 202.109.143.120 port 3553 ssh2
Jan  9 06:47:16 do sshd[16903]: Connection reset by 202.109.143.120 port 3553 [preauth]
Jan  9 06:47:16 do sshd[16903]: PAM 4 more authentication failures; logname= uid=0 euid=0 tty=ssh ruser= rhost=202.109.143.120  user=root
Jan  9 06:47:16 do sshd[16903]: PAM service(sshd) ignoring max retries; 5 > 3
Jan  9 06:47:18 do sshd[16901]: Failed password for root from 218.65.30.30 port 22950 ssh2
Jan  9 06:47:21 do sshd[16901]: Failed password for root from 218.65.30.30 port 22950 ssh2
Jan  9 06:47:21 do sshd[16901]: error: maximum authentication attempts exceeded for root from 218.65.30.30 port 22950 ssh2 [preauth]
Jan  9 06:47:21 do sshd[16901]: Disconnecting: Too many authentication failures [preauth]
Jan  9 06:47:21 do sshd[16901]: PAM 5 more authentication failures; logname= uid=0 euid=0 tty=ssh ruser= rhost=218.65.30.30  user=root
Jan  9 06:47:21 do sshd[16901]: PAM service(sshd) ignoring max retries; 6 > 3
Jan  9 06:47:21 do sshd[16906]: pam_unix(sshd:auth): authentication failure; logname= uid=0 euid=0 tty=ssh ruser= rhost=202.109.143.120  user=root
Jan  9 06:47:23 do sshd[16906]: Failed password for root from 202.109.143.120 port 3576 ssh2
Jan  9 06:47:24 do sshd[16908]: pam_unix(sshd:auth): authentication failure; logname= uid=0 euid=0 tty=ssh ruser= rhost=218.65.30.30  user=root
Jan  9 06:47:26 do sshd[16906]: Failed password for root from 202.109.143.120 port 3576 ssh2
Jan  9 06:47:26 do sshd[16908]: Failed password for root from 218.65.30.30 port 51810 ssh2
Jan  9 06:47:29 do sshd[16908]: Failed password for root from 218.65.30.30 port 51810 ssh2
Jan  9 06:47:29 do sshd[16910]: Received disconnect from 221.229.162.204 port 63696:11:  [preauth]
Jan  9 06:47:29 do sshd[16910]: Disconnected from 221.229.162.204 port 63696 [preauth]
Jan  9 06:47:32 do sshd[16908]: Failed password for root from 218.65.30.30 port 51810 ssh2
Jan  9 06:47:32 do sshd[16906]: Failed password for root from 202.109.143.120 port 3576 ssh2
Jan  9 06:47:34 do sshd[16908]: Failed password for root from 218.65.30.30 port 51810 ssh2
Jan  9 06:47:34 do sshd[16906]: Failed password for root from 202.109.143.120 port 3576 ssh2
Jan  9 06:47:36 do sshd[16908]: Failed password for root from 218.65.30.30 port 51810 ssh2
Jan  9 06:47:37 do sshd[16906]: Failed password for root from 202.109.143.120 port 3576 ssh2
Jan  9 06:47:37 do sshd[16906]: Connection reset by 202.109.143.120 port 3576 [preauth]
Jan  9 06:47:37 do sshd[16906]: PAM 4 more authentication failures; logname= uid=0 euid=0 tty=ssh ruser= rhost=202.109.143.120  user=root
Jan  9 06:47:37 do sshd[16906]: PAM service(sshd) ignoring max retries; 5 > 3
Jan  9 06:47:39 do sshd[16913]: pam_unix(sshd:auth): authentication failure; logname= uid=0 euid=0 tty=ssh ruser= rhost=202.109.143.120  user=root
Jan  9 06:47:40 do sshd[16908]: Failed password for root from 218.65.30.30 port 51810 ssh2
Jan  9 06:47:40 do sshd[16908]: error: maximum authentication attempts exceeded for root from 218.65.30.30 port 51810 ssh2 [preauth]
Jan  9 06:47:40 do sshd[16908]: Disconnecting: Too many authentication failures [preauth]
Jan  9 06:47:40 do sshd[16908]: PAM 5 more authentication failures; logname= uid=0 euid=0 tty=ssh ruser= rhost=218.65.30.30  user=root
Jan  9 06:47:40 do sshd[16908]: PAM service(sshd) ignoring max retries; 6 > 3
Jan  9 06:47:41 do sshd[16913]: Failed password for root from 202.109.143.120 port 3536 ssh2
Jan  9 06:47:42 do sshd[16915]: pam_unix(sshd:auth): authentication failure; logname= uid=0 euid=0 tty=ssh ruser= rhost=218.65.30.30  user=root
Jan  9 06:47:43 do sshd[16913]: Failed password for root from 202.109.143.120 port 3536 ssh2
Jan  9 06:47:44 do sshd[16915]: Failed password for root from 218.65.30.30 port 14769 ssh2
Jan  9 06:47:45 do sshd[16913]: Failed password for root from 202.109.143.120 port 3536 ssh2
Jan  9 06:47:47 do sshd[16915]: Failed password for root from 218.65.30.30 port 14769 ssh2
Jan  9 06:47:47 do sshd[16913]: Failed password for root from 202.109.143.120 port 3536 ssh2
Jan  9 06:47:50 do sshd[16913]: Failed password for root from 202.109.143.120 port 3536 ssh2
Jan  9 06:47:50 do sshd[16915]: Failed password for root from 218.65.30.30 port 14769 ssh2
Jan  9 06:47:50 do sshd[16913]: Connection reset by 202.109.143.120 port 3536 [preauth]
Jan  9 06:47:50 do sshd[16913]: PAM 4 more authentication failures; logname= uid=0 euid=0 tty=ssh ruser= rhost=202.109.143.120  user=root
Jan  9 06:47:50 do sshd[16913]: PAM service(sshd) ignoring max retries; 5 > 3
Jan  9 06:47:51 do sshd[16919]: pam_unix(sshd:auth): authentication failure; logname= uid=0 euid=0 tty=ssh ruser= rhost=202.109.143.120  user=root
Jan  9 06:47:52 do sshd[16915]: Failed password for root from 218.65.30.30 port 14769 ssh2
Jan  9 06:47:53 do sshd[16919]: Failed password for root from 202.109.143.120 port 4474 ssh2
Jan  9 06:47:53 do sshd[16921]: Connection closed by 54.64.73.96 port 46392 [preauth]
Jan  9 06:47:54 do sshd[16917]: Received disconnect from 221.229.162.204 port 12005:11:  [preauth]
Jan  9 06:47:54 do sshd[16917]: Disconnected from 221.229.162.204 port 12005 [preauth]
Jan  9 06:47:55 do sshd[16915]: Failed password for root from 218.65.30.30 port 14769 ssh2
Jan  9 06:47:55 do sshd[16919]: Failed password for root from 202.109.143.120 port 4474 ssh2
Jan  9 06:47:57 do sshd[16919]: Failed password for root from 202.109.143.120 port 4474 ssh2
Jan  9 06:47:57 do sshd[16915]: Failed password for root from 218.65.30.30 port 14769 ssh2
Jan  9 06:47:57 do sshd[16915]: error: maximum authentication attempts exceeded for root from 218.65.30.30 port 14769 ssh2 [preauth]
Jan  9 06:47:57 do sshd[16915]: Disconnecting: Too many authentication failures [preauth]
Jan  9 06:47:57 do sshd[16915]: PAM 5 more authentication failures; logname= uid=0 euid=0 tty=ssh ruser= rhost=218.65.30.30  user=root
Jan  9 06:47:57 do sshd[16915]: PAM service(sshd) ignoring max retries; 6 > 3
Jan  9 06:47:59 do sshd[16919]: Failed password for root from 202.109.143.120 port 4474 ssh2
Jan  9 06:48:00 do sshd[16923]: pam_unix(sshd:auth): authentication failure; logname= uid=0 euid=0 tty=ssh ruser= rhost=218.65.30.30  user=root
Jan  9 06:48:02 do sshd[16919]: Failed password for root from 202.109.143.120 port 4474 ssh2
Jan  9 06:48:02 do sshd[16923]: Failed password for root from 218.65.30.30 port 41533 ssh2
Jan  9 06:48:03 do sshd[16919]: Connection reset by 202.109.143.120 port 4474 [preauth]
Jan  9 06:48:03 do sshd[16919]: PAM 4 more authentication failures; logname= uid=0 euid=0 tty=ssh ruser= rhost=202.109.143.120  user=root
Jan  9 06:48:03 do sshd[16919]: PAM service(sshd) ignoring max retries; 5 > 3
Jan  9 06:48:05 do sshd[16923]: Failed password for root from 218.65.30.30 port 41533 ssh2
Jan  9 06:48:16 do sshd[16923]: message repeated 4 times: [ Failed password for root from 218.65.30.30 port 41533 ssh2]
Jan  9 06:48:16 do sshd[16923]: error: maximum authentication attempts exceeded for root from 218.65.30.30 port 41533 ssh2 [preauth]
Jan  9 06:48:16 do sshd[16923]: Disconnecting: Too many authentication failures [preauth]
Jan  9 06:48:16 do sshd[16923]: PAM 5 more authentication failures; logname= uid=0 euid=0 tty=ssh ruser= rhost=218.65.30.30  user=root
Jan  9 06:48:16 do sshd[16923]: PAM service(sshd) ignoring max retries; 6 > 3
Jan  9 06:48:20 do sshd[16928]: pam_unix(sshd:auth): authentication failure; logname= uid=0 euid=0 tty=ssh ruser= rhost=218.65.30.30  user=root
Jan  9 06:48:20 do sshd[16926]: Received disconnect from 221.229.162.204 port 44265:11:  [preauth]
Jan  9 06:48:20 do sshd[16926]: Disconnected from 221.229.162.204 port 44265 [preauth]
Jan  9 06:48:21 do sshd[16928]: Failed password for root from 218.65.30.30 port 4218 ssh2
Jan  9 06:48:35 do sshd[16928]: message repeated 5 times: [ Failed password for root from 218.65.30.30 port 4218 ssh2]
Jan  9 06:48:35 do sshd[16928]: error: maximum authentication attempts exceeded for root from 218.65.30.30 port 4218 ssh2 [preauth]
Jan  9 06:48:35 do sshd[16928]: Disconnecting: Too many authentication failures [preauth]
Jan  9 06:48:35 do sshd[16928]: PAM 5 more authentication failures; logname= uid=0 euid=0 tty=ssh ruser= rhost=218.65.30.30  user=root
Jan  9 06:48:35 do sshd[16928]: PAM service(sshd) ignoring max retries; 6 > 3
Jan  9 06:48:38 do sshd[16931]: pam_unix(sshd:auth): authentication failure; logname= uid=0 euid=0 tty=ssh ruser= rhost=218.65.30.30  user=root
Jan  9 06:48:39 do sshd[16931]: Failed password for root from 218.65.30.30 port 32480 ssh2
Jan  9 06:48:45 do sshd[16931]: message repeated 2 times: [ Failed password for root from 218.65.30.30 port 32480 ssh2]
Jan  9 06:48:47 do sshd[16933]: Received disconnect from 221.229.162.204 port 11822:11:  [preauth]
Jan  9 06:48:47 do sshd[16933]: Disconnected from 221.229.162.204 port 11822 [preauth]
Jan  9 06:48:47 do sshd[16931]: Failed password for root from 218.65.30.30 port 32480 ssh2
Jan  9 06:48:52 do sshd[16931]: message repeated 2 times: [ Failed password for root from 218.65.30.30 port 32480 ssh2]
Jan  9 06:48:52 do sshd[16931]: error: maximum authentication attempts exceeded for root from 218.65.30.30 port 32480 ssh2 [preauth]
Jan  9 06:48:52 do sshd[16931]: Disconnecting: Too many authentication failures [preauth]
Jan  9 06:48:52 do sshd[16931]: PAM 5 more authentication failures; logname= uid=0 euid=0 tty=ssh ruser= rhost=218.65.30.30  user=root
Jan  9 06:48:52 do sshd[16931]: PAM service(sshd) ignoring max retries; 6 > 3
Jan  9 06:48:55 do sshd[16935]: pam_unix(sshd:auth): authentication failure; logname= uid=0 euid=0 tty=ssh ruser= rhost=218.65.30.30  user=root
Jan  9 06:48:57 do sshd[16935]: Failed password for root from 218.65.30.30 port 58646 ssh2
Jan  9 06:49:10 do sshd[16935]: message repeated 5 times: [ Failed password for root from 218.65.30.30 port 58646 ssh2]
Jan  9 06:49:10 do sshd[16935]: error: maximum authentication attempts exceeded for root from 218.65.30.30 port 58646 ssh2 [preauth]
Jan  9 06:49:10 do sshd[16935]: Disconnecting: Too many authentication failures [preauth]
Jan  9 06:49:10 do sshd[16935]: PAM 5 more authentication failures; logname= uid=0 euid=0 tty=ssh ruser= rhost=218.65.30.30  user=root
Jan  9 06:49:10 do sshd[16935]: PAM service(sshd) ignoring max retries; 6 > 3
Jan  9 06:49:13 do sshd[16940]: pam_unix(sshd:auth): authentication failure; logname= uid=0 euid=0 tty=ssh ruser= rhost=218.65.30.30  user=root
Jan  9 06:49:15 do sshd[16938]: Received disconnect from 221.229.162.204 port 43522:11:  [preauth]
Jan  9 06:49:15 do sshd[16938]: Disconnected from 221.229.162.204 port 43522 [preauth]
Jan  9 06:49:15 do sshd[16940]: Failed password for root from 218.65.30.30 port 20339 ssh2
Jan  9 06:49:27 do sshd[16940]: message repeated 5 times: [ Failed password for root from 218.65.30.30 port 20339 ssh2]
Jan  9 06:49:27 do sshd[16940]: error: maximum authentication attempts exceeded for root from 218.65.30.30 port 20339 ssh2 [preauth]
Jan  9 06:49:27 do sshd[16940]: Disconnecting: Too many authentication failures [preauth]
Jan  9 06:49:27 do sshd[16940]: PAM 5 more authentication failures; logname= uid=0 euid=0 tty=ssh ruser= rhost=218.65.30.30  user=root
Jan  9 06:49:27 do sshd[16940]: PAM service(sshd) ignoring max retries; 6 > 3
Jan  9 06:49:32 do sshd[16942]: pam_unix(sshd:auth): authentication failure; logname= uid=0 euid=0 tty=ssh ruser= rhost=218.65.30.30  user=root
Jan  9 06:49:33 do sshd[16942]: Failed password for root from 218.65.30.30 port 46319 ssh2
Jan  9 06:49:39 do sshd[16942]: message repeated 2 times: [ Failed password for root from 218.65.30.30 port 46319 ssh2]
Jan  9 06:49:41 do sshd[16945]: Received disconnect from 221.229.162.204 port 12749:11:  [preauth]
Jan  9 06:49:41 do sshd[16945]: Disconnected from 221.229.162.204 port 12749 [preauth]
Jan  9 06:49:42 do sshd[16942]: Failed password for root from 218.65.30.30 port 46319 ssh2
Jan  9 06:49:43 do sshd[16947]: Connection closed by 54.64.73.96 port 50626 [preauth]
Jan  9 06:49:45 do sshd[16942]: Failed password for root from 218.65.30.30 port 46319 ssh2
Jan  9 06:49:48 do sshd[16942]: Failed password for root from 218.65.30.30 port 46319 ssh2
Jan  9 06:49:48 do sshd[16942]: error: maximum authentication attempts exceeded for root from 218.65.30.30 port 46319 ssh2 [preauth]
Jan  9 06:49:48 do sshd[16942]: Disconnecting: Too many authentication failures [preauth]
Jan  9 06:49:48 do sshd[16942]: PAM 5 more authentication failures; logname= uid=0 euid=0 tty=ssh ruser= rhost=218.65.30.30  user=root
Jan  9 06:49:48 do sshd[16942]: PAM service(sshd) ignoring max retries; 6 > 3
Jan  9 06:49:51 do sshd[16949]: pam_unix(sshd:auth): authentication failure; logname= uid=0 euid=0 tty=ssh ruser= rhost=218.65.30.30  user=root
Jan  9 06:49:52 do sshd[16949]: Failed password for root from 218.65.30.30 port 11868 ssh2
Jan  9 06:50:06 do sshd[16949]: message repeated 5 times: [ Failed password for root from 218.65.30.30 port 11868 ssh2]
Jan  9 06:50:06 do sshd[16949]: error: maximum authentication attempts exceeded for root from 218.65.30.30 port 11868 ssh2 [preauth]
Jan  9 06:50:06 do sshd[16949]: Disconnecting: Too many authentication failures [preauth]
Jan  9 06:50:06 do sshd[16949]: PAM 5 more authentication failures; logname= uid=0 euid=0 tty=ssh ruser= rhost=218.65.30.30  user=root
Jan  9 06:50:06 do sshd[16949]: PAM service(sshd) ignoring max retries; 6 > 3
Jan  9 06:50:09 do sshd[16951]: Received disconnect from 221.229.162.204 port 36059:11:  [preauth]
Jan  9 06:50:09 do sshd[16951]: Disconnected from 221.229.162.204 port 36059 [preauth]
Jan  9 06:50:09 do sshd[16954]: pam_unix(sshd:auth): authentication failure; logname= uid=0 euid=0 tty=ssh ruser= rhost=218.65.30.30  user=root
Jan  9 06:50:10 do sshd[16954]: Failed password for root from 218.65.30.30 port 38988 ssh2
Jan  9 06:50:16 do sshd[16954]: message repeated 2 times: [ Failed password for root from 218.65.30.30 port 38988 ssh2]
Jan  9 06:50:17 do sshd[16956]: pam_unix(sshd:auth): authentication failure; logname= uid=0 euid=0 tty=ssh ruser= rhost=202.109.143.120  user=root
Jan  9 06:50:19 do sshd[16954]: Failed password for root from 218.65.30.30 port 38988 ssh2
Jan  9 06:50:19 do sshd[16956]: Failed password for root from 202.109.143.120 port 1551 ssh2
Jan  9 06:50:21 do sshd[16956]: Failed password for root from 202.109.143.120 port 1551 ssh2
Jan  9 06:50:21 do sshd[16954]: Failed password for root from 218.65.30.30 port 38988 ssh2
Jan  9 06:50:23 do sshd[16956]: Failed password for root from 202.109.143.120 port 1551 ssh2
Jan  9 06:50:24 do sshd[16954]: Failed password for root from 218.65.30.30 port 38988 ssh2
Jan  9 06:50:24 do sshd[16954]: error: maximum authentication attempts exceeded for root from 218.65.30.30 port 38988 ssh2 [preauth]
Jan  9 06:50:24 do sshd[16954]: Disconnecting: Too many authentication failures [preauth]
Jan  9 06:50:24 do sshd[16954]: PAM 5 more authentication failures; logname= uid=0 euid=0 tty=ssh ruser= rhost=218.65.30.30  user=root
Jan  9 06:50:24 do sshd[16954]: PAM service(sshd) ignoring max retries; 6 > 3
Jan  9 06:50:25 do sshd[16956]: Failed password for root from 202.109.143.120 port 1551 ssh2
Jan  9 06:50:28 do sshd[16958]: pam_unix(sshd:auth): authentication failure; logname= uid=0 euid=0 tty=ssh ruser= rhost=218.65.30.30  user=root
Jan  9 06:50:28 do sshd[16956]: Failed password for root from 202.109.143.120 port 1551 ssh2
Jan  9 06:50:28 do sshd[16956]: Connection reset by 202.109.143.120 port 1551 [preauth]
Jan  9 06:50:28 do sshd[16956]: PAM 4 more authentication failures; logname= uid=0 euid=0 tty=ssh ruser= rhost=202.109.143.120  user=root
Jan  9 06:50:28 do sshd[16956]: PAM service(sshd) ignoring max retries; 5 > 3
Jan  9 06:50:29 do sshd[16958]: Failed password for root from 218.65.30.30 port 65355 ssh2
Jan  9 06:50:30 do sshd[16960]: pam_unix(sshd:auth): authentication failure; logname= uid=0 euid=0 tty=ssh ruser= rhost=202.109.143.120  user=root
Jan  9 06:50:32 do sshd[16960]: Failed password for root from 202.109.143.120 port 4700 ssh2
Jan  9 06:50:32 do sshd[16958]: Failed password for root from 218.65.30.30 port 65355 ssh2
Jan  9 06:50:34 do sshd[16960]: Failed password for root from 202.109.143.120 port 4700 ssh2
Jan  9 06:50:34 do sshd[16958]: Failed password for root from 218.65.30.30 port 65355 ssh2
Jan  9 06:50:36 do sshd[16962]: Received disconnect from 221.229.162.204 port 64583:11:  [preauth]
Jan  9 06:50:36 do sshd[16962]: Disconnected from 221.229.162.204 port 64583 [preauth]
Jan  9 06:50:36 do sshd[16960]: Failed password for root from 202.109.143.120 port 4700 ssh2
Jan  9 06:50:37 do sshd[16958]: Failed password for root from 218.65.30.30 port 65355 ssh2
Jan  9 06:50:39 do sshd[16960]: Failed password for root from 202.109.143.120 port 4700 ssh2
Jan  9 06:50:39 do sshd[16958]: Failed password for root from 218.65.30.30 port 65355 ssh2
Jan  9 06:50:41 do sshd[16960]: Failed password for root from 202.109.143.120 port 4700 ssh2
Jan  9 06:50:41 do sshd[16960]: Connection reset by 202.109.143.120 port 4700 [preauth]
Jan  9 06:50:41 do sshd[16960]: PAM 4 more authentication failures; logname= uid=0 euid=0 tty=ssh ruser= rhost=202.109.143.120  user=root
Jan  9 06:50:41 do sshd[16960]: PAM service(sshd) ignoring max retries; 5 > 3
Jan  9 06:50:42 do sshd[16958]: Failed password for root from 218.65.30.30 port 65355 ssh2
Jan  9 06:50:42 do sshd[16958]: error: maximum authentication attempts exceeded for root from 218.65.30.30 port 65355 ssh2 [preauth]
Jan  9 06:50:42 do sshd[16958]: Disconnecting: Too many authentication failures [preauth]
Jan  9 06:50:42 do sshd[16958]: PAM 5 more authentication failures; logname= uid=0 euid=0 tty=ssh ruser= rhost=218.65.30.30  user=root
Jan  9 06:50:42 do sshd[16958]: PAM service(sshd) ignoring max retries; 6 > 3
Jan  9 06:50:45 do sshd[16965]: pam_unix(sshd:auth): authentication failure; logname= uid=0 euid=0 tty=ssh ruser= rhost=218.65.30.30  user=root
Jan  9 06:50:46 do sshd[16965]: Failed password for root from 218.65.30.30 port 26670 ssh2
Jan  9 06:51:00 do sshd[16965]: message repeated 5 times: [ Failed password for root from 218.65.30.30 port 26670 ssh2]
Jan  9 06:51:00 do sshd[16965]: error: maximum authentication attempts exceeded for root from 218.65.30.30 port 26670 ssh2 [preauth]
Jan  9 06:51:00 do sshd[16965]: Disconnecting: Too many authentication failures [preauth]
Jan  9 06:51:00 do sshd[16965]: PAM 5 more authentication failures; logname= uid=0 euid=0 tty=ssh ruser= rhost=218.65.30.30  user=root
Jan  9 06:51:00 do sshd[16965]: PAM service(sshd) ignoring max retries; 6 > 3
Jan  9 06:51:03 do sshd[16969]: pam_unix(sshd:auth): authentication failure; logname= uid=0 euid=0 tty=ssh ruser= rhost=218.65.30.30  user=root
Jan  9 06:51:04 do sshd[16967]: Received disconnect from 221.229.162.204 port 46580:11:  [preauth]
Jan  9 06:51:04 do sshd[16967]: Disconnected from 221.229.162.204 port 46580 [preauth]
Jan  9 06:51:05 do sshd[16969]: Failed password for root from 218.65.30.30 port 54067 ssh2
Jan  9 06:51:18 do sshd[16969]: message repeated 5 times: [ Failed password for root from 218.65.30.30 port 54067 ssh2]
Jan  9 06:51:18 do sshd[16969]: error: maximum authentication attempts exceeded for root from 218.65.30.30 port 54067 ssh2 [preauth]
Jan  9 06:51:18 do sshd[16969]: Disconnecting: Too many authentication failures [preauth]
Jan  9 06:51:18 do sshd[16969]: PAM 5 more authentication failures; logname= uid=0 euid=0 tty=ssh ruser= rhost=218.65.30.30  user=root
Jan  9 06:51:18 do sshd[16969]: PAM service(sshd) ignoring max retries; 6 > 3
Jan  9 06:51:21 do sshd[16972]: pam_unix(sshd:auth): authentication failure; logname= uid=0 euid=0 tty=ssh ruser= rhost=218.65.30.30  user=root
Jan  9 06:51:21 do sshd[16974]: pam_unix(sshd:auth): authentication failure; logname= uid=0 euid=0 tty=ssh ruser= rhost=202.109.143.120  user=root
Jan  9 06:51:23 do sshd[16972]: Failed password for root from 218.65.30.30 port 16230 ssh2
Jan  9 06:51:23 do sshd[16974]: Failed password for root from 202.109.143.120 port 2819 ssh2
Jan  9 06:51:26 do sshd[16974]: Failed password for root from 202.109.143.120 port 2819 ssh2
Jan  9 06:51:26 do sshd[16972]: Failed password for root from 218.65.30.30 port 16230 ssh2
Jan  9 06:51:29 do sshd[16976]: Received disconnect from 221.229.162.204 port 49768:11:  [preauth]
Jan  9 06:51:29 do sshd[16976]: Disconnected from 221.229.162.204 port 49768 [preauth]
Jan  9 06:51:29 do sshd[16974]: Failed password for root from 202.109.143.120 port 2819 ssh2
Jan  9 06:51:29 do sshd[16972]: Failed password for root from 218.65.30.30 port 16230 ssh2
Jan  9 06:51:31 do sshd[16974]: Failed password for root from 202.109.143.120 port 2819 ssh2
Jan  9 06:51:32 do sshd[16972]: Failed password for root from 218.65.30.30 port 16230 ssh2
Jan  9 06:51:32 do sshd[16978]: Connection closed by 54.64.73.96 port 54861 [preauth]
Jan  9 06:51:34 do sshd[16974]: Failed password for root from 202.109.143.120 port 2819 ssh2
Jan  9 06:51:34 do sshd[16974]: Connection reset by 202.109.143.120 port 2819 [preauth]
Jan  9 06:51:34 do sshd[16974]: PAM 4 more authentication failures; logname= uid=0 euid=0 tty=ssh ruser= rhost=202.109.143.120  user=root
Jan  9 06:51:34 do sshd[16974]: PAM service(sshd) ignoring max retries; 5 > 3
Jan  9 06:51:34 do sshd[16972]: Failed password for root from 218.65.30.30 port 16230 ssh2
Jan  9 06:51:36 do sshd[16980]: pam_unix(sshd:auth): authentication failure; logname= uid=0 euid=0 tty=ssh ruser= rhost=202.109.143.120  user=root
Jan  9 06:51:37 do sshd[16972]: Failed password for root from 218.65.30.30 port 16230 ssh2
Jan  9 06:51:37 do sshd[16972]: error: maximum authentication attempts exceeded for root from 218.65.30.30 port 16230 ssh2 [preauth]
Jan  9 06:51:37 do sshd[16972]: Disconnecting: Too many authentication failures [preauth]
Jan  9 06:51:37 do sshd[16972]: PAM 5 more authentication failures; logname= uid=0 euid=0 tty=ssh ruser= rhost=218.65.30.30  user=root
Jan  9 06:51:37 do sshd[16972]: PAM service(sshd) ignoring max retries; 6 > 3
Jan  9 06:51:38 do sshd[16980]: Failed password for root from 202.109.143.120 port 2819 ssh2
Jan  9 06:51:40 do sshd[16983]: pam_unix(sshd:auth): authentication failure; logname= uid=0 euid=0 tty=ssh ruser= rhost=218.65.30.30  user=root
Jan  9 06:51:40 do sshd[16980]: Failed password for root from 202.109.143.120 port 2819 ssh2
Jan  9 06:51:42 do sshd[16983]: Failed password for root from 218.65.30.30 port 44124 ssh2
Jan  9 06:51:42 do sshd[16980]: Failed password for root from 202.109.143.120 port 2819 ssh2
Jan  9 06:51:45 do sshd[16983]: Failed password for root from 218.65.30.30 port 44124 ssh2
Jan  9 06:51:45 do sshd[16980]: Failed password for root from 202.109.143.120 port 2819 ssh2
Jan  9 06:51:48 do sshd[16983]: Failed password for root from 218.65.30.30 port 44124 ssh2
Jan  9 06:51:48 do sshd[16980]: Failed password for root from 202.109.143.120 port 2819 ssh2
Jan  9 06:51:48 do sshd[16980]: Connection reset by 202.109.143.120 port 2819 [preauth]
Jan  9 06:51:48 do sshd[16980]: PAM 4 more authentication failures; logname= uid=0 euid=0 tty=ssh ruser= rhost=202.109.143.120  user=root
Jan  9 06:51:48 do sshd[16980]: PAM service(sshd) ignoring max retries; 5 > 3
Jan  9 06:51:50 do sshd[16985]: pam_unix(sshd:auth): authentication failure; logname= uid=0 euid=0 tty=ssh ruser= rhost=202.109.143.120  user=root
Jan  9 06:51:51 do sshd[16983]: Failed password for root from 218.65.30.30 port 44124 ssh2
Jan  9 06:51:52 do sshd[16985]: Failed password for root from 202.109.143.120 port 2819 ssh2
Jan  9 06:51:53 do sshd[16983]: Failed password for root from 218.65.30.30 port 44124 ssh2
Jan  9 06:51:54 do sshd[16985]: Failed password for root from 202.109.143.120 port 2819 ssh2
Jan  9 06:51:55 do sshd[16987]: Received disconnect from 221.229.162.204 port 22595:11:  [preauth]
Jan  9 06:51:55 do sshd[16987]: Disconnected from 221.229.162.204 port 22595 [preauth]
Jan  9 06:51:56 do sshd[16983]: Failed password for root from 218.65.30.30 port 44124 ssh2
Jan  9 06:51:56 do sshd[16983]: error: maximum authentication attempts exceeded for root from 218.65.30.30 port 44124 ssh2 [preauth]
Jan  9 06:51:56 do sshd[16983]: Disconnecting: Too many authentication failures [preauth]
Jan  9 06:51:56 do sshd[16983]: PAM 5 more authentication failures; logname= uid=0 euid=0 tty=ssh ruser= rhost=218.65.30.30  user=root
Jan  9 06:51:56 do sshd[16983]: PAM service(sshd) ignoring max retries; 6 > 3
Jan  9 06:51:57 do sshd[16985]: Failed password for root from 202.109.143.120 port 2819 ssh2
Jan  9 06:51:59 do sshd[16989]: pam_unix(sshd:auth): authentication failure; logname= uid=0 euid=0 tty=ssh ruser= rhost=218.65.30.30  user=root
Jan  9 06:52:00 do sshd[16985]: Failed password for root from 202.109.143.120 port 2819 ssh2
Jan  9 06:52:01 do sshd[16989]: Failed password for root from 218.65.30.30 port 7772 ssh2
Jan  9 06:52:02 do sshd[16985]: Failed password for root from 202.109.143.120 port 2819 ssh2
Jan  9 06:52:02 do sshd[16985]: Connection reset by 202.109.143.120 port 2819 [preauth]
Jan  9 06:52:02 do sshd[16985]: PAM 4 more authentication failures; logname= uid=0 euid=0 tty=ssh ruser= rhost=202.109.143.120  user=root
Jan  9 06:52:02 do sshd[16985]: PAM service(sshd) ignoring max retries; 5 > 3
Jan  9 06:52:04 do sshd[16989]: Failed password for root from 218.65.30.30 port 7772 ssh2
Jan  9 06:52:09 do sshd[16989]: message repeated 2 times: [ Failed password for root from 218.65.30.30 port 7772 ssh2]
Jan  9 06:52:09 do sshd[16992]: pam_unix(sshd:auth): authentication failure; logname= uid=0 euid=0 tty=ssh ruser= rhost=202.109.143.120  user=root
Jan  9 06:52:12 do sshd[16992]: Failed password for root from 202.109.143.120 port 4007 ssh2
Jan  9 06:52:12 do sshd[16989]: Failed password for root from 218.65.30.30 port 7772 ssh2
Jan  9 06:52:14 do sshd[16992]: Failed password for root from 202.109.143.120 port 4007 ssh2
Jan  9 06:52:15 do sshd[16989]: Failed password for root from 218.65.30.30 port 7772 ssh2
Jan  9 06:52:15 do sshd[16989]: error: maximum authentication attempts exceeded for root from 218.65.30.30 port 7772 ssh2 [preauth]
Jan  9 06:52:15 do sshd[16989]: Disconnecting: Too many authentication failures [preauth]
Jan  9 06:52:15 do sshd[16989]: PAM 5 more authentication failures; logname= uid=0 euid=0 tty=ssh ruser= rhost=218.65.30.30  user=root
Jan  9 06:52:15 do sshd[16989]: PAM service(sshd) ignoring max retries; 6 > 3
Jan  9 06:52:16 do sshd[16992]: Failed password for root from 202.109.143.120 port 4007 ssh2
Jan  9 06:52:18 do sshd[16994]: pam_unix(sshd:auth): authentication failure; logname= uid=0 euid=0 tty=ssh ruser= rhost=218.65.30.30  user=root
Jan  9 06:52:18 do sshd[16992]: Failed password for root from 202.109.143.120 port 4007 ssh2
Jan  9 06:52:21 do sshd[16994]: Failed password for root from 218.65.30.30 port 36366 ssh2
Jan  9 06:52:21 do sshd[16992]: Failed password for root from 202.109.143.120 port 4007 ssh2
Jan  9 06:52:21 do sshd[16992]: Connection reset by 202.109.143.120 port 4007 [preauth]
Jan  9 06:52:21 do sshd[16992]: PAM 4 more authentication failures; logname= uid=0 euid=0 tty=ssh ruser= rhost=202.109.143.120  user=root
Jan  9 06:52:21 do sshd[16992]: PAM service(sshd) ignoring max retries; 5 > 3
Jan  9 06:52:22 do sshd[16996]: Received disconnect from 221.229.162.204 port 53523:11:  [preauth]
Jan  9 06:52:22 do sshd[16996]: Disconnected from 221.229.162.204 port 53523 [preauth]
Jan  9 06:52:24 do sshd[16994]: Failed password for root from 218.65.30.30 port 36366 ssh2
Jan  9 06:52:36 do sshd[16994]: message repeated 4 times: [ Failed password for root from 218.65.30.30 port 36366 ssh2]
Jan  9 06:52:36 do sshd[16994]: error: maximum authentication attempts exceeded for root from 218.65.30.30 port 36366 ssh2 [preauth]
Jan  9 06:52:36 do sshd[16994]: Disconnecting: Too many authentication failures [preauth]
Jan  9 06:52:36 do sshd[16994]: PAM 5 more authentication failures; logname= uid=0 euid=0 tty=ssh ruser= rhost=218.65.30.30  user=root
Jan  9 06:52:36 do sshd[16994]: PAM service(sshd) ignoring max retries; 6 > 3
Jan  9 06:52:39 do sshd[16999]: pam_unix(sshd:auth): authentication failure; logname= uid=0 euid=0 tty=ssh ruser= rhost=218.65.30.30  user=root
Jan  9 06:52:42 do sshd[16999]: Failed password for root from 218.65.30.30 port 3368 ssh2
Jan  9 06:52:47 do sshd[16999]: message repeated 2 times: [ Failed password for root from 218.65.30.30 port 3368 ssh2]
Jan  9 06:52:49 do sshd[17001]: Received disconnect from 221.229.162.204 port 18400:11:  [preauth]
Jan  9 06:52:49 do sshd[17001]: Disconnected from 221.229.162.204 port 18400 [preauth]
Jan  9 06:52:50 do sshd[16999]: Failed password for root from 218.65.30.30 port 3368 ssh2
Jan  9 06:52:50 do sshd[17003]: pam_unix(sshd:auth): authentication failure; logname= uid=0 euid=0 tty=ssh ruser= rhost=202.109.143.120  user=root
Jan  9 06:52:52 do sshd[17003]: Failed password for root from 202.109.143.120 port 4871 ssh2
Jan  9 06:52:52 do sshd[16999]: Failed password for root from 218.65.30.30 port 3368 ssh2
Jan  9 06:52:55 do sshd[17003]: Failed password for root from 202.109.143.120 port 4871 ssh2
Jan  9 06:52:55 do sshd[16999]: Failed password for root from 218.65.30.30 port 3368 ssh2
Jan  9 06:52:55 do sshd[16999]: error: maximum authentication attempts exceeded for root from 218.65.30.30 port 3368 ssh2 [preauth]
Jan  9 06:52:55 do sshd[16999]: Disconnecting: Too many authentication failures [preauth]
Jan  9 06:52:55 do sshd[16999]: PAM 5 more authentication failures; logname= uid=0 euid=0 tty=ssh ruser= rhost=218.65.30.30  user=root
Jan  9 06:52:55 do sshd[16999]: PAM service(sshd) ignoring max retries; 6 > 3
Jan  9 06:52:57 do sshd[17003]: Failed password for root from 202.109.143.120 port 4871 ssh2
Jan  9 06:52:58 do sshd[17005]: pam_unix(sshd:auth): authentication failure; logname= uid=0 euid=0 tty=ssh ruser= rhost=218.65.30.30  user=root
Jan  9 06:52:59 do sshd[17003]: Failed password for root from 202.109.143.120 port 4871 ssh2
Jan  9 06:53:01 do sshd[17005]: Failed password for root from 218.65.30.30 port 31773 ssh2
Jan  9 06:53:02 do sshd[17003]: Failed password for root from 202.109.143.120 port 4871 ssh2
Jan  9 06:53:02 do sshd[17003]: Connection reset by 202.109.143.120 port 4871 [preauth]
Jan  9 06:53:02 do sshd[17003]: PAM 4 more authentication failures; logname= uid=0 euid=0 tty=ssh ruser= rhost=202.109.143.120  user=root
Jan  9 06:53:02 do sshd[17003]: PAM service(sshd) ignoring max retries; 5 > 3
Jan  9 06:53:04 do sshd[17005]: Failed password for root from 218.65.30.30 port 31773 ssh2
Jan  9 06:53:07 do sshd[17005]: Failed password for root from 218.65.30.30 port 31773 ssh2
Jan  9 06:53:10 do sshd[17008]: pam_unix(sshd:auth): authentication failure; logname= uid=0 euid=0 tty=ssh ruser= rhost=202.109.143.120  user=root
Jan  9 06:53:10 do sshd[17005]: Failed password for root from 218.65.30.30 port 31773 ssh2
Jan  9 06:53:11 do sshd[17008]: Failed password for root from 202.109.143.120 port 4258 ssh2
Jan  9 06:53:12 do sshd[17005]: Failed password for root from 218.65.30.30 port 31773 ssh2
Jan  9 06:53:14 do sshd[17008]: Failed password for root from 202.109.143.120 port 4258 ssh2
Jan  9 06:53:15 do sshd[17010]: Received disconnect from 221.229.162.204 port 43074:11:  [preauth]
Jan  9 06:53:15 do sshd[17010]: Disconnected from 221.229.162.204 port 43074 [preauth]
Jan  9 06:53:15 do sshd[17005]: Failed password for root from 218.65.30.30 port 31773 ssh2
Jan  9 06:53:15 do sshd[17005]: error: maximum authentication attempts exceeded for root from 218.65.30.30 port 31773 ssh2 [preauth]
Jan  9 06:53:15 do sshd[17005]: Disconnecting: Too many authentication failures [preauth]
Jan  9 06:53:15 do sshd[17005]: PAM 5 more authentication failures; logname= uid=0 euid=0 tty=ssh ruser= rhost=218.65.30.30  user=root
Jan  9 06:53:15 do sshd[17005]: PAM service(sshd) ignoring max retries; 6 > 3
Jan  9 06:53:16 do sshd[17008]: Failed password for root from 202.109.143.120 port 4258 ssh2
Jan  9 06:53:18 do sshd[17008]: Failed password for root from 202.109.143.120 port 4258 ssh2
Jan  9 06:53:19 do sshd[17012]: pam_unix(sshd:auth): authentication failure; logname= uid=0 euid=0 tty=ssh ruser= rhost=218.65.30.30  user=root
Jan  9 06:53:20 do sshd[17008]: Failed password for root from 202.109.143.120 port 4258 ssh2
Jan  9 06:53:21 do sshd[17008]: Connection reset by 202.109.143.120 port 4258 [preauth]
Jan  9 06:53:21 do sshd[17008]: PAM 4 more authentication failures; logname= uid=0 euid=0 tty=ssh ruser= rhost=202.109.143.120  user=root
Jan  9 06:53:21 do sshd[17008]: PAM service(sshd) ignoring max retries; 5 > 3
Jan  9 06:53:21 do sshd[17012]: Failed password for root from 218.65.30.30 port 61356 ssh2
Jan  9 06:53:22 do sshd[17016]: Connection closed by 54.64.73.96 port 59093 [preauth]
Jan  9 06:53:24 do sshd[17012]: Failed password for root from 218.65.30.30 port 61356 ssh2
Jan  9 06:53:25 do sshd[17014]: pam_unix(sshd:auth): authentication failure; logname= uid=0 euid=0 tty=ssh ruser= rhost=202.109.143.120  user=root
Jan  9 06:53:26 do sshd[17012]: Failed password for root from 218.65.30.30 port 61356 ssh2
Jan  9 06:53:27 do sshd[17014]: Failed password for root from 202.109.143.120 port 2935 ssh2
Jan  9 06:53:29 do sshd[17012]: Failed password for root from 218.65.30.30 port 61356 ssh2
Jan  9 06:53:30 do sshd[17014]: Failed password for root from 202.109.143.120 port 2935 ssh2
Jan  9 06:53:32 do sshd[17014]: Failed password for root from 202.109.143.120 port 2935 ssh2
Jan  9 06:53:32 do sshd[17012]: Failed password for root from 218.65.30.30 port 61356 ssh2
Jan  9 06:53:34 do sshd[17014]: Failed password for root from 202.109.143.120 port 2935 ssh2
Jan  9 06:53:34 do sshd[17012]: Failed password for root from 218.65.30.30 port 61356 ssh2
Jan  9 06:53:34 do sshd[17012]: error: maximum authentication attempts exceeded for root from 218.65.30.30 port 61356 ssh2 [preauth]
Jan  9 06:53:34 do sshd[17012]: Disconnecting: Too many authentication failures [preauth]
Jan  9 06:53:34 do sshd[17012]: PAM 5 more authentication failures; logname= uid=0 euid=0 tty=ssh ruser= rhost=218.65.30.30  user=root
Jan  9 06:53:34 do sshd[17012]: PAM service(sshd) ignoring max retries; 6 > 3
Jan  9 06:53:36 do sshd[17014]: Failed password for root from 202.109.143.120 port 2935 ssh2
Jan  9 06:53:36 do sshd[17014]: Connection reset by 202.109.143.120 port 2935 [preauth]
Jan  9 06:53:36 do sshd[17014]: PAM 4 more authentication failures; logname= uid=0 euid=0 tty=ssh ruser= rhost=202.109.143.120  user=root
Jan  9 06:53:36 do sshd[17014]: PAM service(sshd) ignoring max retries; 5 > 3
Jan  9 06:53:39 do sshd[17019]: pam_unix(sshd:auth): authentication failure; logname= uid=0 euid=0 tty=ssh ruser= rhost=218.65.30.30  user=root
Jan  9 06:53:41 do sshd[17019]: Failed password for root from 218.65.30.30 port 25525 ssh2
Jan  9 06:53:42 do sshd[17021]: Received disconnect from 221.229.162.204 port 10373:11:  [preauth]
Jan  9 06:53:42 do sshd[17021]: Disconnected from 221.229.162.204 port 10373 [preauth]
Jan  9 06:53:44 do sshd[17019]: Failed password for root from 218.65.30.30 port 25525 ssh2
Jan  9 06:53:55 do sshd[17019]: message repeated 4 times: [ Failed password for root from 218.65.30.30 port 25525 ssh2]
Jan  9 06:53:55 do sshd[17019]: error: maximum authentication attempts exceeded for root from 218.65.30.30 port 25525 ssh2 [preauth]
Jan  9 06:53:55 do sshd[17019]: Disconnecting: Too many authentication failures [preauth]
Jan  9 06:53:55 do sshd[17019]: PAM 5 more authentication failures; logname= uid=0 euid=0 tty=ssh ruser= rhost=218.65.30.30  user=root
Jan  9 06:53:55 do sshd[17019]: PAM service(sshd) ignoring max retries; 6 > 3
Jan  9 06:53:58 do sshd[17023]: pam_unix(sshd:auth): authentication failure; logname= uid=0 euid=0 tty=ssh ruser= rhost=218.65.30.30  user=root
Jan  9 06:54:00 do sshd[17023]: Failed password for root from 218.65.30.30 port 57344 ssh2
Jan  9 06:54:05 do sshd[17023]: message repeated 2 times: [ Failed password for root from 218.65.30.30 port 57344 ssh2]
Jan  9 06:54:08 do sshd[17025]: Received disconnect from 221.229.162.204 port 35455:11:  [preauth]
Jan  9 06:54:08 do sshd[17025]: Disconnected from 221.229.162.204 port 35455 [preauth]
Jan  9 06:54:08 do sshd[17023]: Failed password for root from 218.65.30.30 port 57344 ssh2
Jan  9 06:54:11 do sshd[17023]: Failed password for root from 218.65.30.30 port 57344 ssh2
Jan  9 06:54:14 do sshd[17028]: pam_unix(sshd:auth): authentication failure; logname= uid=0 euid=0 tty=ssh ruser= rhost=202.109.143.120  user=root
Jan  9 06:54:14 do sshd[17023]: Failed password for root from 218.65.30.30 port 57344 ssh2
Jan  9 06:54:14 do sshd[17023]: error: maximum authentication attempts exceeded for root from 218.65.30.30 port 57344 ssh2 [preauth]
Jan  9 06:54:14 do sshd[17023]: Disconnecting: Too many authentication failures [preauth]
Jan  9 06:54:14 do sshd[17023]: PAM 5 more authentication failures; logname= uid=0 euid=0 tty=ssh ruser= rhost=218.65.30.30  user=root
Jan  9 06:54:14 do sshd[17023]: PAM service(sshd) ignoring max retries; 6 > 3
Jan  9 06:54:15 do sshd[17028]: Failed password for root from 202.109.143.120 port 4664 ssh2
Jan  9 06:54:16 do sshd[17030]: pam_unix(sshd:auth): authentication failure; logname= uid=0 euid=0 tty=ssh ruser= rhost=218.65.30.30  user=root
Jan  9 06:54:18 do sshd[17028]: Failed password for root from 202.109.143.120 port 4664 ssh2
Jan  9 06:54:18 do sshd[17030]: Failed password for root from 218.65.30.30 port 20720 ssh2
Jan  9 06:54:20 do sshd[17028]: Failed password for root from 202.109.143.120 port 4664 ssh2
Jan  9 06:54:21 do sshd[17030]: Failed password for root from 218.65.30.30 port 20720 ssh2
Jan  9 06:54:22 do sshd[17028]: Failed password for root from 202.109.143.120 port 4664 ssh2
Jan  9 06:54:23 do sshd[17030]: Failed password for root from 218.65.30.30 port 20720 ssh2
Jan  9 06:54:23 do sshd[17028]: Failed password for root from 202.109.143.120 port 4664 ssh2
Jan  9 06:54:24 do sshd[17028]: Connection reset by 202.109.143.120 port 4664 [preauth]
Jan  9 06:54:24 do sshd[17028]: PAM 4 more authentication failures; logname= uid=0 euid=0 tty=ssh ruser= rhost=202.109.143.120  user=root
Jan  9 06:54:24 do sshd[17028]: PAM service(sshd) ignoring max retries; 5 > 3
Jan  9 06:54:26 do sshd[17030]: Failed password for root from 218.65.30.30 port 20720 ssh2
Jan  9 06:54:28 do sshd[17030]: Failed password for root from 218.65.30.30 port 20720 ssh2
Jan  9 06:54:28 do sshd[17032]: pam_unix(sshd:auth): authentication failure; logname= uid=0 euid=0 tty=ssh ruser= rhost=202.109.143.120  user=root
Jan  9 06:54:30 do sshd[17032]: Failed password for root from 202.109.143.120 port 2736 ssh2
Jan  9 06:54:31 do sshd[17030]: Failed password for root from 218.65.30.30 port 20720 ssh2
Jan  9 06:54:31 do sshd[17030]: error: maximum authentication attempts exceeded for root from 218.65.30.30 port 20720 ssh2 [preauth]
Jan  9 06:54:31 do sshd[17030]: Disconnecting: Too many authentication failures [preauth]
Jan  9 06:54:31 do sshd[17030]: PAM 5 more authentication failures; logname= uid=0 euid=0 tty=ssh ruser= rhost=218.65.30.30  user=root
Jan  9 06:54:31 do sshd[17030]: PAM service(sshd) ignoring max retries; 6 > 3
Jan  9 06:54:32 do sshd[17032]: Failed password for root from 202.109.143.120 port 2736 ssh2
Jan  9 06:54:33 do sshd[17034]: Received disconnect from 221.229.162.204 port 46379:11:  [preauth]
Jan  9 06:54:33 do sshd[17034]: Disconnected from 221.229.162.204 port 46379 [preauth]
Jan  9 06:54:34 do sshd[17032]: Failed password for root from 202.109.143.120 port 2736 ssh2
Jan  9 06:54:35 do sshd[17036]: pam_unix(sshd:auth): authentication failure; logname= uid=0 euid=0 tty=ssh ruser= rhost=218.65.30.30  user=root
Jan  9 06:54:37 do sshd[17036]: Failed password for root from 218.65.30.30 port 46528 ssh2
Jan  9 06:54:38 do sshd[17032]: Failed password for root from 202.109.143.120 port 2736 ssh2
Jan  9 06:54:40 do sshd[17036]: Failed password for root from 218.65.30.30 port 46528 ssh2
Jan  9 06:54:40 do sshd[17032]: Failed password for root from 202.109.143.120 port 2736 ssh2
Jan  9 06:54:40 do sshd[17032]: Connection reset by 202.109.143.120 port 2736 [preauth]
Jan  9 06:54:40 do sshd[17032]: PAM 4 more authentication failures; logname= uid=0 euid=0 tty=ssh ruser= rhost=202.109.143.120  user=root
Jan  9 06:54:40 do sshd[17032]: PAM service(sshd) ignoring max retries; 5 > 3
Jan  9 06:54:42 do sshd[17036]: Failed password for root from 218.65.30.30 port 46528 ssh2
Jan  9 06:54:45 do sshd[17039]: pam_unix(sshd:auth): authentication failure; logname= uid=0 euid=0 tty=ssh ruser= rhost=202.109.143.120  user=root
Jan  9 06:54:45 do sshd[17036]: Failed password for root from 218.65.30.30 port 46528 ssh2
Jan  9 06:54:46 do sshd[17039]: Failed password for root from 202.109.143.120 port 3804 ssh2
Jan  9 06:54:48 do sshd[17036]: Failed password for root from 218.65.30.30 port 46528 ssh2
Jan  9 06:54:48 do sshd[17039]: Failed password for root from 202.109.143.120 port 3804 ssh2
Jan  9 06:54:51 do sshd[17036]: Failed password for root from 218.65.30.30 port 46528 ssh2
Jan  9 06:54:51 do sshd[17036]: error: maximum authentication attempts exceeded for root from 218.65.30.30 port 46528 ssh2 [preauth]
Jan  9 06:54:51 do sshd[17036]: Disconnecting: Too many authentication failures [preauth]
Jan  9 06:54:51 do sshd[17036]: PAM 5 more authentication failures; logname= uid=0 euid=0 tty=ssh ruser= rhost=218.65.30.30  user=root
Jan  9 06:54:51 do sshd[17036]: PAM service(sshd) ignoring max retries; 6 > 3
Jan  9 06:54:51 do sshd[17039]: Failed password for root from 202.109.143.120 port 3804 ssh2
Jan  9 06:54:53 do sshd[17039]: Failed password for root from 202.109.143.120 port 3804 ssh2
Jan  9 06:54:54 do sshd[17041]: pam_unix(sshd:auth): authentication failure; logname= uid=0 euid=0 tty=ssh ruser= rhost=218.65.30.30  user=root
Jan  9 06:54:55 do sshd[17039]: Failed password for root from 202.109.143.120 port 3804 ssh2
Jan  9 06:54:55 do sshd[17039]: Connection reset by 202.109.143.120 port 3804 [preauth]
Jan  9 06:54:55 do sshd[17039]: PAM 4 more authentication failures; logname= uid=0 euid=0 tty=ssh ruser= rhost=202.109.143.120  user=root
Jan  9 06:54:55 do sshd[17039]: PAM service(sshd) ignoring max retries; 5 > 3
Jan  9 06:54:57 do sshd[17041]: Failed password for root from 218.65.30.30 port 12291 ssh2
Jan  9 06:54:59 do sshd[17041]: Failed password for root from 218.65.30.30 port 12291 ssh2
Jan  9 06:55:00 do sshd[17043]: Received disconnect from 221.229.162.204 port 19944:11:  [preauth]
Jan  9 06:55:00 do sshd[17043]: Disconnected from 221.229.162.204 port 19944 [preauth]
Jan  9 06:55:01 do CRON[17045]: pam_unix(cron:session): session opened for user root by (uid=0)
Jan  9 06:55:01 do CRON[17045]: pam_unix(cron:session): session closed for user root
Jan  9 06:55:02 do sshd[17041]: Failed password for root from 218.65.30.30 port 12291 ssh2
Jan  9 06:55:04 do sshd[17041]: Failed password for root from 218.65.30.30 port 12291 ssh2
Jan  9 06:55:05 do sshd[17048]: pam_unix(sshd:auth): authentication failure; logname= uid=0 euid=0 tty=ssh ruser= rhost=202.109.143.120  user=root
Jan  9 06:55:07 do sshd[17041]: Failed password for root from 218.65.30.30 port 12291 ssh2
Jan  9 06:55:07 do sshd[17048]: Failed password for root from 202.109.143.120 port 2471 ssh2
Jan  9 06:55:09 do sshd[17041]: Failed password for root from 218.65.30.30 port 12291 ssh2
Jan  9 06:55:09 do sshd[17041]: error: maximum authentication attempts exceeded for root from 218.65.30.30 port 12291 ssh2 [preauth]
Jan  9 06:55:09 do sshd[17041]: Disconnecting: Too many authentication failures [preauth]
Jan  9 06:55:09 do sshd[17041]: PAM 5 more authentication failures; logname= uid=0 euid=0 tty=ssh ruser= rhost=218.65.30.30  user=root
Jan  9 06:55:09 do sshd[17041]: PAM service(sshd) ignoring max retries; 6 > 3
Jan  9 06:55:09 do sshd[17048]: Failed password for root from 202.109.143.120 port 2471 ssh2
Jan  9 06:55:12 do sshd[17054]: Connection closed by 54.64.73.96 port 35095 [preauth]
Jan  9 06:55:12 do sshd[17048]: Failed password for root from 202.109.143.120 port 2471 ssh2
Jan  9 06:55:14 do sshd[17052]: pam_unix(sshd:auth): authentication failure; logname= uid=0 euid=0 tty=ssh ruser= rhost=218.65.30.30  user=root
Jan  9 06:55:14 do sshd[17048]: Failed password for root from 202.109.143.120 port 2471 ssh2
Jan  9 06:55:16 do sshd[17052]: Failed password for root from 218.65.30.30 port 39586 ssh2
Jan  9 06:55:16 do sshd[17048]: Failed password for root from 202.109.143.120 port 2471 ssh2
Jan  9 06:55:16 do sshd[17048]: Connection reset by 202.109.143.120 port 2471 [preauth]
Jan  9 06:55:16 do sshd[17048]: PAM 4 more authentication failures; logname= uid=0 euid=0 tty=ssh ruser= rhost=202.109.143.120  user=root
Jan  9 06:55:16 do sshd[17048]: PAM service(sshd) ignoring max retries; 5 > 3
Jan  9 06:55:18 do sshd[17052]: Failed password for root from 218.65.30.30 port 39586 ssh2
Jan  9 06:55:20 do sshd[17056]: pam_unix(sshd:auth): authentication failure; logname= uid=0 euid=0 tty=ssh ruser= rhost=202.109.143.120  user=root
Jan  9 06:55:21 do sshd[17052]: Failed password for root from 218.65.30.30 port 39586 ssh2
Jan  9 06:55:21 do sshd[17056]: Failed password for root from 202.109.143.120 port 4732 ssh2
Jan  9 06:55:24 do sshd[17056]: Failed password for root from 202.109.143.120 port 4732 ssh2
Jan  9 06:55:24 do sshd[17052]: Failed password for root from 218.65.30.30 port 39586 ssh2
Jan  9 06:55:26 do sshd[17056]: Failed password for root from 202.109.143.120 port 4732 ssh2
Jan  9 06:55:27 do sshd[17058]: Received disconnect from 221.229.162.204 port 44430:11:  [preauth]
Jan  9 06:55:27 do sshd[17058]: Disconnected from 221.229.162.204 port 44430 [preauth]
Jan  9 06:55:27 do sshd[17052]: Failed password for root from 218.65.30.30 port 39586 ssh2
Jan  9 06:55:28 do sshd[17056]: Failed password for root from 202.109.143.120 port 4732 ssh2
Jan  9 06:55:29 do sshd[17052]: Failed password for root from 218.65.30.30 port 39586 ssh2
Jan  9 06:55:29 do sshd[17052]: error: maximum authentication attempts exceeded for root from 218.65.30.30 port 39586 ssh2 [preauth]
Jan  9 06:55:29 do sshd[17052]: Disconnecting: Too many authentication failures [preauth]
Jan  9 06:55:29 do sshd[17052]: PAM 5 more authentication failures; logname= uid=0 euid=0 tty=ssh ruser= rhost=218.65.30.30  user=root
Jan  9 06:55:29 do sshd[17052]: PAM service(sshd) ignoring max retries; 6 > 3
Jan  9 06:55:30 do sshd[17056]: Failed password for root from 202.109.143.120 port 4732 ssh2
Jan  9 06:55:31 do sshd[17056]: Connection reset by 202.109.143.120 port 4732 [preauth]
Jan  9 06:55:31 do sshd[17056]: PAM 4 more authentication failures; logname= uid=0 euid=0 tty=ssh ruser= rhost=202.109.143.120  user=root
Jan  9 06:55:31 do sshd[17056]: PAM service(sshd) ignoring max retries; 5 > 3
Jan  9 06:55:32 do sshd[17060]: pam_unix(sshd:auth): authentication failure; logname= uid=0 euid=0 tty=ssh ruser= rhost=218.65.30.30  user=root
Jan  9 06:55:34 do sshd[17060]: Failed password for root from 218.65.30.30 port 6087 ssh2
Jan  9 06:55:47 do sshd[17060]: message repeated 5 times: [ Failed password for root from 218.65.30.30 port 6087 ssh2]
Jan  9 06:55:47 do sshd[17060]: error: maximum authentication attempts exceeded for root from 218.65.30.30 port 6087 ssh2 [preauth]
Jan  9 06:55:47 do sshd[17060]: Disconnecting: Too many authentication failures [preauth]
Jan  9 06:55:47 do sshd[17060]: PAM 5 more authentication failures; logname= uid=0 euid=0 tty=ssh ruser= rhost=218.65.30.30  user=root
Jan  9 06:55:47 do sshd[17060]: PAM service(sshd) ignoring max retries; 6 > 3
Jan  9 06:55:50 do sshd[17063]: pam_unix(sshd:auth): authentication failure; logname= uid=0 euid=0 tty=ssh ruser= rhost=218.65.30.30  user=root
