Jan  9 07:10:46 do sshd[17369]: PAM service(sshd) ignoring max retries; 5 > 3
Jan  9 07:10:47 do sshd[17372]: pam_unix(sshd:auth): authentication failure; logname= uid=0 euid=0 tty=ssh ruser= rhost=218.65.30.30  user=root
Jan  9 07:10:49 do sshd[17372]: Failed password for root from 218.65.30.30 port 8834 ssh2
Jan  9 07:10:57 do sshd[17372]: message repeated 3 times: [ Failed password for root from 218.65.30.30 port 8834 ssh2]
Jan  9 07:10:58 do sshd[17374]: Received disconnect from 221.229.162.204 port 64047:11:  [preauth]
Jan  9 07:10:58 do sshd[17374]: Disconnected from 221.229.162.204 port 64047 [preauth]
Jan  9 07:10:59 do sshd[17376]: pam_unix(sshd:auth): authentication failure; logname= uid=0 euid=0 tty=ssh ruser= rhost=202.109.143.120  user=root
Jan  9 07:11:00 do sshd[17372]: Failed password for root from 218.65.30.30 port 8834 ssh2
Jan  9 07:11:02 do sshd[17376]: Failed password for root from 202.109.143.120 port 2253 ssh2
Jan  9 07:11:03 do sshd[17372]: Failed password for root from 218.65.30.30 port 8834 ssh2
Jan  9 07:11:03 do sshd[17372]: error: maximum authentication attempts exceeded for root from 218.65.30.30 port 8834 ssh2 [preauth]
Jan  9 07:11:03 do sshd[17372]: Disconnecting: Too many authentication failures [preauth]
Jan  9 07:11:03 do sshd[17372]: PAM 5 more authentication failures; logname= uid=0 euid=0 tty=ssh ruser= rhost=218.65.30.30  user=root
Jan  9 07:11:03 do sshd[17372]: PAM service(sshd) ignoring max retries; 6 > 3
Jan  9 07:11:03 do sshd[17376]: Failed password for root from 202.109.143.120 port 2253 ssh2
Jan  9 07:11:06 do sshd[17378]: pam_unix(sshd:auth): authentication failure; logname= uid=0 euid=0 tty=ssh ruser= rhost=218.65.30.30  user=root
Jan  9 07:11:06 do sshd[17376]: Failed password for root from 202.109.143.120 port 2253 ssh2
Jan  9 07:11:08 do sshd[17378]: Failed password for root from 218.65.30.30 port 34990 ssh2
Jan  9 07:11:09 do sshd[17376]: Failed password for root from 202.109.143.120 port 2253 ssh2
Jan  9 07:11:10 do sshd[17378]: Failed password for root from 218.65.30.30 port 34990 ssh2
Jan  9 07:11:10 do sshd[17376]: Failed password for root from 202.109.143.120 port 2253 ssh2
Jan  9 07:11:11 do sshd[17376]: Connection reset by 202.109.143.120 port 2253 [preauth]
Jan  9 07:11:11 do sshd[17376]: PAM 4 more authentication failures; logname= uid=0 euid=0 tty=ssh ruser= rhost=202.109.143.120  user=root
Jan  9 07:11:11 do sshd[17376]: PAM service(sshd) ignoring max retries; 5 > 3
Jan  9 07:11:12 do sshd[17381]: pam_unix(sshd:auth): authentication failure; logname= uid=0 euid=0 tty=ssh ruser= rhost=202.109.143.120  user=root
Jan  9 07:11:14 do sshd[17378]: Failed password for root from 218.65.30.30 port 34990 ssh2
Jan  9 07:11:14 do sshd[17381]: Failed password for root from 202.109.143.120 port 2253 ssh2
Jan  9 07:11:16 do sshd[17378]: Failed password for root from 218.65.30.30 port 34990 ssh2
Jan  9 07:11:16 do sshd[17381]: Failed password for root from 202.109.143.120 port 2253 ssh2
Jan  9 07:11:19 do sshd[17381]: Failed password for root from 202.109.143.120 port 2253 ssh2
Jan  9 07:11:19 do sshd[17378]: Failed password for root from 218.65.30.30 port 34990 ssh2
Jan  9 07:11:21 do sshd[17381]: Failed password for root from 202.109.143.120 port 2253 ssh2
Jan  9 07:11:22 do sshd[17378]: Failed password for root from 218.65.30.30 port 34990 ssh2
Jan  9 07:11:22 do sshd[17378]: error: maximum authentication attempts exceeded for root from 218.65.30.30 port 34990 ssh2 [preauth]
Jan  9 07:11:22 do sshd[17378]: Disconnecting: Too many authentication failures [preauth]
Jan  9 07:11:22 do sshd[17378]: PAM 5 more authentication failures; logname= uid=0 euid=0 tty=ssh ruser= rhost=218.65.30.30  user=root
Jan  9 07:11:22 do sshd[17378]: PAM service(sshd) ignoring max retries; 6 > 3
Jan  9 07:11:23 do sshd[17381]: Failed password for root from 202.109.143.120 port 2253 ssh2
Jan  9 07:11:23 do sshd[17381]: Connection reset by 202.109.143.120 port 2253 [preauth]
Jan  9 07:11:23 do sshd[17381]: PAM 4 more authentication failures; logname= uid=0 euid=0 tty=ssh ruser= rhost=202.109.143.120  user=root
Jan  9 07:11:23 do sshd[17381]: PAM service(sshd) ignoring max retries; 5 > 3
Jan  9 07:11:24 do sshd[17383]: Received disconnect from 221.229.162.204 port 24512:11:  [preauth]
Jan  9 07:11:24 do sshd[17383]: Disconnected from 221.229.162.204 port 24512 [preauth]
Jan  9 07:11:25 do sshd[17385]: pam_unix(sshd:auth): authentication failure; logname= uid=0 euid=0 tty=ssh ruser= rhost=218.65.30.30  user=root
Jan  9 07:11:27 do sshd[17385]: Failed password for root from 218.65.30.30 port 62662 ssh2
Jan  9 07:11:39 do sshd[17385]: message repeated 4 times: [ Failed password for root from 218.65.30.30 port 62662 ssh2]
Jan  9 07:11:41 do sshd[17388]: Connection closed by 54.64.73.96 port 44968 [preauth]
Jan  9 07:11:41 do sshd[17385]: Failed password for root from 218.65.30.30 port 62662 ssh2
Jan  9 07:11:41 do sshd[17385]: error: maximum authentication attempts exceeded for root from 218.65.30.30 port 62662 ssh2 [preauth]
Jan  9 07:11:41 do sshd[17385]: Disconnecting: Too many authentication failures [preauth]
Jan  9 07:11:41 do sshd[17385]: PAM 5 more authentication failures; logname= uid=0 euid=0 tty=ssh ruser= rhost=218.65.30.30  user=root
Jan  9 07:11:41 do sshd[17385]: PAM service(sshd) ignoring max retries; 6 > 3
Jan  9 07:11:44 do sshd[17390]: pam_unix(sshd:auth): authentication failure; logname= uid=0 euid=0 tty=ssh ruser= rhost=218.65.30.30  user=root
Jan  9 07:11:46 do sshd[17390]: Failed password for root from 218.65.30.30 port 26846 ssh2
Jan  9 07:11:49 do sshd[17390]: Failed password for root from 218.65.30.30 port 26846 ssh2
Jan  9 07:11:50 do sshd[17392]: Received disconnect from 221.229.162.204 port 46454:11:  [preauth]
Jan  9 07:11:50 do sshd[17392]: Disconnected from 221.229.162.204 port 46454 [preauth]
Jan  9 07:11:52 do sshd[17390]: Failed password for root from 218.65.30.30 port 26846 ssh2
Jan  9 07:11:59 do sshd[17390]: message repeated 3 times: [ Failed password for root from 218.65.30.30 port 26846 ssh2]
Jan  9 07:11:59 do sshd[17390]: error: maximum authentication attempts exceeded for root from 218.65.30.30 port 26846 ssh2 [preauth]
Jan  9 07:11:59 do sshd[17390]: Disconnecting: Too many authentication failures [preauth]
Jan  9 07:11:59 do sshd[17390]: PAM 5 more authentication failures; logname= uid=0 euid=0 tty=ssh ruser= rhost=218.65.30.30  user=root
Jan  9 07:11:59 do sshd[17390]: PAM service(sshd) ignoring max retries; 6 > 3
Jan  9 07:12:02 do sshd[17394]: pam_unix(sshd:auth): authentication failure; logname= uid=0 euid=0 tty=ssh ruser= rhost=218.65.30.30  user=root
Jan  9 07:12:04 do sshd[17394]: Failed password for root from 218.65.30.30 port 52973 ssh2
Jan  9 07:12:07 do sshd[17396]: pam_unix(sshd:auth): authentication failure; logname= uid=0 euid=0 tty=ssh ruser= rhost=202.109.143.120  user=root
Jan  9 07:12:07 do sshd[17394]: Failed password for root from 218.65.30.30 port 52973 ssh2
Jan  9 07:12:08 do sshd[17396]: Failed password for root from 202.109.143.120 port 3439 ssh2
Jan  9 07:12:11 do sshd[17394]: Failed password for root from 218.65.30.30 port 52973 ssh2
Jan  9 07:12:11 do sshd[17396]: Failed password for root from 202.109.143.120 port 3439 ssh2
Jan  9 07:12:14 do sshd[17396]: Failed password for root from 202.109.143.120 port 3439 ssh2
Jan  9 07:12:14 do sshd[17394]: Failed password for root from 218.65.30.30 port 52973 ssh2
Jan  9 07:12:16 do sshd[17396]: Failed password for root from 202.109.143.120 port 3439 ssh2
Jan  9 07:12:16 do sshd[17399]: Received disconnect from 221.229.162.204 port 20749:11:  [preauth]
Jan  9 07:12:16 do sshd[17399]: Disconnected from 221.229.162.204 port 20749 [preauth]
Jan  9 07:12:16 do sshd[17394]: Failed password for root from 218.65.30.30 port 52973 ssh2
Jan  9 07:12:18 do sshd[17396]: Failed password for root from 202.109.143.120 port 3439 ssh2
Jan  9 07:12:18 do sshd[17396]: Connection reset by 202.109.143.120 port 3439 [preauth]
Jan  9 07:12:18 do sshd[17396]: PAM 4 more authentication failures; logname= uid=0 euid=0 tty=ssh ruser= rhost=202.109.143.120  user=root
Jan  9 07:12:18 do sshd[17396]: PAM service(sshd) ignoring max retries; 5 > 3
Jan  9 07:12:19 do sshd[17394]: Failed password for root from 218.65.30.30 port 52973 ssh2
Jan  9 07:12:19 do sshd[17394]: error: maximum authentication attempts exceeded for root from 218.65.30.30 port 52973 ssh2 [preauth]
Jan  9 07:12:19 do sshd[17394]: Disconnecting: Too many authentication failures [preauth]
Jan  9 07:12:19 do sshd[17394]: PAM 5 more authentication failures; logname= uid=0 euid=0 tty=ssh ruser= rhost=218.65.30.30  user=root
Jan  9 07:12:19 do sshd[17394]: PAM service(sshd) ignoring max retries; 6 > 3
Jan  9 07:12:19 do sshd[17401]: pam_unix(sshd:auth): authentication failure; logname= uid=0 euid=0 tty=ssh ruser= rhost=202.109.143.120  user=root
Jan  9 07:12:21 do sshd[17401]: Failed password for root from 202.109.143.120 port 3603 ssh2
Jan  9 07:12:22 do sshd[17403]: pam_unix(sshd:auth): authentication failure; logname= uid=0 euid=0 tty=ssh ruser= rhost=218.65.30.30  user=root
Jan  9 07:12:23 do sshd[17401]: Failed password for root from 202.109.143.120 port 3603 ssh2
Jan  9 07:12:24 do sshd[17403]: Failed password for root from 218.65.30.30 port 18139 ssh2
Jan  9 07:12:26 do sshd[17401]: Failed password for root from 202.109.143.120 port 3603 ssh2
Jan  9 07:12:27 do sshd[17403]: Failed password for root from 218.65.30.30 port 18139 ssh2
Jan  9 07:12:28 do sshd[17401]: Failed password for root from 202.109.143.120 port 3603 ssh2
Jan  9 07:12:29 do sshd[17403]: Failed password for root from 218.65.30.30 port 18139 ssh2
Jan  9 07:12:30 do sshd[17401]: Failed password for root from 202.109.143.120 port 3603 ssh2
Jan  9 07:12:30 do sshd[17401]: Connection reset by 202.109.143.120 port 3603 [preauth]
Jan  9 07:12:30 do sshd[17401]: PAM 4 more authentication failures; logname= uid=0 euid=0 tty=ssh ruser= rhost=202.109.143.120  user=root
Jan  9 07:12:30 do sshd[17401]: PAM service(sshd) ignoring max retries; 5 > 3
Jan  9 07:12:32 do sshd[17403]: Failed password for root from 218.65.30.30 port 18139 ssh2
Jan  9 07:12:38 do sshd[17403]: message repeated 2 times: [ Failed password for root from 218.65.30.30 port 18139 ssh2]
Jan  9 07:12:38 do sshd[17403]: error: maximum authentication attempts exceeded for root from 218.65.30.30 port 18139 ssh2 [preauth]
Jan  9 07:12:38 do sshd[17403]: Disconnecting: Too many authentication failures [preauth]
Jan  9 07:12:38 do sshd[17403]: PAM 5 more authentication failures; logname= uid=0 euid=0 tty=ssh ruser= rhost=218.65.30.30  user=root
Jan  9 07:12:38 do sshd[17403]: PAM service(sshd) ignoring max retries; 6 > 3
Jan  9 07:12:41 do sshd[17408]: pam_unix(sshd:auth): authentication failure; logname= uid=0 euid=0 tty=ssh ruser= rhost=218.65.30.30  user=root
Jan  9 07:12:43 do sshd[17408]: Failed password for root from 218.65.30.30 port 45761 ssh2
Jan  9 07:12:43 do sshd[17406]: Received disconnect from 221.229.162.204 port 53959:11:  [preauth]
Jan  9 07:12:43 do sshd[17406]: Disconnected from 221.229.162.204 port 53959 [preauth]
Jan  9 07:12:46 do sshd[17408]: Failed password for root from 218.65.30.30 port 45761 ssh2
Jan  9 07:12:49 do sshd[17408]: Failed password for root from 218.65.30.30 port 45761 ssh2
Jan  9 07:12:50 do sshd[17410]: pam_unix(sshd:auth): authentication failure; logname= uid=0 euid=0 tty=ssh ruser= rhost=202.109.143.120  user=root
Jan  9 07:12:51 do sshd[17408]: Failed password for root from 218.65.30.30 port 45761 ssh2
Jan  9 07:12:52 do sshd[17410]: Failed password for root from 202.109.143.120 port 3913 ssh2
Jan  9 07:12:54 do sshd[17408]: Failed password for root from 218.65.30.30 port 45761 ssh2
Jan  9 07:12:54 do sshd[17410]: Failed password for root from 202.109.143.120 port 3913 ssh2
Jan  9 07:12:56 do sshd[17408]: Failed password for root from 218.65.30.30 port 45761 ssh2
Jan  9 07:12:56 do sshd[17408]: error: maximum authentication attempts exceeded for root from 218.65.30.30 port 45761 ssh2 [preauth]
Jan  9 07:12:56 do sshd[17408]: Disconnecting: Too many authentication failures [preauth]
Jan  9 07:12:56 do sshd[17408]: PAM 5 more authentication failures; logname= uid=0 euid=0 tty=ssh ruser= rhost=218.65.30.30  user=root
Jan  9 07:12:56 do sshd[17408]: PAM service(sshd) ignoring max retries; 6 > 3
Jan  9 07:12:57 do sshd[17410]: Failed password for root from 202.109.143.120 port 3913 ssh2
Jan  9 07:13:00 do sshd[17412]: pam_unix(sshd:auth): authentication failure; logname= uid=0 euid=0 tty=ssh ruser= rhost=218.65.30.30  user=root
Jan  9 07:13:00 do sshd[17410]: Failed password for root from 202.109.143.120 port 3913 ssh2
Jan  9 07:13:02 do sshd[17412]: Failed password for root from 218.65.30.30 port 8809 ssh2
Jan  9 07:13:02 do sshd[17410]: Failed password for root from 202.109.143.120 port 3913 ssh2
Jan  9 07:13:03 do sshd[17410]: Connection reset by 202.109.143.120 port 3913 [preauth]
Jan  9 07:13:03 do sshd[17410]: PAM 4 more authentication failures; logname= uid=0 euid=0 tty=ssh ruser= rhost=202.109.143.120  user=root
Jan  9 07:13:03 do sshd[17410]: PAM service(sshd) ignoring max retries; 5 > 3
Jan  9 07:13:04 do sshd[17414]: pam_unix(sshd:auth): authentication failure; logname= uid=0 euid=0 tty=ssh ruser= rhost=202.109.143.120  user=root
Jan  9 07:13:04 do sshd[17412]: Failed password for root from 218.65.30.30 port 8809 ssh2
Jan  9 07:13:06 do sshd[17414]: Failed password for root from 202.109.143.120 port 4350 ssh2
Jan  9 07:13:07 do sshd[17412]: Failed password for root from 218.65.30.30 port 8809 ssh2
Jan  9 07:13:09 do sshd[17414]: Failed password for root from 202.109.143.120 port 4350 ssh2
Jan  9 07:13:09 do sshd[17416]: Received disconnect from 221.229.162.204 port 23130:11:  [preauth]
Jan  9 07:13:09 do sshd[17416]: Disconnected from 221.229.162.204 port 23130 [preauth]
Jan  9 07:13:10 do sshd[17412]: Failed password for root from 218.65.30.30 port 8809 ssh2
Jan  9 07:13:11 do sshd[17414]: Failed password for root from 202.109.143.120 port 4350 ssh2
Jan  9 07:13:12 do sshd[17412]: Failed password for root from 218.65.30.30 port 8809 ssh2
Jan  9 07:13:14 do sshd[17414]: Failed password for root from 202.109.143.120 port 4350 ssh2
Jan  9 07:13:15 do sshd[17412]: Failed password for root from 218.65.30.30 port 8809 ssh2
Jan  9 07:13:15 do sshd[17412]: error: maximum authentication attempts exceeded for root from 218.65.30.30 port 8809 ssh2 [preauth]
Jan  9 07:13:15 do sshd[17412]: Disconnecting: Too many authentication failures [preauth]
Jan  9 07:13:15 do sshd[17412]: PAM 5 more authentication failures; logname= uid=0 euid=0 tty=ssh ruser= rhost=218.65.30.30  user=root
Jan  9 07:13:15 do sshd[17412]: PAM service(sshd) ignoring max retries; 6 > 3
Jan  9 07:13:16 do sshd[17414]: Failed password for root from 202.109.143.120 port 4350 ssh2
Jan  9 07:13:16 do sshd[17414]: Connection reset by 202.109.143.120 port 4350 [preauth]
Jan  9 07:13:16 do sshd[17414]: PAM 4 more authentication failures; logname= uid=0 euid=0 tty=ssh ruser= rhost=202.109.143.120  user=root
Jan  9 07:13:16 do sshd[17414]: PAM service(sshd) ignoring max retries; 5 > 3
Jan  9 07:13:18 do sshd[17421]: pam_unix(sshd:auth): authentication failure; logname= uid=0 euid=0 tty=ssh ruser= rhost=202.109.143.120  user=root
Jan  9 07:13:18 do sshd[17419]: pam_unix(sshd:auth): authentication failure; logname= uid=0 euid=0 tty=ssh ruser= rhost=218.65.30.30  user=root
Jan  9 07:13:21 do sshd[17421]: Failed password for root from 202.109.143.120 port 3110 ssh2
Jan  9 07:13:21 do sshd[17419]: Failed password for root from 218.65.30.30 port 36898 ssh2
Jan  9 07:13:23 do sshd[17421]: Failed password for root from 202.109.143.120 port 3110 ssh2
Jan  9 07:13:24 do sshd[17419]: Failed password for root from 218.65.30.30 port 36898 ssh2
Jan  9 07:13:26 do sshd[17421]: Failed password for root from 202.109.143.120 port 3110 ssh2
Jan  9 07:13:27 do sshd[17419]: Failed password for root from 218.65.30.30 port 36898 ssh2
Jan  9 07:13:28 do sshd[17421]: Failed password for root from 202.109.143.120 port 3110 ssh2
Jan  9 07:13:29 do sshd[17419]: Failed password for root from 218.65.30.30 port 36898 ssh2
Jan  9 07:13:30 do sshd[17421]: Failed password for root from 202.109.143.120 port 3110 ssh2
Jan  9 07:13:30 do sshd[17421]: Connection reset by 202.109.143.120 port 3110 [preauth]
Jan  9 07:13:30 do sshd[17421]: PAM 4 more authentication failures; logname= uid=0 euid=0 tty=ssh ruser= rhost=202.109.143.120  user=root
Jan  9 07:13:30 do sshd[17421]: PAM service(sshd) ignoring max retries; 5 > 3
Jan  9 07:13:31 do sshd[17427]: Connection closed by 54.64.73.96 port 49202 [preauth]
Jan  9 07:13:31 do sshd[17425]: pam_unix(sshd:auth): authentication failure; logname= uid=0 euid=0 tty=ssh ruser= rhost=202.109.143.120  user=root
Jan  9 07:13:33 do sshd[17425]: Failed password for root from 202.109.143.120 port 3727 ssh2
Jan  9 07:13:34 do sshd[17419]: Failed password for root from 218.65.30.30 port 36898 ssh2
Jan  9 07:13:34 do sshd[17423]: Received disconnect from 221.229.162.204 port 31880:11:  [preauth]
Jan  9 07:13:34 do sshd[17423]: Disconnected from 221.229.162.204 port 31880 [preauth]
Jan  9 07:13:36 do sshd[17425]: Failed password for root from 202.109.143.120 port 3727 ssh2
Jan  9 07:13:37 do sshd[17419]: Failed password for root from 218.65.30.30 port 36898 ssh2
Jan  9 07:13:37 do sshd[17419]: error: maximum authentication attempts exceeded for root from 218.65.30.30 port 36898 ssh2 [preauth]
Jan  9 07:13:37 do sshd[17419]: Disconnecting: Too many authentication failures [preauth]
Jan  9 07:13:37 do sshd[17419]: PAM 5 more authentication failures; logname= uid=0 euid=0 tty=ssh ruser= rhost=218.65.30.30  user=root
Jan  9 07:13:37 do sshd[17419]: PAM service(sshd) ignoring max retries; 6 > 3
Jan  9 07:13:38 do sshd[17425]: Failed password for root from 202.109.143.120 port 3727 ssh2
Jan  9 07:13:39 do sshd[17430]: pam_unix(sshd:auth): authentication failure; logname= uid=0 euid=0 tty=ssh ruser= rhost=218.65.30.30  user=root
Jan  9 07:13:40 do sshd[17425]: Failed password for root from 202.109.143.120 port 3727 ssh2
Jan  9 07:13:41 do sshd[17430]: Failed password for root from 218.65.30.30 port 5425 ssh2
Jan  9 07:13:41 do sshd[17425]: Failed password for root from 202.109.143.120 port 3727 ssh2
Jan  9 07:13:42 do sshd[17425]: Connection reset by 202.109.143.120 port 3727 [preauth]
Jan  9 07:13:42 do sshd[17425]: PAM 4 more authentication failures; logname= uid=0 euid=0 tty=ssh ruser= rhost=202.109.143.120  user=root
Jan  9 07:13:42 do sshd[17425]: PAM service(sshd) ignoring max retries; 5 > 3
Jan  9 07:13:43 do sshd[17432]: pam_unix(sshd:auth): authentication failure; logname= uid=0 euid=0 tty=ssh ruser= rhost=202.109.143.120  user=root
Jan  9 07:13:44 do sshd[17432]: Failed password for root from 202.109.143.120 port 3527 ssh2
Jan  9 07:13:45 do sshd[17430]: Failed password for root from 218.65.30.30 port 5425 ssh2
Jan  9 07:13:47 do sshd[17432]: Failed password for root from 202.109.143.120 port 3527 ssh2
Jan  9 07:13:48 do sshd[17430]: Failed password for root from 218.65.30.30 port 5425 ssh2
Jan  9 07:13:49 do sshd[17432]: Failed password for root from 202.109.143.120 port 3527 ssh2
Jan  9 07:13:50 do sshd[17430]: Failed password for root from 218.65.30.30 port 5425 ssh2
Jan  9 07:13:51 do sshd[17432]: Failed password for root from 202.109.143.120 port 3527 ssh2
Jan  9 07:13:53 do sshd[17430]: Failed password for root from 218.65.30.30 port 5425 ssh2
Jan  9 07:13:53 do sshd[17432]: Failed password for root from 202.109.143.120 port 3527 ssh2
Jan  9 07:13:53 do sshd[17432]: Connection reset by 202.109.143.120 port 3527 [preauth]
Jan  9 07:13:53 do sshd[17432]: PAM 4 more authentication failures; logname= uid=0 euid=0 tty=ssh ruser= rhost=202.109.143.120  user=root
Jan  9 07:13:53 do sshd[17432]: PAM service(sshd) ignoring max retries; 5 > 3
Jan  9 07:13:56 do sshd[17430]: Failed password for root from 218.65.30.30 port 5425 ssh2
Jan  9 07:13:56 do sshd[17430]: error: maximum authentication attempts exceeded for root from 218.65.30.30 port 5425 ssh2 [preauth]
Jan  9 07:13:56 do sshd[17430]: Disconnecting: Too many authentication failures [preauth]
Jan  9 07:13:56 do sshd[17430]: PAM 5 more authentication failures; logname= uid=0 euid=0 tty=ssh ruser= rhost=218.65.30.30  user=root
Jan  9 07:13:56 do sshd[17430]: PAM service(sshd) ignoring max retries; 6 > 3
Jan  9 07:13:59 do sshd[17436]: pam_unix(sshd:auth): authentication failure; logname= uid=0 euid=0 tty=ssh ruser= rhost=218.65.30.30  user=root
Jan  9 07:14:01 do sshd[17436]: Failed password for root from 218.65.30.30 port 33913 ssh2
Jan  9 07:14:01 do sshd[17434]: Received disconnect from 221.229.162.204 port 14583:11:  [preauth]
Jan  9 07:14:01 do sshd[17434]: Disconnected from 221.229.162.204 port 14583 [preauth]
Jan  9 07:14:03 do sshd[17436]: Failed password for root from 218.65.30.30 port 33913 ssh2
Jan  9 07:14:04 do sshd[17438]: pam_unix(sshd:auth): authentication failure; logname= uid=0 euid=0 tty=ssh ruser= rhost=202.109.143.120  user=root
Jan  9 07:14:05 do sshd[17436]: Failed password for root from 218.65.30.30 port 33913 ssh2
Jan  9 07:14:05 do sshd[17438]: Failed password for root from 202.109.143.120 port 4834 ssh2
Jan  9 07:14:08 do sshd[17438]: Failed password for root from 202.109.143.120 port 4834 ssh2
Jan  9 07:14:08 do sshd[17436]: Failed password for root from 218.65.30.30 port 33913 ssh2
Jan  9 07:14:10 do sshd[17438]: Failed password for root from 202.109.143.120 port 4834 ssh2
Jan  9 07:14:11 do sshd[17436]: Failed password for root from 218.65.30.30 port 33913 ssh2
Jan  9 07:14:12 do sshd[17438]: Failed password for root from 202.109.143.120 port 4834 ssh2
Jan  9 07:14:14 do sshd[17436]: Failed password for root from 218.65.30.30 port 33913 ssh2
Jan  9 07:14:14 do sshd[17436]: error: maximum authentication attempts exceeded for root from 218.65.30.30 port 33913 ssh2 [preauth]
Jan  9 07:14:14 do sshd[17436]: Disconnecting: Too many authentication failures [preauth]
Jan  9 07:14:14 do sshd[17436]: PAM 5 more authentication failures; logname= uid=0 euid=0 tty=ssh ruser= rhost=218.65.30.30  user=root
Jan  9 07:14:14 do sshd[17436]: PAM service(sshd) ignoring max retries; 6 > 3
Jan  9 07:14:14 do sshd[17438]: Failed password for root from 202.109.143.120 port 4834 ssh2
Jan  9 07:14:14 do sshd[17438]: Connection reset by 202.109.143.120 port 4834 [preauth]
Jan  9 07:14:14 do sshd[17438]: PAM 4 more authentication failures; logname= uid=0 euid=0 tty=ssh ruser= rhost=202.109.143.120  user=root
Jan  9 07:14:14 do sshd[17438]: PAM service(sshd) ignoring max retries; 5 > 3
Jan  9 07:14:17 do sshd[17441]: pam_unix(sshd:auth): authentication failure; logname= uid=0 euid=0 tty=ssh ruser= rhost=218.65.30.30  user=root
Jan  9 07:14:19 do sshd[17441]: Failed password for root from 218.65.30.30 port 61330 ssh2
Jan  9 07:14:26 do sshd[17441]: message repeated 3 times: [ Failed password for root from 218.65.30.30 port 61330 ssh2]
Jan  9 07:14:28 do sshd[17443]: Received disconnect from 221.229.162.204 port 39675:11:  [preauth]
Jan  9 07:14:28 do sshd[17443]: Disconnected from 221.229.162.204 port 39675 [preauth]
Jan  9 07:14:29 do sshd[17441]: Failed password for root from 218.65.30.30 port 61330 ssh2
Jan  9 07:14:32 do sshd[17441]: Failed password for root from 218.65.30.30 port 61330 ssh2
Jan  9 07:14:32 do sshd[17441]: error: maximum authentication attempts exceeded for root from 218.65.30.30 port 61330 ssh2 [preauth]
Jan  9 07:14:32 do sshd[17441]: Disconnecting: Too many authentication failures [preauth]
Jan  9 07:14:32 do sshd[17441]: PAM 5 more authentication failures; logname= uid=0 euid=0 tty=ssh ruser= rhost=218.65.30.30  user=root
Jan  9 07:14:32 do sshd[17441]: PAM service(sshd) ignoring max retries; 6 > 3
Jan  9 07:14:34 do sshd[17445]: pam_unix(sshd:auth): authentication failure; logname= uid=0 euid=0 tty=ssh ruser= rhost=218.65.30.30  user=root
Jan  9 07:14:37 do sshd[17445]: Failed password for root from 218.65.30.30 port 24661 ssh2
Jan  9 07:14:41 do sshd[17445]: message repeated 2 times: [ Failed password for root from 218.65.30.30 port 24661 ssh2]
Jan  9 07:14:43 do sshd[17448]: pam_unix(sshd:auth): authentication failure; logname= uid=0 euid=0 tty=ssh ruser= rhost=202.109.143.120  user=root
Jan  9 07:14:44 do sshd[17445]: Failed password for root from 218.65.30.30 port 24661 ssh2
Jan  9 07:14:44 do sshd[17448]: Failed password for root from 202.109.143.120 port 3603 ssh2
Jan  9 07:14:46 do sshd[17448]: Failed password for root from 202.109.143.120 port 3603 ssh2
Jan  9 07:14:47 do sshd[17445]: Failed password for root from 218.65.30.30 port 24661 ssh2
Jan  9 07:14:49 do sshd[17448]: Failed password for root from 202.109.143.120 port 3603 ssh2
Jan  9 07:14:49 do sshd[17445]: Failed password for root from 218.65.30.30 port 24661 ssh2
Jan  9 07:14:49 do sshd[17445]: error: maximum authentication attempts exceeded for root from 218.65.30.30 port 24661 ssh2 [preauth]
Jan  9 07:14:49 do sshd[17445]: Disconnecting: Too many authentication failures [preauth]
Jan  9 07:14:49 do sshd[17445]: PAM 5 more authentication failures; logname= uid=0 euid=0 tty=ssh ruser= rhost=218.65.30.30  user=root
Jan  9 07:14:49 do sshd[17445]: PAM service(sshd) ignoring max retries; 6 > 3
Jan  9 07:14:50 do sshd[17448]: Failed password for root from 202.109.143.120 port 3603 ssh2
Jan  9 07:14:52 do sshd[17452]: pam_unix(sshd:auth): authentication failure; logname= uid=0 euid=0 tty=ssh ruser= rhost=218.65.30.30  user=root
Jan  9 07:14:52 do sshd[17448]: Failed password for root from 202.109.143.120 port 3603 ssh2
Jan  9 07:14:52 do sshd[17448]: Connection reset by 202.109.143.120 port 3603 [preauth]
Jan  9 07:14:52 do sshd[17448]: PAM 4 more authentication failures; logname= uid=0 euid=0 tty=ssh ruser= rhost=202.109.143.120  user=root
Jan  9 07:14:52 do sshd[17448]: PAM service(sshd) ignoring max retries; 5 > 3
Jan  9 07:14:53 do sshd[17450]: Received disconnect from 221.229.162.204 port 52093:11:  [preauth]
Jan  9 07:14:53 do sshd[17450]: Disconnected from 221.229.162.204 port 52093 [preauth]
Jan  9 07:14:54 do sshd[17452]: Failed password for root from 218.65.30.30 port 51607 ssh2
Jan  9 07:14:54 do sshd[17454]: pam_unix(sshd:auth): authentication failure; logname= uid=0 euid=0 tty=ssh ruser= rhost=202.109.143.120  user=root
Jan  9 07:14:56 do sshd[17454]: Failed password for root from 202.109.143.120 port 3690 ssh2
Jan  9 07:14:57 do sshd[17452]: Failed password for root from 218.65.30.30 port 51607 ssh2
Jan  9 07:14:59 do sshd[17454]: Failed password for root from 202.109.143.120 port 3690 ssh2
Jan  9 07:14:59 do sshd[17452]: Failed password for root from 218.65.30.30 port 51607 ssh2
Jan  9 07:15:01 do CRON[17456]: pam_unix(cron:session): session opened for user root by (uid=0)
Jan  9 07:15:01 do CRON[17456]: pam_unix(cron:session): session closed for user root
Jan  9 07:15:01 do sshd[17454]: Failed password for root from 202.109.143.120 port 3690 ssh2
Jan  9 07:15:02 do sshd[17452]: Failed password for root from 218.65.30.30 port 51607 ssh2
Jan  9 07:15:03 do sshd[17454]: Failed password for root from 202.109.143.120 port 3690 ssh2
Jan  9 07:15:05 do sshd[17452]: Failed password for root from 218.65.30.30 port 51607 ssh2
Jan  9 07:15:05 do sshd[17454]: Failed password for root from 202.109.143.120 port 3690 ssh2
Jan  9 07:15:05 do sshd[17454]: Connection reset by 202.109.143.120 port 3690 [preauth]
Jan  9 07:15:05 do sshd[17454]: PAM 4 more authentication failures; logname= uid=0 euid=0 tty=ssh ruser= rhost=202.109.143.120  user=root
Jan  9 07:15:05 do sshd[17454]: PAM service(sshd) ignoring max retries; 5 > 3
Jan  9 07:15:07 do sshd[17452]: Failed password for root from 218.65.30.30 port 51607 ssh2
Jan  9 07:15:07 do sshd[17452]: error: maximum authentication attempts exceeded for root from 218.65.30.30 port 51607 ssh2 [preauth]
Jan  9 07:15:07 do sshd[17452]: Disconnecting: Too many authentication failures [preauth]
Jan  9 07:15:07 do sshd[17452]: PAM 5 more authentication failures; logname= uid=0 euid=0 tty=ssh ruser= rhost=218.65.30.30  user=root
Jan  9 07:15:07 do sshd[17452]: PAM service(sshd) ignoring max retries; 6 > 3
Jan  9 07:15:09 do sshd[17459]: pam_unix(sshd:auth): authentication failure; logname= uid=0 euid=0 tty=ssh ruser= rhost=202.109.143.120  user=root
Jan  9 07:15:10 do sshd[17462]: pam_unix(sshd:auth): authentication failure; logname= uid=0 euid=0 tty=ssh ruser= rhost=218.65.30.30  user=root
Jan  9 07:15:11 do sshd[17459]: Failed password for root from 202.109.143.120 port 2909 ssh2
Jan  9 07:15:12 do sshd[17462]: Failed password for root from 218.65.30.30 port 14451 ssh2
Jan  9 07:15:13 do sshd[17459]: Failed password for root from 202.109.143.120 port 2909 ssh2
Jan  9 07:15:15 do sshd[17462]: Failed password for root from 218.65.30.30 port 14451 ssh2
Jan  9 07:15:16 do sshd[17459]: Failed password for root from 202.109.143.120 port 2909 ssh2
Jan  9 07:15:18 do sshd[17464]: Received disconnect from 221.229.162.204 port 62811:11:  [preauth]
Jan  9 07:15:18 do sshd[17464]: Disconnected from 221.229.162.204 port 62811 [preauth]
Jan  9 07:15:18 do sshd[17462]: Failed password for root from 218.65.30.30 port 14451 ssh2
Jan  9 07:15:19 do sshd[17459]: Failed password for root from 202.109.143.120 port 2909 ssh2
Jan  9 07:15:20 do sshd[17462]: Failed password for root from 218.65.30.30 port 14451 ssh2
Jan  9 07:15:21 do sshd[17459]: Failed password for root from 202.109.143.120 port 2909 ssh2
Jan  9 07:15:21 do sshd[17466]: Connection closed by 54.64.73.96 port 53436 [preauth]
Jan  9 07:15:21 do sshd[17459]: Connection reset by 202.109.143.120 port 2909 [preauth]
Jan  9 07:15:21 do sshd[17459]: PAM 4 more authentication failures; logname= uid=0 euid=0 tty=ssh ruser= rhost=202.109.143.120  user=root
Jan  9 07:15:21 do sshd[17459]: PAM service(sshd) ignoring max retries; 5 > 3
Jan  9 07:15:23 do sshd[17462]: Failed password for root from 218.65.30.30 port 14451 ssh2
Jan  9 07:15:26 do sshd[17462]: Failed password for root from 218.65.30.30 port 14451 ssh2
Jan  9 07:15:26 do sshd[17462]: error: maximum authentication attempts exceeded for root from 218.65.30.30 port 14451 ssh2 [preauth]
Jan  9 07:15:26 do sshd[17462]: Disconnecting: Too many authentication failures [preauth]
Jan  9 07:15:26 do sshd[17462]: PAM 5 more authentication failures; logname= uid=0 euid=0 tty=ssh ruser= rhost=218.65.30.30  user=root
Jan  9 07:15:26 do sshd[17462]: PAM service(sshd) ignoring max retries; 6 > 3
Jan  9 07:15:29 do sshd[17468]: pam_unix(sshd:auth): authentication failure; logname= uid=0 euid=0 tty=ssh ruser= rhost=202.109.143.120  user=root
Jan  9 07:15:29 do sshd[17470]: pam_unix(sshd:auth): authentication failure; logname= uid=0 euid=0 tty=ssh ruser= rhost=218.65.30.30  user=root
Jan  9 07:15:31 do sshd[17468]: Failed password for root from 202.109.143.120 port 2535 ssh2
Jan  9 07:15:31 do sshd[17470]: Failed password for root from 218.65.30.30 port 43552 ssh2
Jan  9 07:15:32 do sshd[17468]: Failed password for root from 202.109.143.120 port 2535 ssh2
Jan  9 07:15:34 do sshd[17470]: Failed password for root from 218.65.30.30 port 43552 ssh2
Jan  9 07:15:35 do sshd[17468]: Failed password for root from 202.109.143.120 port 2535 ssh2
Jan  9 07:15:36 do sshd[17470]: Failed password for root from 218.65.30.30 port 43552 ssh2
Jan  9 07:15:37 do sshd[17468]: Failed password for root from 202.109.143.120 port 2535 ssh2
Jan  9 07:15:39 do sshd[17470]: Failed password for root from 218.65.30.30 port 43552 ssh2
Jan  9 07:15:39 do sshd[17468]: Failed password for root from 202.109.143.120 port 2535 ssh2
Jan  9 07:15:40 do sshd[17468]: Connection reset by 202.109.143.120 port 2535 [preauth]
Jan  9 07:15:40 do sshd[17468]: PAM 4 more authentication failures; logname= uid=0 euid=0 tty=ssh ruser= rhost=202.109.143.120  user=root
Jan  9 07:15:40 do sshd[17468]: PAM service(sshd) ignoring max retries; 5 > 3
Jan  9 07:15:42 do sshd[17473]: pam_unix(sshd:auth): authentication failure; logname= uid=0 euid=0 tty=ssh ruser= rhost=202.109.143.120  user=root
Jan  9 07:15:42 do sshd[17470]: Failed password for root from 218.65.30.30 port 43552 ssh2
Jan  9 07:15:44 do sshd[17473]: Failed password for root from 202.109.143.120 port 2535 ssh2
Jan  9 07:15:44 do sshd[17470]: Failed password for root from 218.65.30.30 port 43552 ssh2
Jan  9 07:15:44 do sshd[17470]: error: maximum authentication attempts exceeded for root from 218.65.30.30 port 43552 ssh2 [preauth]
Jan  9 07:15:44 do sshd[17470]: Disconnecting: Too many authentication failures [preauth]
Jan  9 07:15:44 do sshd[17470]: PAM 5 more authentication failures; logname= uid=0 euid=0 tty=ssh ruser= rhost=218.65.30.30  user=root
Jan  9 07:15:44 do sshd[17470]: PAM service(sshd) ignoring max retries; 6 > 3
Jan  9 07:15:45 do sshd[17475]: Received disconnect from 221.229.162.204 port 46920:11:  [preauth]
Jan  9 07:15:45 do sshd[17475]: Disconnected from 221.229.162.204 port 46920 [preauth]
Jan  9 07:15:47 do sshd[17477]: pam_unix(sshd:auth): authentication failure; logname= uid=0 euid=0 tty=ssh ruser= rhost=218.65.30.30  user=root
Jan  9 07:15:48 do sshd[17473]: Failed password for root from 202.109.143.120 port 2535 ssh2
Jan  9 07:15:49 do sshd[17477]: Failed password for root from 218.65.30.30 port 6080 ssh2
Jan  9 07:15:51 do sshd[17473]: Failed password for root from 202.109.143.120 port 2535 ssh2
Jan  9 07:15:52 do sshd[17477]: Failed password for root from 218.65.30.30 port 6080 ssh2
Jan  9 07:15:53 do sshd[17473]: Failed password for root from 202.109.143.120 port 2535 ssh2
Jan  9 07:15:55 do sshd[17477]: Failed password for root from 218.65.30.30 port 6080 ssh2
Jan  9 07:15:56 do sshd[17473]: Failed password for root from 202.109.143.120 port 2535 ssh2
Jan  9 07:15:56 do sshd[17473]: Connection reset by 202.109.143.120 port 2535 [preauth]
Jan  9 07:15:56 do sshd[17473]: PAM 4 more authentication failures; logname= uid=0 euid=0 tty=ssh ruser= rhost=202.109.143.120  user=root
Jan  9 07:15:56 do sshd[17473]: PAM service(sshd) ignoring max retries; 5 > 3
Jan  9 07:15:57 do sshd[17477]: Failed password for root from 218.65.30.30 port 6080 ssh2
Jan  9 07:15:59 do sshd[17477]: Failed password for root from 218.65.30.30 port 6080 ssh2
Jan  9 07:16:01 do sshd[17479]: pam_unix(sshd:auth): authentication failure; logname= uid=0 euid=0 tty=ssh ruser= rhost=202.109.143.120  user=root
Jan  9 07:16:02 do sshd[17477]: Failed password for root from 218.65.30.30 port 6080 ssh2
Jan  9 07:16:02 do sshd[17477]: error: maximum authentication attempts exceeded for root from 218.65.30.30 port 6080 ssh2 [preauth]
Jan  9 07:16:02 do sshd[17477]: Disconnecting: Too many authentication failures [preauth]
Jan  9 07:16:02 do sshd[17477]: PAM 5 more authentication failures; logname= uid=0 euid=0 tty=ssh ruser= rhost=218.65.30.30  user=root
Jan  9 07:16:02 do sshd[17477]: PAM service(sshd) ignoring max retries; 6 > 3
Jan  9 07:16:03 do sshd[17479]: Failed password for root from 202.109.143.120 port 4385 ssh2
Jan  9 07:16:05 do sshd[17479]: Failed password for root from 202.109.143.120 port 4385 ssh2
Jan  9 07:16:05 do sshd[17481]: pam_unix(sshd:auth): authentication failure; logname= uid=0 euid=0 tty=ssh ruser= rhost=218.65.30.30  user=root
Jan  9 07:16:07 do sshd[17481]: Failed password for root from 218.65.30.30 port 33546 ssh2
Jan  9 07:16:07 do sshd[17479]: Failed password for root from 202.109.143.120 port 4385 ssh2
Jan  9 07:16:10 do sshd[17479]: Failed password for root from 202.109.143.120 port 4385 ssh2
Jan  9 07:16:10 do sshd[17481]: Failed password for root from 218.65.30.30 port 33546 ssh2
Jan  9 07:16:11 do sshd[17483]: Received disconnect from 221.229.162.204 port 10961:11:  [preauth]
Jan  9 07:16:11 do sshd[17483]: Disconnected from 221.229.162.204 port 10961 [preauth]
Jan  9 07:16:13 do sshd[17479]: Failed password for root from 202.109.143.120 port 4385 ssh2
Jan  9 07:16:13 do sshd[17479]: Connection reset by 202.109.143.120 port 4385 [preauth]
Jan  9 07:16:13 do sshd[17479]: PAM 4 more authentication failures; logname= uid=0 euid=0 tty=ssh ruser= rhost=202.109.143.120  user=root
Jan  9 07:16:13 do sshd[17479]: PAM service(sshd) ignoring max retries; 5 > 3
Jan  9 07:16:13 do sshd[17481]: Failed password for root from 218.65.30.30 port 33546 ssh2
Jan  9 07:16:16 do sshd[17481]: Failed password for root from 218.65.30.30 port 33546 ssh2
Jan  9 07:16:17 do sshd[17486]: pam_unix(sshd:auth): authentication failure; logname= uid=0 euid=0 tty=ssh ruser= rhost=202.109.143.120  user=root
Jan  9 07:16:18 do sshd[17481]: Failed password for root from 218.65.30.30 port 33546 ssh2
Jan  9 07:16:19 do sshd[17486]: Failed password for root from 202.109.143.120 port 3298 ssh2
Jan  9 07:16:21 do sshd[17481]: Failed password for root from 218.65.30.30 port 33546 ssh2
Jan  9 07:16:21 do sshd[17481]: error: maximum authentication attempts exceeded for root from 218.65.30.30 port 33546 ssh2 [preauth]
Jan  9 07:16:21 do sshd[17481]: Disconnecting: Too many authentication failures [preauth]
Jan  9 07:16:21 do sshd[17481]: PAM 5 more authentication failures; logname= uid=0 euid=0 tty=ssh ruser= rhost=218.65.30.30  user=root
Jan  9 07:16:21 do sshd[17481]: PAM service(sshd) ignoring max retries; 6 > 3
Jan  9 07:16:21 do sshd[17486]: Failed password for root from 202.109.143.120 port 3298 ssh2
Jan  9 07:16:24 do sshd[17488]: pam_unix(sshd:auth): authentication failure; logname= uid=0 euid=0 tty=ssh ruser= rhost=218.65.30.30  user=root
Jan  9 07:16:24 do sshd[17486]: Failed password for root from 202.109.143.120 port 3298 ssh2
Jan  9 07:16:26 do sshd[17488]: Failed password for root from 218.65.30.30 port 61024 ssh2
Jan  9 07:16:27 do sshd[17486]: Failed password for root from 202.109.143.120 port 3298 ssh2
Jan  9 07:16:29 do sshd[17488]: Failed password for root from 218.65.30.30 port 61024 ssh2
Jan  9 07:16:29 do sshd[17486]: Failed password for root from 202.109.143.120 port 3298 ssh2
Jan  9 07:16:29 do sshd[17486]: Connection reset by 202.109.143.120 port 3298 [preauth]
Jan  9 07:16:29 do sshd[17486]: PAM 4 more authentication failures; logname= uid=0 euid=0 tty=ssh ruser= rhost=202.109.143.120  user=root
Jan  9 07:16:29 do sshd[17486]: PAM service(sshd) ignoring max retries; 5 > 3
Jan  9 07:16:31 do sshd[17490]: pam_unix(sshd:auth): authentication failure; logname= uid=0 euid=0 tty=ssh ruser= rhost=202.109.143.120  user=root
Jan  9 07:16:32 do sshd[17488]: Failed password for root from 218.65.30.30 port 61024 ssh2
Jan  9 07:16:33 do sshd[17490]: Failed password for root from 202.109.143.120 port 3407 ssh2
Jan  9 07:16:34 do sshd[17488]: Failed password for root from 218.65.30.30 port 61024 ssh2
Jan  9 07:16:35 do sshd[17490]: Failed password for root from 202.109.143.120 port 3407 ssh2
Jan  9 07:16:37 do sshd[17488]: Failed password for root from 218.65.30.30 port 61024 ssh2
Jan  9 07:16:37 do sshd[17492]: Received disconnect from 221.229.162.204 port 32753:11:  [preauth]
Jan  9 07:16:37 do sshd[17492]: Disconnected from 221.229.162.204 port 32753 [preauth]
Jan  9 07:16:38 do sshd[17490]: Failed password for root from 202.109.143.120 port 3407 ssh2
Jan  9 07:16:40 do sshd[17490]: Failed password for root from 202.109.143.120 port 3407 ssh2
Jan  9 07:16:40 do sshd[17488]: Failed password for root from 218.65.30.30 port 61024 ssh2
Jan  9 07:16:40 do sshd[17488]: error: maximum authentication attempts exceeded for root from 218.65.30.30 port 61024 ssh2 [preauth]
Jan  9 07:16:40 do sshd[17488]: Disconnecting: Too many authentication failures [preauth]
Jan  9 07:16:40 do sshd[17488]: PAM 5 more authentication failures; logname= uid=0 euid=0 tty=ssh ruser= rhost=218.65.30.30  user=root
Jan  9 07:16:40 do sshd[17488]: PAM service(sshd) ignoring max retries; 6 > 3
Jan  9 07:16:43 do sshd[17495]: pam_unix(sshd:auth): authentication failure; logname= uid=0 euid=0 tty=ssh ruser= rhost=218.65.30.30  user=root
Jan  9 07:16:43 do sshd[17490]: Failed password for root from 202.109.143.120 port 3407 ssh2
Jan  9 07:16:43 do sshd[17490]: Connection reset by 202.109.143.120 port 3407 [preauth]
Jan  9 07:16:43 do sshd[17490]: PAM 4 more authentication failures; logname= uid=0 euid=0 tty=ssh ruser= rhost=202.109.143.120  user=root
Jan  9 07:16:43 do sshd[17490]: PAM service(sshd) ignoring max retries; 5 > 3
Jan  9 07:16:45 do sshd[17495]: Failed password for root from 218.65.30.30 port 24291 ssh2
Jan  9 07:16:45 do sshd[17497]: pam_unix(sshd:auth): authentication failure; logname= uid=0 euid=0 tty=ssh ruser= rhost=202.109.143.120  user=root
Jan  9 07:16:47 do sshd[17497]: Failed password for root from 202.109.143.120 port 3407 ssh2
Jan  9 07:16:48 do sshd[17495]: Failed password for root from 218.65.30.30 port 24291 ssh2
Jan  9 07:16:50 do sshd[17497]: Failed password for root from 202.109.143.120 port 3407 ssh2
Jan  9 07:16:50 do sshd[17495]: Failed password for root from 218.65.30.30 port 24291 ssh2
Jan  9 07:16:52 do sshd[17497]: Failed password for root from 202.109.143.120 port 3407 ssh2
Jan  9 07:16:52 do sshd[17495]: Failed password for root from 218.65.30.30 port 24291 ssh2
Jan  9 07:16:54 do sshd[17497]: Failed password for root from 202.109.143.120 port 3407 ssh2
Jan  9 07:16:56 do sshd[17495]: Failed password for root from 218.65.30.30 port 24291 ssh2
Jan  9 07:16:56 do sshd[17497]: Failed password for root from 202.109.143.120 port 3407 ssh2
Jan  9 07:16:57 do sshd[17497]: Connection reset by 202.109.143.120 port 3407 [preauth]
Jan  9 07:16:57 do sshd[17497]: PAM 4 more authentication failures; logname= uid=0 euid=0 tty=ssh ruser= rhost=202.109.143.120  user=root
Jan  9 07:16:57 do sshd[17497]: PAM service(sshd) ignoring max retries; 5 > 3
Jan  9 07:16:58 do sshd[17499]: pam_unix(sshd:auth): authentication failure; logname= uid=0 euid=0 tty=ssh ruser= rhost=202.109.143.120  user=root
Jan  9 07:16:59 do sshd[17495]: Failed password for root from 218.65.30.30 port 24291 ssh2
Jan  9 07:16:59 do sshd[17495]: error: maximum authentication attempts exceeded for root from 218.65.30.30 port 24291 ssh2 [preauth]
Jan  9 07:16:59 do sshd[17495]: Disconnecting: Too many authentication failures [preauth]
Jan  9 07:16:59 do sshd[17495]: PAM 5 more authentication failures; logname= uid=0 euid=0 tty=ssh ruser= rhost=218.65.30.30  user=root
Jan  9 07:16:59 do sshd[17495]: PAM service(sshd) ignoring max retries; 6 > 3
Jan  9 07:17:01 do sshd[17499]: Failed password for root from 202.109.143.120 port 3407 ssh2
Jan  9 07:17:01 do CRON[17505]: pam_unix(cron:session): session opened for user root by (uid=0)
Jan  9 07:17:01 do CRON[17505]: pam_unix(cron:session): session closed for user root
Jan  9 07:17:02 do sshd[17503]: pam_unix(sshd:auth): authentication failure; logname= uid=0 euid=0 tty=ssh ruser= rhost=218.65.30.30  user=root
Jan  9 07:17:03 do sshd[17499]: Failed password for root from 202.109.143.120 port 3407 ssh2
Jan  9 07:17:03 do sshd[17503]: Failed password for root from 218.65.30.30 port 51892 ssh2
Jan  9 07:17:04 do sshd[17501]: Received disconnect from 221.229.162.204 port 64089:11:  [preauth]
Jan  9 07:17:04 do sshd[17501]: Disconnected from 221.229.162.204 port 64089 [preauth]
Jan  9 07:17:05 do sshd[17499]: Failed password for root from 202.109.143.120 port 3407 ssh2
Jan  9 07:17:07 do sshd[17503]: Failed password for root from 218.65.30.30 port 51892 ssh2
Jan  9 07:17:08 do sshd[17499]: Failed password for root from 202.109.143.120 port 3407 ssh2
Jan  9 07:17:09 do sshd[17503]: Failed password for root from 218.65.30.30 port 51892 ssh2
Jan  9 07:17:10 do sshd[17499]: Failed password for root from 202.109.143.120 port 3407 ssh2
Jan  9 07:17:10 do sshd[17499]: Connection reset by 202.109.143.120 port 3407 [preauth]
Jan  9 07:17:10 do sshd[17499]: PAM 4 more authentication failures; logname= uid=0 euid=0 tty=ssh ruser= rhost=202.109.143.120  user=root
Jan  9 07:17:10 do sshd[17499]: PAM service(sshd) ignoring max retries; 5 > 3
Jan  9 07:17:11 do sshd[17511]: Connection closed by 54.64.73.96 port 57670 [preauth]
Jan  9 07:17:12 do sshd[17503]: Failed password for root from 218.65.30.30 port 51892 ssh2
Jan  9 07:17:12 do sshd[17509]: pam_unix(sshd:auth): authentication failure; logname= uid=0 euid=0 tty=ssh ruser= rhost=202.109.143.120  user=root
Jan  9 07:17:15 do sshd[17509]: Failed password for root from 202.109.143.120 port 2433 ssh2
Jan  9 07:17:15 do sshd[17503]: Failed password for root from 218.65.30.30 port 51892 ssh2
Jan  9 07:17:17 do sshd[17509]: Failed password for root from 202.109.143.120 port 2433 ssh2
Jan  9 07:17:18 do sshd[17503]: Failed password for root from 218.65.30.30 port 51892 ssh2
Jan  9 07:17:18 do sshd[17503]: error: maximum authentication attempts exceeded for root from 218.65.30.30 port 51892 ssh2 [preauth]
Jan  9 07:17:18 do sshd[17503]: Disconnecting: Too many authentication failures [preauth]
Jan  9 07:17:18 do sshd[17503]: PAM 5 more authentication failures; logname= uid=0 euid=0 tty=ssh ruser= rhost=218.65.30.30  user=root
Jan  9 07:17:18 do sshd[17503]: PAM service(sshd) ignoring max retries; 6 > 3
Jan  9 07:17:20 do sshd[17509]: Failed password for root from 202.109.143.120 port 2433 ssh2
Jan  9 07:17:22 do sshd[17513]: pam_unix(sshd:auth): authentication failure; logname= uid=0 euid=0 tty=ssh ruser= rhost=218.65.30.30  user=root
Jan  9 07:17:22 do sshd[17509]: Failed password for root from 202.109.143.120 port 2433 ssh2
Jan  9 07:17:23 do sshd[17513]: Failed password for root from 218.65.30.30 port 15443 ssh2
Jan  9 07:17:25 do sshd[17509]: Failed password for root from 202.109.143.120 port 2433 ssh2
Jan  9 07:17:25 do sshd[17509]: Connection reset by 202.109.143.120 port 2433 [preauth]
Jan  9 07:17:25 do sshd[17509]: PAM 4 more authentication failures; logname= uid=0 euid=0 tty=ssh ruser= rhost=202.109.143.120  user=root
Jan  9 07:17:25 do sshd[17509]: PAM service(sshd) ignoring max retries; 5 > 3
Jan  9 07:17:27 do sshd[17513]: Failed password for root from 218.65.30.30 port 15443 ssh2
Jan  9 07:17:30 do sshd[17513]: Failed password for root from 218.65.30.30 port 15443 ssh2
Jan  9 07:17:30 do sshd[17517]: pam_unix(sshd:auth): authentication failure; logname= uid=0 euid=0 tty=ssh ruser= rhost=202.109.143.120  user=root
Jan  9 07:17:31 do sshd[17515]: Received disconnect from 221.229.162.204 port 36852:11:  [preauth]
Jan  9 07:17:31 do sshd[17515]: Disconnected from 221.229.162.204 port 36852 [preauth]
Jan  9 07:17:32 do sshd[17513]: Failed password for root from 218.65.30.30 port 15443 ssh2
Jan  9 07:17:33 do sshd[17517]: Failed password for root from 202.109.143.120 port 4550 ssh2
Jan  9 07:17:35 do sshd[17517]: Failed password for root from 202.109.143.120 port 4550 ssh2
Jan  9 07:17:35 do sshd[17513]: Failed password for root from 218.65.30.30 port 15443 ssh2
Jan  9 07:17:38 do sshd[17517]: Failed password for root from 202.109.143.120 port 4550 ssh2
Jan  9 07:17:38 do sshd[17513]: Failed password for root from 218.65.30.30 port 15443 ssh2
Jan  9 07:17:38 do sshd[17513]: error: maximum authentication attempts exceeded for root from 218.65.30.30 port 15443 ssh2 [preauth]
Jan  9 07:17:38 do sshd[17513]: Disconnecting: Too many authentication failures [preauth]
Jan  9 07:17:38 do sshd[17513]: PAM 5 more authentication failures; logname= uid=0 euid=0 tty=ssh ruser= rhost=218.65.30.30  user=root
Jan  9 07:17:38 do sshd[17513]: PAM service(sshd) ignoring max retries; 6 > 3
Jan  9 07:17:40 do sshd[17517]: Failed password for root from 202.109.143.120 port 4550 ssh2
Jan  9 07:17:42 do sshd[17520]: pam_unix(sshd:auth): authentication failure; logname= uid=0 euid=0 tty=ssh ruser= rhost=218.65.30.30  user=root
Jan  9 07:17:42 do sshd[17517]: Failed password for root from 202.109.143.120 port 4550 ssh2
Jan  9 07:17:43 do sshd[17517]: Connection reset by 202.109.143.120 port 4550 [preauth]
Jan  9 07:17:43 do sshd[17517]: PAM 4 more authentication failures; logname= uid=0 euid=0 tty=ssh ruser= rhost=202.109.143.120  user=root
Jan  9 07:17:43 do sshd[17517]: PAM service(sshd) ignoring max retries; 5 > 3
Jan  9 07:17:44 do sshd[17520]: Failed password for root from 218.65.30.30 port 44997 ssh2
Jan  9 07:17:45 do sshd[17522]: Invalid user admin from 189.90.221.43
Jan  9 07:17:45 do sshd[17522]: input_userauth_request: invalid user admin [preauth]
Jan  9 07:17:45 do sshd[17522]: pam_unix(sshd:auth): check pass; user unknown
Jan  9 07:17:45 do sshd[17522]: pam_unix(sshd:auth): authentication failure; logname= uid=0 euid=0 tty=ssh ruser= rhost=189.90.221.43
Jan  9 07:17:47 do sshd[17522]: Failed password for invalid user admin from 189.90.221.43 port 4049 ssh2
Jan  9 07:17:47 do sshd[17520]: Failed password for root from 218.65.30.30 port 44997 ssh2
Jan  9 07:17:47 do sshd[17522]: pam_unix(sshd:auth): check pass; user unknown
Jan  9 07:17:49 do sshd[17522]: Failed password for invalid user admin from 189.90.221.43 port 4049 ssh2
Jan  9 07:17:50 do sshd[17522]: pam_unix(sshd:auth): check pass; user unknown
Jan  9 07:17:50 do sshd[17520]: Failed password for root from 218.65.30.30 port 44997 ssh2
Jan  9 07:17:51 do sshd[17522]: Failed password for invalid user admin from 189.90.221.43 port 4049 ssh2
Jan  9 07:17:52 do sshd[17522]: pam_unix(sshd:auth): check pass; user unknown
Jan  9 07:17:53 do sshd[17526]: pam_unix(sshd:auth): authentication failure; logname= uid=0 euid=0 tty=ssh ruser= rhost=202.109.143.120  user=root
Jan  9 07:17:53 do sshd[17520]: Failed password for root from 218.65.30.30 port 44997 ssh2
Jan  9 07:17:54 do sshd[17522]: Failed password for invalid user admin from 189.90.221.43 port 4049 ssh2
Jan  9 07:17:54 do sshd[17522]: pam_unix(sshd:auth): check pass; user unknown
Jan  9 07:17:55 do sshd[17526]: Failed password for root from 202.109.143.120 port 2146 ssh2
Jan  9 07:17:57 do sshd[17524]: Received disconnect from 221.229.162.204 port 48170:11:  [preauth]
Jan  9 07:17:57 do sshd[17524]: Disconnected from 221.229.162.204 port 48170 [preauth]
Jan  9 07:17:57 do sshd[17520]: Failed password for root from 218.65.30.30 port 44997 ssh2
