Jan  9 06:32:05 do sshd[16590]: Failed password for root from 218.65.30.30 port 13722 ssh2
Jan  9 06:32:05 do sshd[16588]: Failed password for root from 202.109.143.120 port 3076 ssh2
Jan  9 06:32:06 do sshd[16588]: Connection reset by 202.109.143.120 port 3076 [preauth]
Jan  9 06:32:06 do sshd[16588]: PAM 4 more authentication failures; logname= uid=0 euid=0 tty=ssh ruser= rhost=202.109.143.120  user=root
Jan  9 06:32:06 do sshd[16588]: PAM service(sshd) ignoring max retries; 5 > 3
Jan  9 06:32:07 do sshd[16592]: Received disconnect from 221.229.162.204 port 32172:11:  [preauth]
Jan  9 06:32:07 do sshd[16592]: Disconnected from 221.229.162.204 port 32172 [preauth]
Jan  9 06:32:08 do sshd[16590]: Failed password for root from 218.65.30.30 port 13722 ssh2
Jan  9 06:32:10 do sshd[16590]: Failed password for root from 218.65.30.30 port 13722 ssh2
Jan  9 06:32:11 do sshd[16595]: pam_unix(sshd:auth): authentication failure; logname= uid=0 euid=0 tty=ssh ruser= rhost=202.109.143.120  user=root
Jan  9 06:32:13 do sshd[16595]: Failed password for root from 202.109.143.120 port 1894 ssh2
Jan  9 06:32:13 do sshd[16590]: Failed password for root from 218.65.30.30 port 13722 ssh2
Jan  9 06:32:15 do sshd[16595]: Failed password for root from 202.109.143.120 port 1894 ssh2
Jan  9 06:32:16 do sshd[16590]: Failed password for root from 218.65.30.30 port 13722 ssh2
Jan  9 06:32:16 do sshd[16590]: error: maximum authentication attempts exceeded for root from 218.65.30.30 port 13722 ssh2 [preauth]
Jan  9 06:32:16 do sshd[16590]: Disconnecting: Too many authentication failures [preauth]
Jan  9 06:32:16 do sshd[16590]: PAM 5 more authentication failures; logname= uid=0 euid=0 tty=ssh ruser= rhost=218.65.30.30  user=root
Jan  9 06:32:16 do sshd[16590]: PAM service(sshd) ignoring max retries; 6 > 3
Jan  9 06:32:18 do sshd[16595]: Failed password for root from 202.109.143.120 port 1894 ssh2
Jan  9 06:32:19 do sshd[16597]: pam_unix(sshd:auth): authentication failure; logname= uid=0 euid=0 tty=ssh ruser= rhost=218.65.30.30  user=root
Jan  9 06:32:20 do sshd[16595]: Failed password for root from 202.109.143.120 port 1894 ssh2
Jan  9 06:32:21 do sshd[16597]: Failed password for root from 218.65.30.30 port 42484 ssh2
Jan  9 06:32:23 do sshd[16595]: Failed password for root from 202.109.143.120 port 1894 ssh2
Jan  9 06:32:23 do sshd[16595]: Connection reset by 202.109.143.120 port 1894 [preauth]
Jan  9 06:32:23 do sshd[16595]: PAM 4 more authentication failures; logname= uid=0 euid=0 tty=ssh ruser= rhost=202.109.143.120  user=root
Jan  9 06:32:23 do sshd[16595]: PAM service(sshd) ignoring max retries; 5 > 3
Jan  9 06:32:24 do sshd[16597]: Failed password for root from 218.65.30.30 port 42484 ssh2
Jan  9 06:32:32 do sshd[16597]: message repeated 3 times: [ Failed password for root from 218.65.30.30 port 42484 ssh2]
Jan  9 06:32:34 do sshd[16600]: Received disconnect from 221.229.162.204 port 12309:11:  [preauth]
Jan  9 06:32:34 do sshd[16600]: Disconnected from 221.229.162.204 port 12309 [preauth]
Jan  9 06:32:35 do sshd[16597]: Failed password for root from 218.65.30.30 port 42484 ssh2
Jan  9 06:32:35 do sshd[16597]: error: maximum authentication attempts exceeded for root from 218.65.30.30 port 42484 ssh2 [preauth]
Jan  9 06:32:35 do sshd[16597]: Disconnecting: Too many authentication failures [preauth]
Jan  9 06:32:35 do sshd[16597]: PAM 5 more authentication failures; logname= uid=0 euid=0 tty=ssh ruser= rhost=218.65.30.30  user=root
Jan  9 06:32:35 do sshd[16597]: PAM service(sshd) ignoring max retries; 6 > 3
Jan  9 06:32:38 do sshd[16603]: pam_unix(sshd:auth): authentication failure; logname= uid=0 euid=0 tty=ssh ruser= rhost=218.65.30.30  user=root
Jan  9 06:32:40 do sshd[16603]: Failed password for root from 218.65.30.30 port 6745 ssh2
Jan  9 06:32:46 do sshd[16603]: message repeated 2 times: [ Failed password for root from 218.65.30.30 port 6745 ssh2]
Jan  9 06:32:47 do sshd[16605]: pam_unix(sshd:auth): authentication failure; logname= uid=0 euid=0 tty=ssh ruser= rhost=202.109.143.120  user=root
Jan  9 06:32:49 do sshd[16603]: Failed password for root from 218.65.30.30 port 6745 ssh2
Jan  9 06:32:49 do sshd[16605]: Failed password for root from 202.109.143.120 port 3344 ssh2
Jan  9 06:32:51 do sshd[16603]: Failed password for root from 218.65.30.30 port 6745 ssh2
Jan  9 06:32:52 do sshd[16605]: Failed password for root from 202.109.143.120 port 3344 ssh2
Jan  9 06:32:54 do sshd[16605]: Failed password for root from 202.109.143.120 port 3344 ssh2
Jan  9 06:32:55 do sshd[16603]: Failed password for root from 218.65.30.30 port 6745 ssh2
Jan  9 06:32:55 do sshd[16603]: error: maximum authentication attempts exceeded for root from 218.65.30.30 port 6745 ssh2 [preauth]
Jan  9 06:32:55 do sshd[16603]: Disconnecting: Too many authentication failures [preauth]
Jan  9 06:32:55 do sshd[16603]: PAM 5 more authentication failures; logname= uid=0 euid=0 tty=ssh ruser= rhost=218.65.30.30  user=root
Jan  9 06:32:55 do sshd[16603]: PAM service(sshd) ignoring max retries; 6 > 3
Jan  9 06:32:56 do sshd[16605]: Failed password for root from 202.109.143.120 port 3344 ssh2
Jan  9 06:32:57 do sshd[16609]: pam_unix(sshd:auth): authentication failure; logname= uid=0 euid=0 tty=ssh ruser= rhost=218.65.30.30  user=root
Jan  9 06:32:58 do sshd[16605]: Failed password for root from 202.109.143.120 port 3344 ssh2
Jan  9 06:32:58 do sshd[16605]: Connection reset by 202.109.143.120 port 3344 [preauth]
Jan  9 06:32:58 do sshd[16605]: PAM 4 more authentication failures; logname= uid=0 euid=0 tty=ssh ruser= rhost=202.109.143.120  user=root
Jan  9 06:32:58 do sshd[16605]: PAM service(sshd) ignoring max retries; 5 > 3
Jan  9 06:32:59 do sshd[16607]: Received disconnect from 221.229.162.204 port 24703:11:  [preauth]
Jan  9 06:32:59 do sshd[16607]: Disconnected from 221.229.162.204 port 24703 [preauth]
Jan  9 06:33:00 do sshd[16609]: Failed password for root from 218.65.30.30 port 35797 ssh2
Jan  9 06:33:03 do sshd[16611]: pam_unix(sshd:auth): authentication failure; logname= uid=0 euid=0 tty=ssh ruser= rhost=202.109.143.120  user=root
Jan  9 06:33:03 do sshd[16609]: Failed password for root from 218.65.30.30 port 35797 ssh2
Jan  9 06:33:04 do sshd[16611]: Failed password for root from 202.109.143.120 port 3160 ssh2
Jan  9 06:33:06 do sshd[16609]: Failed password for root from 218.65.30.30 port 35797 ssh2
Jan  9 06:33:07 do sshd[16611]: Failed password for root from 202.109.143.120 port 3160 ssh2
Jan  9 06:33:09 do sshd[16609]: Failed password for root from 218.65.30.30 port 35797 ssh2
Jan  9 06:33:09 do sshd[16611]: Failed password for root from 202.109.143.120 port 3160 ssh2
Jan  9 06:33:12 do sshd[16611]: Failed password for root from 202.109.143.120 port 3160 ssh2
Jan  9 06:33:12 do sshd[16609]: Failed password for root from 218.65.30.30 port 35797 ssh2
Jan  9 06:33:13 do sshd[16614]: Connection closed by 54.64.73.96 port 40753 [preauth]
Jan  9 06:33:15 do sshd[16611]: Failed password for root from 202.109.143.120 port 3160 ssh2
Jan  9 06:33:15 do sshd[16611]: Connection reset by 202.109.143.120 port 3160 [preauth]
Jan  9 06:33:15 do sshd[16611]: PAM 4 more authentication failures; logname= uid=0 euid=0 tty=ssh ruser= rhost=202.109.143.120  user=root
Jan  9 06:33:15 do sshd[16611]: PAM service(sshd) ignoring max retries; 5 > 3
Jan  9 06:33:15 do sshd[16609]: Failed password for root from 218.65.30.30 port 35797 ssh2
Jan  9 06:33:15 do sshd[16609]: error: maximum authentication attempts exceeded for root from 218.65.30.30 port 35797 ssh2 [preauth]
Jan  9 06:33:15 do sshd[16609]: Disconnecting: Too many authentication failures [preauth]
Jan  9 06:33:15 do sshd[16609]: PAM 5 more authentication failures; logname= uid=0 euid=0 tty=ssh ruser= rhost=218.65.30.30  user=root
Jan  9 06:33:15 do sshd[16609]: PAM service(sshd) ignoring max retries; 6 > 3
Jan  9 06:33:18 do sshd[16618]: pam_unix(sshd:auth): authentication failure; logname= uid=0 euid=0 tty=ssh ruser= rhost=218.65.30.30  user=root
Jan  9 06:33:19 do sshd[16616]: pam_unix(sshd:auth): authentication failure; logname= uid=0 euid=0 tty=ssh ruser= rhost=202.109.143.120  user=root
Jan  9 06:33:21 do sshd[16618]: Failed password for root from 218.65.30.30 port 2031 ssh2
Jan  9 06:33:21 do sshd[16616]: Failed password for root from 202.109.143.120 port 4020 ssh2
Jan  9 06:33:23 do sshd[16616]: Failed password for root from 202.109.143.120 port 4020 ssh2
Jan  9 06:33:23 do sshd[16618]: Failed password for root from 218.65.30.30 port 2031 ssh2
Jan  9 06:33:25 do sshd[16620]: Received disconnect from 221.229.162.204 port 43077:11:  [preauth]
Jan  9 06:33:25 do sshd[16620]: Disconnected from 221.229.162.204 port 43077 [preauth]
Jan  9 06:33:26 do sshd[16616]: Failed password for root from 202.109.143.120 port 4020 ssh2
Jan  9 06:33:27 do sshd[16618]: Failed password for root from 218.65.30.30 port 2031 ssh2
Jan  9 06:33:29 do sshd[16618]: Failed password for root from 218.65.30.30 port 2031 ssh2
Jan  9 06:33:30 do sshd[16616]: Failed password for root from 202.109.143.120 port 4020 ssh2
Jan  9 06:33:33 do sshd[16616]: Failed password for root from 202.109.143.120 port 4020 ssh2
Jan  9 06:33:33 do sshd[16618]: Failed password for root from 218.65.30.30 port 2031 ssh2
Jan  9 06:33:33 do sshd[16616]: Connection reset by 202.109.143.120 port 4020 [preauth]
Jan  9 06:33:33 do sshd[16616]: PAM 4 more authentication failures; logname= uid=0 euid=0 tty=ssh ruser= rhost=202.109.143.120  user=root
Jan  9 06:33:33 do sshd[16616]: PAM service(sshd) ignoring max retries; 5 > 3
Jan  9 06:33:36 do sshd[16618]: Failed password for root from 218.65.30.30 port 2031 ssh2
Jan  9 06:33:36 do sshd[16618]: error: maximum authentication attempts exceeded for root from 218.65.30.30 port 2031 ssh2 [preauth]
Jan  9 06:33:36 do sshd[16618]: Disconnecting: Too many authentication failures [preauth]
Jan  9 06:33:36 do sshd[16618]: PAM 5 more authentication failures; logname= uid=0 euid=0 tty=ssh ruser= rhost=218.65.30.30  user=root
Jan  9 06:33:36 do sshd[16618]: PAM service(sshd) ignoring max retries; 6 > 3
Jan  9 06:33:38 do sshd[16623]: pam_unix(sshd:auth): authentication failure; logname= uid=0 euid=0 tty=ssh ruser= rhost=218.65.30.30  user=root
Jan  9 06:33:40 do sshd[16623]: Failed password for root from 218.65.30.30 port 31965 ssh2
Jan  9 06:33:52 do sshd[16623]: message repeated 4 times: [ Failed password for root from 218.65.30.30 port 31965 ssh2]
Jan  9 06:33:53 do sshd[16625]: Received disconnect from 221.229.162.204 port 28942:11:  [preauth]
Jan  9 06:33:53 do sshd[16625]: Disconnected from 221.229.162.204 port 28942 [preauth]
Jan  9 06:33:54 do sshd[16623]: Failed password for root from 218.65.30.30 port 31965 ssh2
Jan  9 06:33:54 do sshd[16623]: error: maximum authentication attempts exceeded for root from 218.65.30.30 port 31965 ssh2 [preauth]
Jan  9 06:33:54 do sshd[16623]: Disconnecting: Too many authentication failures [preauth]
Jan  9 06:33:54 do sshd[16623]: PAM 5 more authentication failures; logname= uid=0 euid=0 tty=ssh ruser= rhost=218.65.30.30  user=root
Jan  9 06:33:54 do sshd[16623]: PAM service(sshd) ignoring max retries; 6 > 3
Jan  9 06:33:57 do sshd[16627]: pam_unix(sshd:auth): authentication failure; logname= uid=0 euid=0 tty=ssh ruser= rhost=218.65.30.30  user=root
Jan  9 06:33:59 do sshd[16627]: Failed password for root from 218.65.30.30 port 60332 ssh2
Jan  9 06:34:05 do sshd[16627]: message repeated 2 times: [ Failed password for root from 218.65.30.30 port 60332 ssh2]
Jan  9 06:34:07 do sshd[16629]: pam_unix(sshd:auth): authentication failure; logname= uid=0 euid=0 tty=ssh ruser= rhost=202.109.143.120  user=root
Jan  9 06:34:08 do sshd[16627]: Failed password for root from 218.65.30.30 port 60332 ssh2
Jan  9 06:34:09 do sshd[16629]: Failed password for root from 202.109.143.120 port 4118 ssh2
Jan  9 06:34:11 do sshd[16627]: Failed password for root from 218.65.30.30 port 60332 ssh2
Jan  9 06:34:11 do sshd[16629]: Failed password for root from 202.109.143.120 port 4118 ssh2
Jan  9 06:34:14 do sshd[16627]: Failed password for root from 218.65.30.30 port 60332 ssh2
Jan  9 06:34:14 do sshd[16627]: error: maximum authentication attempts exceeded for root from 218.65.30.30 port 60332 ssh2 [preauth]
Jan  9 06:34:14 do sshd[16627]: Disconnecting: Too many authentication failures [preauth]
Jan  9 06:34:14 do sshd[16627]: PAM 5 more authentication failures; logname= uid=0 euid=0 tty=ssh ruser= rhost=218.65.30.30  user=root
Jan  9 06:34:14 do sshd[16627]: PAM service(sshd) ignoring max retries; 6 > 3
Jan  9 06:34:14 do sshd[16629]: Failed password for root from 202.109.143.120 port 4118 ssh2
Jan  9 06:34:16 do sshd[16629]: Failed password for root from 202.109.143.120 port 4118 ssh2
Jan  9 06:34:17 do sshd[16634]: pam_unix(sshd:auth): authentication failure; logname= uid=0 euid=0 tty=ssh ruser= rhost=218.65.30.30  user=root
Jan  9 06:34:18 do sshd[16632]: Received disconnect from 221.229.162.204 port 42398:11:  [preauth]
Jan  9 06:34:18 do sshd[16632]: Disconnected from 221.229.162.204 port 42398 [preauth]
Jan  9 06:34:19 do sshd[16629]: Failed password for root from 202.109.143.120 port 4118 ssh2
Jan  9 06:34:19 do sshd[16629]: Connection reset by 202.109.143.120 port 4118 [preauth]
Jan  9 06:34:19 do sshd[16629]: PAM 4 more authentication failures; logname= uid=0 euid=0 tty=ssh ruser= rhost=202.109.143.120  user=root
Jan  9 06:34:19 do sshd[16629]: PAM service(sshd) ignoring max retries; 5 > 3
Jan  9 06:34:19 do sshd[16634]: Failed password for root from 218.65.30.30 port 25545 ssh2
Jan  9 06:34:22 do sshd[16634]: Failed password for root from 218.65.30.30 port 25545 ssh2
Jan  9 06:34:23 do sshd[16636]: pam_unix(sshd:auth): authentication failure; logname= uid=0 euid=0 tty=ssh ruser= rhost=202.109.143.120  user=root
Jan  9 06:34:25 do sshd[16634]: Failed password for root from 218.65.30.30 port 25545 ssh2
Jan  9 06:34:25 do sshd[16636]: Failed password for root from 202.109.143.120 port 3081 ssh2
Jan  9 06:34:27 do sshd[16634]: Failed password for root from 218.65.30.30 port 25545 ssh2
Jan  9 06:34:27 do sshd[16636]: Failed password for root from 202.109.143.120 port 3081 ssh2
Jan  9 06:34:29 do sshd[16636]: Failed password for root from 202.109.143.120 port 3081 ssh2
Jan  9 06:34:30 do sshd[16634]: Failed password for root from 218.65.30.30 port 25545 ssh2
Jan  9 06:34:32 do sshd[16636]: Failed password for root from 202.109.143.120 port 3081 ssh2
Jan  9 06:34:33 do sshd[16634]: Failed password for root from 218.65.30.30 port 25545 ssh2
Jan  9 06:34:33 do sshd[16634]: error: maximum authentication attempts exceeded for root from 218.65.30.30 port 25545 ssh2 [preauth]
Jan  9 06:34:33 do sshd[16634]: Disconnecting: Too many authentication failures [preauth]
Jan  9 06:34:33 do sshd[16634]: PAM 5 more authentication failures; logname= uid=0 euid=0 tty=ssh ruser= rhost=218.65.30.30  user=root
Jan  9 06:34:33 do sshd[16634]: PAM service(sshd) ignoring max retries; 6 > 3
Jan  9 06:34:35 do sshd[16636]: Failed password for root from 202.109.143.120 port 3081 ssh2
Jan  9 06:34:35 do sshd[16636]: Connection reset by 202.109.143.120 port 3081 [preauth]
Jan  9 06:34:35 do sshd[16636]: PAM 4 more authentication failures; logname= uid=0 euid=0 tty=ssh ruser= rhost=202.109.143.120  user=root
Jan  9 06:34:35 do sshd[16636]: PAM service(sshd) ignoring max retries; 5 > 3
Jan  9 06:34:36 do sshd[16638]: pam_unix(sshd:auth): authentication failure; logname= uid=0 euid=0 tty=ssh ruser= rhost=218.65.30.30  user=root
Jan  9 06:34:38 do sshd[16638]: Failed password for root from 218.65.30.30 port 53797 ssh2
Jan  9 06:34:41 do sshd[16638]: Failed password for root from 218.65.30.30 port 53797 ssh2
Jan  9 06:34:43 do sshd[16643]: pam_unix(sshd:auth): authentication failure; logname= uid=0 euid=0 tty=ssh ruser= rhost=202.109.143.120  user=root
Jan  9 06:34:43 do sshd[16638]: Failed password for root from 218.65.30.30 port 53797 ssh2
Jan  9 06:34:44 do sshd[16641]: Received disconnect from 221.229.162.204 port 63840:11:  [preauth]
Jan  9 06:34:44 do sshd[16641]: Disconnected from 221.229.162.204 port 63840 [preauth]
Jan  9 06:34:45 do sshd[16643]: Failed password for root from 202.109.143.120 port 3948 ssh2
Jan  9 06:34:46 do sshd[16638]: Failed password for root from 218.65.30.30 port 53797 ssh2
Jan  9 06:34:48 do sshd[16643]: Failed password for root from 202.109.143.120 port 3948 ssh2
Jan  9 06:34:49 do sshd[16638]: Failed password for root from 218.65.30.30 port 53797 ssh2
Jan  9 06:34:50 do sshd[16643]: Failed password for root from 202.109.143.120 port 3948 ssh2
Jan  9 06:34:51 do sshd[16638]: Failed password for root from 218.65.30.30 port 53797 ssh2
Jan  9 06:34:51 do sshd[16638]: error: maximum authentication attempts exceeded for root from 218.65.30.30 port 53797 ssh2 [preauth]
Jan  9 06:34:51 do sshd[16638]: Disconnecting: Too many authentication failures [preauth]
Jan  9 06:34:51 do sshd[16638]: PAM 5 more authentication failures; logname= uid=0 euid=0 tty=ssh ruser= rhost=218.65.30.30  user=root
Jan  9 06:34:51 do sshd[16638]: PAM service(sshd) ignoring max retries; 6 > 3
Jan  9 06:34:52 do sshd[16643]: Failed password for root from 202.109.143.120 port 3948 ssh2
Jan  9 06:34:54 do sshd[16645]: pam_unix(sshd:auth): authentication failure; logname= uid=0 euid=0 tty=ssh ruser= rhost=218.65.30.30  user=root
Jan  9 06:34:54 do sshd[16643]: Failed password for root from 202.109.143.120 port 3948 ssh2
Jan  9 06:34:54 do sshd[16643]: Connection reset by 202.109.143.120 port 3948 [preauth]
Jan  9 06:34:54 do sshd[16643]: PAM 4 more authentication failures; logname= uid=0 euid=0 tty=ssh ruser= rhost=202.109.143.120  user=root
Jan  9 06:34:54 do sshd[16643]: PAM service(sshd) ignoring max retries; 5 > 3
Jan  9 06:34:56 do sshd[16645]: Failed password for root from 218.65.30.30 port 17478 ssh2
Jan  9 06:34:59 do sshd[16647]: pam_unix(sshd:auth): authentication failure; logname= uid=0 euid=0 tty=ssh ruser= rhost=202.109.143.120  user=root
Jan  9 06:34:59 do sshd[16645]: Failed password for root from 218.65.30.30 port 17478 ssh2
Jan  9 06:35:01 do sshd[16647]: Failed password for root from 202.109.143.120 port 4464 ssh2
Jan  9 06:35:01 do CRON[16649]: pam_unix(cron:session): session opened for user root by (uid=0)
Jan  9 06:35:01 do CRON[16649]: pam_unix(cron:session): session closed for user root
Jan  9 06:35:02 do sshd[16645]: Failed password for root from 218.65.30.30 port 17478 ssh2
Jan  9 06:35:03 do sshd[16647]: Failed password for root from 202.109.143.120 port 4464 ssh2
Jan  9 06:35:03 do sshd[16652]: Connection closed by 54.64.73.96 port 44987 [preauth]
Jan  9 06:35:04 do sshd[16647]: Failed password for root from 202.109.143.120 port 4464 ssh2
Jan  9 06:35:05 do sshd[16645]: Failed password for root from 218.65.30.30 port 17478 ssh2
Jan  9 06:35:06 do sshd[16647]: Failed password for root from 202.109.143.120 port 4464 ssh2
Jan  9 06:35:08 do sshd[16645]: Failed password for root from 218.65.30.30 port 17478 ssh2
Jan  9 06:35:09 do sshd[16647]: Failed password for root from 202.109.143.120 port 4464 ssh2
Jan  9 06:35:10 do sshd[16647]: Connection reset by 202.109.143.120 port 4464 [preauth]
Jan  9 06:35:10 do sshd[16647]: PAM 4 more authentication failures; logname= uid=0 euid=0 tty=ssh ruser= rhost=202.109.143.120  user=root
Jan  9 06:35:10 do sshd[16647]: PAM service(sshd) ignoring max retries; 5 > 3
Jan  9 06:35:10 do sshd[16654]: Received disconnect from 221.229.162.204 port 25825:11:  [preauth]
Jan  9 06:35:10 do sshd[16654]: Disconnected from 221.229.162.204 port 25825 [preauth]
Jan  9 06:35:10 do sshd[16645]: Failed password for root from 218.65.30.30 port 17478 ssh2
Jan  9 06:35:10 do sshd[16645]: error: maximum authentication attempts exceeded for root from 218.65.30.30 port 17478 ssh2 [preauth]
Jan  9 06:35:10 do sshd[16645]: Disconnecting: Too many authentication failures [preauth]
Jan  9 06:35:10 do sshd[16645]: PAM 5 more authentication failures; logname= uid=0 euid=0 tty=ssh ruser= rhost=218.65.30.30  user=root
Jan  9 06:35:10 do sshd[16645]: PAM service(sshd) ignoring max retries; 6 > 3
Jan  9 06:35:11 do sshd[16657]: pam_unix(sshd:auth): authentication failure; logname= uid=0 euid=0 tty=ssh ruser= rhost=202.109.143.120  user=root
Jan  9 06:35:13 do sshd[16657]: Failed password for root from 202.109.143.120 port 3751 ssh2
Jan  9 06:35:13 do sshd[16659]: pam_unix(sshd:auth): authentication failure; logname= uid=0 euid=0 tty=ssh ruser= rhost=218.65.30.30  user=root
Jan  9 06:35:15 do sshd[16659]: Failed password for root from 218.65.30.30 port 46512 ssh2
Jan  9 06:35:15 do sshd[16657]: Failed password for root from 202.109.143.120 port 3751 ssh2
Jan  9 06:35:17 do sshd[16657]: Failed password for root from 202.109.143.120 port 3751 ssh2
Jan  9 06:35:17 do sshd[16659]: Failed password for root from 218.65.30.30 port 46512 ssh2
Jan  9 06:35:19 do sshd[16657]: Failed password for root from 202.109.143.120 port 3751 ssh2
Jan  9 06:35:21 do sshd[16659]: Failed password for root from 218.65.30.30 port 46512 ssh2
Jan  9 06:35:22 do sshd[16657]: Failed password for root from 202.109.143.120 port 3751 ssh2
Jan  9 06:35:22 do sshd[16657]: Connection reset by 202.109.143.120 port 3751 [preauth]
Jan  9 06:35:22 do sshd[16657]: PAM 4 more authentication failures; logname= uid=0 euid=0 tty=ssh ruser= rhost=202.109.143.120  user=root
Jan  9 06:35:22 do sshd[16657]: PAM service(sshd) ignoring max retries; 5 > 3
Jan  9 06:35:23 do sshd[16659]: Failed password for root from 218.65.30.30 port 46512 ssh2
Jan  9 06:35:24 do sshd[16661]: pam_unix(sshd:auth): authentication failure; logname= uid=0 euid=0 tty=ssh ruser= rhost=202.109.143.120  user=root
Jan  9 06:35:25 do sshd[16659]: Failed password for root from 218.65.30.30 port 46512 ssh2
Jan  9 06:35:26 do sshd[16661]: Failed password for root from 202.109.143.120 port 4002 ssh2
Jan  9 06:35:28 do sshd[16659]: Failed password for root from 218.65.30.30 port 46512 ssh2
Jan  9 06:35:28 do sshd[16659]: error: maximum authentication attempts exceeded for root from 218.65.30.30 port 46512 ssh2 [preauth]
Jan  9 06:35:28 do sshd[16659]: Disconnecting: Too many authentication failures [preauth]
Jan  9 06:35:28 do sshd[16659]: PAM 5 more authentication failures; logname= uid=0 euid=0 tty=ssh ruser= rhost=218.65.30.30  user=root
Jan  9 06:35:28 do sshd[16659]: PAM service(sshd) ignoring max retries; 6 > 3
Jan  9 06:35:28 do sshd[16661]: Failed password for root from 202.109.143.120 port 4002 ssh2
Jan  9 06:35:35 do sshd[16661]: message repeated 3 times: [ Failed password for root from 202.109.143.120 port 4002 ssh2]
Jan  9 06:35:35 do sshd[16661]: Connection reset by 202.109.143.120 port 4002 [preauth]
Jan  9 06:35:35 do sshd[16661]: PAM 4 more authentication failures; logname= uid=0 euid=0 tty=ssh ruser= rhost=202.109.143.120  user=root
Jan  9 06:35:35 do sshd[16661]: PAM service(sshd) ignoring max retries; 5 > 3
Jan  9 06:35:36 do sshd[16665]: Received disconnect from 221.229.162.204 port 43605:11:  [preauth]
Jan  9 06:35:36 do sshd[16665]: Disconnected from 221.229.162.204 port 43605 [preauth]
Jan  9 06:35:37 do sshd[16663]: pam_unix(sshd:auth): authentication failure; logname= uid=0 euid=0 tty=ssh ruser= rhost=218.65.30.30  user=root
Jan  9 06:35:38 do sshd[16663]: Failed password for root from 218.65.30.30 port 9315 ssh2
Jan  9 06:35:39 do sshd[16667]: pam_unix(sshd:auth): authentication failure; logname= uid=0 euid=0 tty=ssh ruser= rhost=202.109.143.120  user=root
Jan  9 06:35:41 do sshd[16667]: Failed password for root from 202.109.143.120 port 3956 ssh2
Jan  9 06:35:41 do sshd[16663]: Failed password for root from 218.65.30.30 port 9315 ssh2
Jan  9 06:35:44 do sshd[16663]: Failed password for root from 218.65.30.30 port 9315 ssh2
Jan  9 06:35:45 do sshd[16667]: Failed password for root from 202.109.143.120 port 3956 ssh2
Jan  9 06:35:47 do sshd[16663]: Failed password for root from 218.65.30.30 port 9315 ssh2
Jan  9 06:35:47 do sshd[16667]: Failed password for root from 202.109.143.120 port 3956 ssh2
Jan  9 06:35:49 do sshd[16667]: Failed password for root from 202.109.143.120 port 3956 ssh2
Jan  9 06:35:50 do sshd[16663]: Failed password for root from 218.65.30.30 port 9315 ssh2
Jan  9 06:35:51 do sshd[16667]: Failed password for root from 202.109.143.120 port 3956 ssh2
Jan  9 06:35:51 do sshd[16667]: Connection reset by 202.109.143.120 port 3956 [preauth]
Jan  9 06:35:51 do sshd[16667]: PAM 4 more authentication failures; logname= uid=0 euid=0 tty=ssh ruser= rhost=202.109.143.120  user=root
Jan  9 06:35:51 do sshd[16667]: PAM service(sshd) ignoring max retries; 5 > 3
Jan  9 06:35:52 do sshd[16663]: Failed password for root from 218.65.30.30 port 9315 ssh2
Jan  9 06:35:52 do sshd[16663]: error: maximum authentication attempts exceeded for root from 218.65.30.30 port 9315 ssh2 [preauth]
Jan  9 06:35:52 do sshd[16663]: Disconnecting: Too many authentication failures [preauth]
Jan  9 06:35:52 do sshd[16663]: PAM 5 more authentication failures; logname= uid=0 euid=0 tty=ssh ruser= rhost=218.65.30.30  user=root
Jan  9 06:35:52 do sshd[16663]: PAM service(sshd) ignoring max retries; 6 > 3
Jan  9 06:35:55 do sshd[16672]: pam_unix(sshd:auth): authentication failure; logname= uid=0 euid=0 tty=ssh ruser= rhost=218.65.30.30  user=root
Jan  9 06:35:56 do sshd[16670]: pam_unix(sshd:auth): authentication failure; logname= uid=0 euid=0 tty=ssh ruser= rhost=202.109.143.120  user=root
Jan  9 06:35:56 do sshd[16672]: Failed password for root from 218.65.30.30 port 46573 ssh2
Jan  9 06:35:58 do sshd[16670]: Failed password for root from 202.109.143.120 port 2302 ssh2
Jan  9 06:35:58 do sshd[16672]: Failed password for root from 218.65.30.30 port 46573 ssh2
Jan  9 06:36:00 do sshd[16670]: Failed password for root from 202.109.143.120 port 2302 ssh2
Jan  9 06:36:00 do sshd[16674]: Received disconnect from 221.229.162.204 port 61859:11:  [preauth]
Jan  9 06:36:00 do sshd[16674]: Disconnected from 221.229.162.204 port 61859 [preauth]
Jan  9 06:36:01 do sshd[16672]: Failed password for root from 218.65.30.30 port 46573 ssh2
Jan  9 06:36:02 do sshd[16670]: Failed password for root from 202.109.143.120 port 2302 ssh2
Jan  9 06:36:03 do sshd[16672]: Failed password for root from 218.65.30.30 port 46573 ssh2
Jan  9 06:36:04 do sshd[16670]: Failed password for root from 202.109.143.120 port 2302 ssh2
Jan  9 06:36:06 do sshd[16672]: Failed password for root from 218.65.30.30 port 46573 ssh2
Jan  9 06:36:06 do sshd[16670]: Failed password for root from 202.109.143.120 port 2302 ssh2
Jan  9 06:36:07 do sshd[16670]: Connection reset by 202.109.143.120 port 2302 [preauth]
Jan  9 06:36:07 do sshd[16670]: PAM 4 more authentication failures; logname= uid=0 euid=0 tty=ssh ruser= rhost=202.109.143.120  user=root
Jan  9 06:36:07 do sshd[16670]: PAM service(sshd) ignoring max retries; 5 > 3
Jan  9 06:36:08 do sshd[16672]: Failed password for root from 218.65.30.30 port 46573 ssh2
Jan  9 06:36:08 do sshd[16672]: error: maximum authentication attempts exceeded for root from 218.65.30.30 port 46573 ssh2 [preauth]
Jan  9 06:36:08 do sshd[16672]: Disconnecting: Too many authentication failures [preauth]
Jan  9 06:36:08 do sshd[16672]: PAM 5 more authentication failures; logname= uid=0 euid=0 tty=ssh ruser= rhost=218.65.30.30  user=root
Jan  9 06:36:08 do sshd[16672]: PAM service(sshd) ignoring max retries; 6 > 3
Jan  9 06:36:11 do sshd[16677]: pam_unix(sshd:auth): authentication failure; logname= uid=0 euid=0 tty=ssh ruser= rhost=218.65.30.30  user=root
Jan  9 06:36:13 do sshd[16677]: Failed password for root from 218.65.30.30 port 7042 ssh2
Jan  9 06:36:26 do sshd[16677]: message repeated 5 times: [ Failed password for root from 218.65.30.30 port 7042 ssh2]
Jan  9 06:36:26 do sshd[16677]: error: maximum authentication attempts exceeded for root from 218.65.30.30 port 7042 ssh2 [preauth]
Jan  9 06:36:26 do sshd[16677]: Disconnecting: Too many authentication failures [preauth]
Jan  9 06:36:26 do sshd[16677]: PAM 5 more authentication failures; logname= uid=0 euid=0 tty=ssh ruser= rhost=218.65.30.30  user=root
Jan  9 06:36:26 do sshd[16677]: PAM service(sshd) ignoring max retries; 6 > 3
Jan  9 06:36:27 do sshd[16679]: Received disconnect from 221.229.162.204 port 39782:11:  [preauth]
Jan  9 06:36:27 do sshd[16679]: Disconnected from 221.229.162.204 port 39782 [preauth]
Jan  9 06:36:28 do sshd[16681]: pam_unix(sshd:auth): authentication failure; logname= uid=0 euid=0 tty=ssh ruser= rhost=218.65.30.30  user=root
Jan  9 06:36:31 do sshd[16681]: Failed password for root from 218.65.30.30 port 34334 ssh2
Jan  9 06:36:44 do sshd[16681]: message repeated 5 times: [ Failed password for root from 218.65.30.30 port 34334 ssh2]
Jan  9 06:36:44 do sshd[16681]: error: maximum authentication attempts exceeded for root from 218.65.30.30 port 34334 ssh2 [preauth]
Jan  9 06:36:44 do sshd[16681]: Disconnecting: Too many authentication failures [preauth]
Jan  9 06:36:44 do sshd[16681]: PAM 5 more authentication failures; logname= uid=0 euid=0 tty=ssh ruser= rhost=218.65.30.30  user=root
Jan  9 06:36:44 do sshd[16681]: PAM service(sshd) ignoring max retries; 6 > 3
Jan  9 06:36:48 do sshd[16684]: pam_unix(sshd:auth): authentication failure; logname= uid=0 euid=0 tty=ssh ruser= rhost=218.65.30.30  user=root
Jan  9 06:36:50 do sshd[16684]: Failed password for root from 218.65.30.30 port 61906 ssh2
Jan  9 06:36:52 do sshd[16690]: Connection closed by 54.64.73.96 port 49221 [preauth]
Jan  9 06:36:53 do sshd[16684]: Failed password for root from 218.65.30.30 port 61906 ssh2
Jan  9 06:36:54 do sshd[16688]: Received disconnect from 221.229.162.204 port 62678:11:  [preauth]
Jan  9 06:36:54 do sshd[16688]: Disconnected from 221.229.162.204 port 62678 [preauth]
Jan  9 06:36:56 do sshd[16684]: Failed password for root from 218.65.30.30 port 61906 ssh2
Jan  9 06:37:04 do sshd[16684]: message repeated 3 times: [ Failed password for root from 218.65.30.30 port 61906 ssh2]
Jan  9 06:37:04 do sshd[16684]: error: maximum authentication attempts exceeded for root from 218.65.30.30 port 61906 ssh2 [preauth]
Jan  9 06:37:04 do sshd[16684]: Disconnecting: Too many authentication failures [preauth]
Jan  9 06:37:04 do sshd[16684]: PAM 5 more authentication failures; logname= uid=0 euid=0 tty=ssh ruser= rhost=218.65.30.30  user=root
Jan  9 06:37:04 do sshd[16684]: PAM service(sshd) ignoring max retries; 6 > 3
Jan  9 06:37:07 do sshd[16693]: pam_unix(sshd:auth): authentication failure; logname= uid=0 euid=0 tty=ssh ruser= rhost=218.65.30.30  user=root
Jan  9 06:37:08 do sshd[16686]: pam_unix(sshd:auth): authentication failure; logname= uid=0 euid=0 tty=ssh ruser= rhost=202.109.143.120  user=root
Jan  9 06:37:09 do sshd[16693]: Failed password for root from 218.65.30.30 port 29455 ssh2
Jan  9 06:37:10 do sshd[16686]: Failed password for root from 202.109.143.120 port 4571 ssh2
Jan  9 06:37:11 do sshd[16693]: Failed password for root from 218.65.30.30 port 29455 ssh2
Jan  9 06:37:17 do sshd[16693]: message repeated 2 times: [ Failed password for root from 218.65.30.30 port 29455 ssh2]
Jan  9 06:37:19 do sshd[16695]: Received disconnect from 221.229.162.204 port 16673:11:  [preauth]
Jan  9 06:37:19 do sshd[16695]: Disconnected from 221.229.162.204 port 16673 [preauth]
Jan  9 06:37:19 do sshd[16693]: Failed password for root from 218.65.30.30 port 29455 ssh2
Jan  9 06:37:21 do sshd[16693]: Failed password for root from 218.65.30.30 port 29455 ssh2
Jan  9 06:37:21 do sshd[16693]: error: maximum authentication attempts exceeded for root from 218.65.30.30 port 29455 ssh2 [preauth]
Jan  9 06:37:21 do sshd[16693]: Disconnecting: Too many authentication failures [preauth]
Jan  9 06:37:21 do sshd[16693]: PAM 5 more authentication failures; logname= uid=0 euid=0 tty=ssh ruser= rhost=218.65.30.30  user=root
Jan  9 06:37:21 do sshd[16693]: PAM service(sshd) ignoring max retries; 6 > 3
Jan  9 06:37:24 do sshd[16697]: pam_unix(sshd:auth): authentication failure; logname= uid=0 euid=0 tty=ssh ruser= rhost=218.65.30.30  user=root
Jan  9 06:37:26 do sshd[16697]: Failed password for root from 218.65.30.30 port 56484 ssh2
Jan  9 06:37:31 do sshd[16697]: message repeated 2 times: [ Failed password for root from 218.65.30.30 port 56484 ssh2]
Jan  9 06:37:33 do sshd[16686]: Failed password for root from 202.109.143.120 port 4571 ssh2
Jan  9 06:37:33 do sshd[16697]: Failed password for root from 218.65.30.30 port 56484 ssh2
Jan  9 06:37:35 do sshd[16686]: Failed password for root from 202.109.143.120 port 4571 ssh2
Jan  9 06:37:36 do sshd[16697]: Failed password for root from 218.65.30.30 port 56484 ssh2
Jan  9 06:37:37 do sshd[16686]: Failed password for root from 202.109.143.120 port 4571 ssh2
Jan  9 06:37:39 do sshd[16697]: Failed password for root from 218.65.30.30 port 56484 ssh2
Jan  9 06:37:39 do sshd[16697]: error: maximum authentication attempts exceeded for root from 218.65.30.30 port 56484 ssh2 [preauth]
Jan  9 06:37:39 do sshd[16697]: Disconnecting: Too many authentication failures [preauth]
Jan  9 06:37:39 do sshd[16697]: PAM 5 more authentication failures; logname= uid=0 euid=0 tty=ssh ruser= rhost=218.65.30.30  user=root
Jan  9 06:37:39 do sshd[16697]: PAM service(sshd) ignoring max retries; 6 > 3
Jan  9 06:37:39 do sshd[16686]: Failed password for root from 202.109.143.120 port 4571 ssh2
Jan  9 06:37:40 do sshd[16686]: Connection reset by 202.109.143.120 port 4571 [preauth]
Jan  9 06:37:40 do sshd[16686]: PAM 4 more authentication failures; logname= uid=0 euid=0 tty=ssh ruser= rhost=202.109.143.120  user=root
Jan  9 06:37:40 do sshd[16686]: PAM service(sshd) ignoring max retries; 5 > 3
Jan  9 06:37:41 do sshd[16702]: pam_unix(sshd:auth): authentication failure; logname= uid=0 euid=0 tty=ssh ruser= rhost=202.109.143.120  user=root
Jan  9 06:37:43 do sshd[16704]: pam_unix(sshd:auth): authentication failure; logname= uid=0 euid=0 tty=ssh ruser= rhost=218.65.30.30  user=root
Jan  9 06:37:44 do sshd[16702]: Failed password for root from 202.109.143.120 port 4341 ssh2
Jan  9 06:37:45 do sshd[16704]: Failed password for root from 218.65.30.30 port 19110 ssh2
Jan  9 06:37:45 do sshd[16700]: Received disconnect from 221.229.162.204 port 43561:11:  [preauth]
Jan  9 06:37:45 do sshd[16700]: Disconnected from 221.229.162.204 port 43561 [preauth]
Jan  9 06:37:46 do sshd[16702]: Failed password for root from 202.109.143.120 port 4341 ssh2
Jan  9 06:37:48 do sshd[16704]: Failed password for root from 218.65.30.30 port 19110 ssh2
Jan  9 06:37:48 do sshd[16702]: Failed password for root from 202.109.143.120 port 4341 ssh2
Jan  9 06:37:51 do sshd[16704]: Failed password for root from 218.65.30.30 port 19110 ssh2
Jan  9 06:37:51 do sshd[16702]: Failed password for root from 202.109.143.120 port 4341 ssh2
Jan  9 06:37:53 do sshd[16704]: Failed password for root from 218.65.30.30 port 19110 ssh2
Jan  9 06:37:53 do sshd[16702]: Failed password for root from 202.109.143.120 port 4341 ssh2
Jan  9 06:37:54 do sshd[16702]: Connection reset by 202.109.143.120 port 4341 [preauth]
Jan  9 06:37:54 do sshd[16702]: PAM 4 more authentication failures; logname= uid=0 euid=0 tty=ssh ruser= rhost=202.109.143.120  user=root
Jan  9 06:37:54 do sshd[16702]: PAM service(sshd) ignoring max retries; 5 > 3
Jan  9 06:37:56 do sshd[16704]: Failed password for root from 218.65.30.30 port 19110 ssh2
Jan  9 06:37:59 do sshd[16704]: Failed password for root from 218.65.30.30 port 19110 ssh2
Jan  9 06:37:59 do sshd[16704]: error: maximum authentication attempts exceeded for root from 218.65.30.30 port 19110 ssh2 [preauth]
Jan  9 06:37:59 do sshd[16704]: Disconnecting: Too many authentication failures [preauth]
Jan  9 06:37:59 do sshd[16704]: PAM 5 more authentication failures; logname= uid=0 euid=0 tty=ssh ruser= rhost=218.65.30.30  user=root
Jan  9 06:37:59 do sshd[16704]: PAM service(sshd) ignoring max retries; 6 > 3
Jan  9 06:38:02 do sshd[16706]: pam_unix(sshd:auth): authentication failure; logname= uid=0 euid=0 tty=ssh ruser= rhost=218.65.30.30  user=root
Jan  9 06:38:04 do sshd[16706]: Failed password for root from 218.65.30.30 port 48951 ssh2
Jan  9 06:38:09 do sshd[16706]: message repeated 2 times: [ Failed password for root from 218.65.30.30 port 48951 ssh2]
Jan  9 06:38:10 do sshd[16711]: pam_unix(sshd:auth): authentication failure; logname= uid=0 euid=0 tty=ssh ruser= rhost=202.109.143.120  user=root
Jan  9 06:38:12 do sshd[16706]: Failed password for root from 218.65.30.30 port 48951 ssh2
Jan  9 06:38:12 do sshd[16709]: Received disconnect from 221.229.162.204 port 18978:11:  [preauth]
Jan  9 06:38:12 do sshd[16709]: Disconnected from 221.229.162.204 port 18978 [preauth]
Jan  9 06:38:12 do sshd[16711]: Failed password for root from 202.109.143.120 port 3564 ssh2
Jan  9 06:38:15 do sshd[16711]: Failed password for root from 202.109.143.120 port 3564 ssh2
Jan  9 06:38:15 do sshd[16706]: Failed password for root from 218.65.30.30 port 48951 ssh2
Jan  9 06:38:17 do sshd[16711]: Failed password for root from 202.109.143.120 port 3564 ssh2
Jan  9 06:38:18 do sshd[16706]: Failed password for root from 218.65.30.30 port 48951 ssh2
Jan  9 06:38:18 do sshd[16706]: error: maximum authentication attempts exceeded for root from 218.65.30.30 port 48951 ssh2 [preauth]
Jan  9 06:38:18 do sshd[16706]: Disconnecting: Too many authentication failures [preauth]
Jan  9 06:38:18 do sshd[16706]: PAM 5 more authentication failures; logname= uid=0 euid=0 tty=ssh ruser= rhost=218.65.30.30  user=root
Jan  9 06:38:18 do sshd[16706]: PAM service(sshd) ignoring max retries; 6 > 3
Jan  9 06:38:19 do sshd[16711]: Failed password for root from 202.109.143.120 port 3564 ssh2
Jan  9 06:38:21 do sshd[16713]: pam_unix(sshd:auth): authentication failure; logname= uid=0 euid=0 tty=ssh ruser= rhost=218.65.30.30  user=root
Jan  9 06:38:22 do sshd[16711]: Failed password for root from 202.109.143.120 port 3564 ssh2
Jan  9 06:38:22 do sshd[16711]: Connection reset by 202.109.143.120 port 3564 [preauth]
Jan  9 06:38:22 do sshd[16711]: PAM 4 more authentication failures; logname= uid=0 euid=0 tty=ssh ruser= rhost=202.109.143.120  user=root
Jan  9 06:38:22 do sshd[16711]: PAM service(sshd) ignoring max retries; 5 > 3
Jan  9 06:38:23 do sshd[16713]: Failed password for root from 218.65.30.30 port 13502 ssh2
Jan  9 06:38:23 do sshd[16715]: pam_unix(sshd:auth): authentication failure; logname= uid=0 euid=0 tty=ssh ruser= rhost=202.109.143.120  user=root
Jan  9 06:38:25 do sshd[16713]: Failed password for root from 218.65.30.30 port 13502 ssh2
Jan  9 06:38:25 do sshd[16715]: Failed password for root from 202.109.143.120 port 3564 ssh2
Jan  9 06:38:27 do sshd[16715]: Failed password for root from 202.109.143.120 port 3564 ssh2
Jan  9 06:38:27 do sshd[16713]: Failed password for root from 218.65.30.30 port 13502 ssh2
Jan  9 06:38:29 do sshd[16715]: Failed password for root from 202.109.143.120 port 3564 ssh2
Jan  9 06:38:30 do sshd[16713]: Failed password for root from 218.65.30.30 port 13502 ssh2
Jan  9 06:38:32 do sshd[16715]: Failed password for root from 202.109.143.120 port 3564 ssh2
Jan  9 06:38:33 do sshd[16713]: Failed password for root from 218.65.30.30 port 13502 ssh2
Jan  9 06:38:34 do sshd[16715]: Failed password for root from 202.109.143.120 port 3564 ssh2
Jan  9 06:38:34 do sshd[16715]: Connection reset by 202.109.143.120 port 3564 [preauth]
Jan  9 06:38:34 do sshd[16715]: PAM 4 more authentication failures; logname= uid=0 euid=0 tty=ssh ruser= rhost=202.109.143.120  user=root
Jan  9 06:38:34 do sshd[16715]: PAM service(sshd) ignoring max retries; 5 > 3
Jan  9 06:38:36 do sshd[16713]: Failed password for root from 218.65.30.30 port 13502 ssh2
Jan  9 06:38:36 do sshd[16713]: error: maximum authentication attempts exceeded for root from 218.65.30.30 port 13502 ssh2 [preauth]
Jan  9 06:38:36 do sshd[16713]: Disconnecting: Too many authentication failures [preauth]
Jan  9 06:38:36 do sshd[16713]: PAM 5 more authentication failures; logname= uid=0 euid=0 tty=ssh ruser= rhost=218.65.30.30  user=root
Jan  9 06:38:36 do sshd[16713]: PAM service(sshd) ignoring max retries; 6 > 3
Jan  9 06:38:39 do sshd[16720]: pam_unix(sshd:auth): authentication failure; logname= uid=0 euid=0 tty=ssh ruser= rhost=218.65.30.30  user=root
Jan  9 06:38:39 do sshd[16717]: Received disconnect from 221.229.162.204 port 48030:11:  [preauth]
Jan  9 06:38:39 do sshd[16717]: Disconnected from 221.229.162.204 port 48030 [preauth]
Jan  9 06:38:41 do sshd[16720]: Failed password for root from 218.65.30.30 port 40066 ssh2
Jan  9 06:38:42 do sshd[16724]: Connection closed by 54.64.73.96 port 53455 [preauth]
Jan  9 06:38:43 do sshd[16722]: pam_unix(sshd:auth): authentication failure; logname= uid=0 euid=0 tty=ssh ruser= rhost=202.109.143.120  user=root
Jan  9 06:38:44 do sshd[16720]: Failed password for root from 218.65.30.30 port 40066 ssh2
Jan  9 06:38:45 do sshd[16722]: Failed password for root from 202.109.143.120 port 4476 ssh2
Jan  9 06:38:47 do sshd[16720]: Failed password for root from 218.65.30.30 port 40066 ssh2
Jan  9 06:38:47 do sshd[16722]: Failed password for root from 202.109.143.120 port 4476 ssh2
Jan  9 06:38:50 do sshd[16720]: Failed password for root from 218.65.30.30 port 40066 ssh2
Jan  9 06:38:50 do sshd[16722]: Failed password for root from 202.109.143.120 port 4476 ssh2
Jan  9 06:38:52 do sshd[16720]: Failed password for root from 218.65.30.30 port 40066 ssh2
Jan  9 06:38:53 do sshd[16722]: Failed password for root from 202.109.143.120 port 4476 ssh2
Jan  9 06:38:56 do sshd[16720]: Failed password for root from 218.65.30.30 port 40066 ssh2
Jan  9 06:38:56 do sshd[16720]: error: maximum authentication attempts exceeded for root from 218.65.30.30 port 40066 ssh2 [preauth]
Jan  9 06:38:56 do sshd[16720]: Disconnecting: Too many authentication failures [preauth]
Jan  9 06:38:56 do sshd[16720]: PAM 5 more authentication failures; logname= uid=0 euid=0 tty=ssh ruser= rhost=218.65.30.30  user=root
Jan  9 06:38:56 do sshd[16720]: PAM service(sshd) ignoring max retries; 6 > 3
Jan  9 06:38:57 do sshd[16722]: Failed password for root from 202.109.143.120 port 4476 ssh2
Jan  9 06:38:57 do sshd[16722]: Connection reset by 202.109.143.120 port 4476 [preauth]
Jan  9 06:38:57 do sshd[16722]: PAM 4 more authentication failures; logname= uid=0 euid=0 tty=ssh ruser= rhost=202.109.143.120  user=root
Jan  9 06:38:57 do sshd[16722]: PAM service(sshd) ignoring max retries; 5 > 3
Jan  9 06:38:59 do sshd[16726]: pam_unix(sshd:auth): authentication failure; logname= uid=0 euid=0 tty=ssh ruser= rhost=218.65.30.30  user=root
Jan  9 06:38:59 do sshd[16728]: pam_unix(sshd:auth): authentication failure; logname= uid=0 euid=0 tty=ssh ruser= rhost=202.109.143.120  user=root
Jan  9 06:39:01 do sshd[16726]: Failed password for root from 218.65.30.30 port 5119 ssh2
Jan  9 06:39:01 do sshd[16728]: Failed password for root from 202.109.143.120 port 3174 ssh2
Jan  9 06:39:03 do sshd[16726]: Failed password for root from 218.65.30.30 port 5119 ssh2
Jan  9 06:39:04 do sshd[16728]: Failed password for root from 202.109.143.120 port 3174 ssh2
Jan  9 06:39:06 do sshd[16726]: Failed password for root from 218.65.30.30 port 5119 ssh2
Jan  9 06:39:06 do sshd[16728]: Failed password for root from 202.109.143.120 port 3174 ssh2
Jan  9 06:39:07 do sshd[16730]: Received disconnect from 221.229.162.204 port 12743:11:  [preauth]
Jan  9 06:39:07 do sshd[16730]: Disconnected from 221.229.162.204 port 12743 [preauth]
Jan  9 06:39:08 do sshd[16726]: Failed password for root from 218.65.30.30 port 5119 ssh2
Jan  9 06:39:08 do sshd[16728]: Failed password for root from 202.109.143.120 port 3174 ssh2
Jan  9 06:39:11 do sshd[16728]: Failed password for root from 202.109.143.120 port 3174 ssh2
Jan  9 06:39:11 do sshd[16728]: Connection reset by 202.109.143.120 port 3174 [preauth]
Jan  9 06:39:11 do sshd[16728]: PAM 4 more authentication failures; logname= uid=0 euid=0 tty=ssh ruser= rhost=202.109.143.120  user=root
Jan  9 06:39:11 do sshd[16728]: PAM service(sshd) ignoring max retries; 5 > 3
Jan  9 06:39:11 do sshd[16726]: Failed password for root from 218.65.30.30 port 5119 ssh2
Jan  9 06:39:14 do sshd[16726]: Failed password for root from 218.65.30.30 port 5119 ssh2
Jan  9 06:39:14 do sshd[16726]: error: maximum authentication attempts exceeded for root from 218.65.30.30 port 5119 ssh2 [preauth]
Jan  9 06:39:14 do sshd[16726]: Disconnecting: Too many authentication failures [preauth]
Jan  9 06:39:14 do sshd[16726]: PAM 5 more authentication failures; logname= uid=0 euid=0 tty=ssh ruser= rhost=218.65.30.30  user=root
Jan  9 06:39:14 do sshd[16726]: PAM service(sshd) ignoring max retries; 6 > 3
Jan  9 06:39:17 do sshd[16733]: pam_unix(sshd:auth): authentication failure; logname= uid=0 euid=0 tty=ssh ruser= rhost=218.65.30.30  user=root
Jan  9 06:39:20 do sshd[16733]: Failed password for root from 218.65.30.30 port 32846 ssh2
Jan  9 06:39:32 do sshd[16733]: message repeated 4 times: [ Failed password for root from 218.65.30.30 port 32846 ssh2]
Jan  9 06:39:32 do sshd[16737]: pam_unix(sshd:auth): authentication failure; logname= uid=0 euid=0 tty=ssh ruser= rhost=202.109.143.120  user=root
Jan  9 06:39:32 do sshd[16735]: Received disconnect from 221.229.162.204 port 37215:11:  [preauth]
Jan  9 06:39:32 do sshd[16735]: Disconnected from 221.229.162.204 port 37215 [preauth]
Jan  9 06:39:34 do sshd[16737]: Failed password for root from 202.109.143.120 port 3002 ssh2
Jan  9 06:39:34 do sshd[16733]: Failed password for root from 218.65.30.30 port 32846 ssh2
Jan  9 06:39:34 do sshd[16733]: error: maximum authentication attempts exceeded for root from 218.65.30.30 port 32846 ssh2 [preauth]
Jan  9 06:39:34 do sshd[16733]: Disconnecting: Too many authentication failures [preauth]
Jan  9 06:39:34 do sshd[16733]: PAM 5 more authentication failures; logname= uid=0 euid=0 tty=ssh ruser= rhost=218.65.30.30  user=root
Jan  9 06:39:34 do sshd[16733]: PAM service(sshd) ignoring max retries; 6 > 3
Jan  9 06:39:36 do sshd[16737]: Failed password for root from 202.109.143.120 port 3002 ssh2
Jan  9 06:39:38 do sshd[16740]: pam_unix(sshd:auth): authentication failure; logname= uid=0 euid=0 tty=ssh ruser= rhost=218.65.30.30  user=root
Jan  9 06:39:39 do sshd[16737]: Failed password for root from 202.109.143.120 port 3002 ssh2
Jan  9 06:39:40 do sshd[16740]: Failed password for root from 218.65.30.30 port 62670 ssh2
Jan  9 06:39:42 do sshd[16737]: Failed password for root from 202.109.143.120 port 3002 ssh2
Jan  9 06:39:43 do sshd[16740]: Failed password for root from 218.65.30.30 port 62670 ssh2
Jan  9 06:39:45 do sshd[16737]: Failed password for root from 202.109.143.120 port 3002 ssh2
Jan  9 06:39:45 do sshd[16737]: Connection reset by 202.109.143.120 port 3002 [preauth]
Jan  9 06:39:45 do sshd[16737]: PAM 4 more authentication failures; logname= uid=0 euid=0 tty=ssh ruser= rhost=202.109.143.120  user=root
Jan  9 06:39:45 do sshd[16737]: PAM service(sshd) ignoring max retries; 5 > 3
Jan  9 06:39:46 do sshd[16740]: Failed password for root from 218.65.30.30 port 62670 ssh2
Jan  9 06:39:47 do sshd[16742]: pam_unix(sshd:auth): authentication failure; logname= uid=0 euid=0 tty=ssh ruser= rhost=202.109.143.120  user=root
Jan  9 06:39:50 do sshd[16740]: Failed password for root from 218.65.30.30 port 62670 ssh2
Jan  9 06:39:50 do sshd[16742]: Failed password for root from 202.109.143.120 port 4818 ssh2
Jan  9 06:39:52 do sshd[16742]: Failed password for root from 202.109.143.120 port 4818 ssh2
Jan  9 06:39:53 do sshd[16740]: Failed password for root from 218.65.30.30 port 62670 ssh2
Jan  9 06:39:55 do sshd[16742]: Failed password for root from 202.109.143.120 port 4818 ssh2
Jan  9 06:39:57 do sshd[16742]: Failed password for root from 202.109.143.120 port 4818 ssh2
Jan  9 06:39:57 do sshd[16744]: Received disconnect from 221.229.162.204 port 43901:11:  [preauth]
Jan  9 06:39:57 do sshd[16744]: Disconnected from 221.229.162.204 port 43901 [preauth]
Jan  9 06:39:57 do sshd[16740]: Failed password for root from 218.65.30.30 port 62670 ssh2
Jan  9 06:39:57 do sshd[16740]: error: maximum authentication attempts exceeded for root from 218.65.30.30 port 62670 ssh2 [preauth]
Jan  9 06:39:57 do sshd[16740]: Disconnecting: Too many authentication failures [preauth]
Jan  9 06:39:57 do sshd[16740]: PAM 5 more authentication failures; logname= uid=0 euid=0 tty=ssh ruser= rhost=218.65.30.30  user=root
Jan  9 06:39:57 do sshd[16740]: PAM service(sshd) ignoring max retries; 6 > 3
Jan  9 06:39:58 do sshd[16742]: Failed password for root from 202.109.143.120 port 4818 ssh2
Jan  9 06:39:59 do sshd[16742]: Connection reset by 202.109.143.120 port 4818 [preauth]
Jan  9 06:39:59 do sshd[16742]: PAM 4 more authentication failures; logname= uid=0 euid=0 tty=ssh ruser= rhost=202.109.143.120  user=root
Jan  9 06:39:59 do sshd[16742]: PAM service(sshd) ignoring max retries; 5 > 3
Jan  9 06:40:00 do sshd[16746]: pam_unix(sshd:auth): authentication failure; logname= uid=0 euid=0 tty=ssh ruser= rhost=218.65.30.30  user=root
Jan  9 06:40:02 do sshd[16748]: pam_unix(sshd:auth): authentication failure; logname= uid=0 euid=0 tty=ssh ruser= rhost=202.109.143.120  user=root
Jan  9 06:40:02 do sshd[16746]: Failed password for root from 218.65.30.30 port 32218 ssh2
Jan  9 06:40:04 do sshd[16748]: Failed password for root from 202.109.143.120 port 3542 ssh2
Jan  9 06:40:05 do sshd[16746]: Failed password for root from 218.65.30.30 port 32218 ssh2
Jan  9 06:40:09 do sshd[16746]: Failed password for root from 218.65.30.30 port 32218 ssh2
Jan  9 06:40:09 do sshd[16748]: Failed password for root from 202.109.143.120 port 3542 ssh2
Jan  9 06:40:11 do sshd[16748]: Failed password for root from 202.109.143.120 port 3542 ssh2
Jan  9 06:40:11 do sshd[16746]: Failed password for root from 218.65.30.30 port 32218 ssh2
Jan  9 06:40:14 do sshd[16748]: Failed password for root from 202.109.143.120 port 3542 ssh2
Jan  9 06:40:15 do sshd[16746]: Failed password for root from 218.65.30.30 port 32218 ssh2
Jan  9 06:40:16 do sshd[16748]: Failed password for root from 202.109.143.120 port 3542 ssh2
