Jan  9 06:25:04 do sshd[16273]: Failed password for root from 218.65.30.30 port 9324 ssh2
Jan  9 06:25:05 do CRON[16277]: pam_unix(cron:session): session closed for user root
Jan  9 06:25:06 do sshd[16275]: Received disconnect from 221.229.162.204 port 53111:11:  [preauth]
Jan  9 06:25:06 do sshd[16275]: Disconnected from 221.229.162.204 port 53111 [preauth]
Jan  9 06:25:07 do sshd[16273]: Failed password for root from 218.65.30.30 port 9324 ssh2
Jan  9 06:25:09 do sshd[16273]: Failed password for root from 218.65.30.30 port 9324 ssh2
Jan  9 06:25:09 do sshd[16273]: error: maximum authentication attempts exceeded for root from 218.65.30.30 port 9324 ssh2 [preauth]
Jan  9 06:25:09 do sshd[16273]: Disconnecting: Too many authentication failures [preauth]
Jan  9 06:25:09 do sshd[16273]: PAM 5 more authentication failures; logname= uid=0 euid=0 tty=ssh ruser= rhost=218.65.30.30  user=root
Jan  9 06:25:09 do sshd[16273]: PAM service(sshd) ignoring max retries; 6 > 3
Jan  9 06:25:12 do sshd[16447]: pam_unix(sshd:auth): authentication failure; logname= uid=0 euid=0 tty=ssh ruser= rhost=218.65.30.30  user=root
Jan  9 06:25:14 do sshd[16447]: Failed password for root from 218.65.30.30 port 39200 ssh2
Jan  9 06:25:28 do sshd[16447]: message repeated 5 times: [ Failed password for root from 218.65.30.30 port 39200 ssh2]
Jan  9 06:25:28 do sshd[16447]: error: maximum authentication attempts exceeded for root from 218.65.30.30 port 39200 ssh2 [preauth]
Jan  9 06:25:28 do sshd[16447]: Disconnecting: Too many authentication failures [preauth]
Jan  9 06:25:28 do sshd[16447]: PAM 5 more authentication failures; logname= uid=0 euid=0 tty=ssh ruser= rhost=218.65.30.30  user=root
Jan  9 06:25:28 do sshd[16447]: PAM service(sshd) ignoring max retries; 6 > 3
Jan  9 06:25:31 do sshd[16453]: pam_unix(sshd:auth): authentication failure; logname= uid=0 euid=0 tty=ssh ruser= rhost=218.65.30.30  user=root
Jan  9 06:25:32 do sshd[16449]: pam_unix(sshd:auth): authentication failure; logname= uid=0 euid=0 tty=ssh ruser= rhost=202.109.143.120  user=root
Jan  9 06:25:32 do sshd[16451]: Received disconnect from 221.229.162.204 port 64211:11:  [preauth]
Jan  9 06:25:32 do sshd[16451]: Disconnected from 221.229.162.204 port 64211 [preauth]
Jan  9 06:25:33 do sshd[16453]: Failed password for root from 218.65.30.30 port 2191 ssh2
Jan  9 06:25:34 do sshd[16449]: Failed password for root from 202.109.143.120 port 1802 ssh2
Jan  9 06:25:36 do sshd[16453]: Failed password for root from 218.65.30.30 port 2191 ssh2
Jan  9 06:25:36 do sshd[16449]: Failed password for root from 202.109.143.120 port 1802 ssh2
Jan  9 06:25:38 do sshd[16453]: Failed password for root from 218.65.30.30 port 2191 ssh2
Jan  9 06:25:38 do sshd[16449]: Failed password for root from 202.109.143.120 port 1802 ssh2
Jan  9 06:25:41 do sshd[16449]: Failed password for root from 202.109.143.120 port 1802 ssh2
Jan  9 06:25:41 do sshd[16453]: Failed password for root from 218.65.30.30 port 2191 ssh2
Jan  9 06:25:44 do sshd[16449]: Failed password for root from 202.109.143.120 port 1802 ssh2
Jan  9 06:25:44 do sshd[16453]: Failed password for root from 218.65.30.30 port 2191 ssh2
Jan  9 06:25:44 do sshd[16449]: Connection reset by 202.109.143.120 port 1802 [preauth]
Jan  9 06:25:44 do sshd[16449]: PAM 4 more authentication failures; logname= uid=0 euid=0 tty=ssh ruser= rhost=202.109.143.120  user=root
Jan  9 06:25:44 do sshd[16449]: PAM service(sshd) ignoring max retries; 5 > 3
Jan  9 06:25:46 do sshd[16456]: pam_unix(sshd:auth): authentication failure; logname= uid=0 euid=0 tty=ssh ruser= rhost=202.109.143.120  user=root
Jan  9 06:25:47 do sshd[16453]: Failed password for root from 218.65.30.30 port 2191 ssh2
Jan  9 06:25:47 do sshd[16453]: error: maximum authentication attempts exceeded for root from 218.65.30.30 port 2191 ssh2 [preauth]
Jan  9 06:25:47 do sshd[16453]: Disconnecting: Too many authentication failures [preauth]
Jan  9 06:25:47 do sshd[16453]: PAM 5 more authentication failures; logname= uid=0 euid=0 tty=ssh ruser= rhost=218.65.30.30  user=root
Jan  9 06:25:47 do sshd[16453]: PAM service(sshd) ignoring max retries; 6 > 3
Jan  9 06:25:49 do sshd[16456]: Failed password for root from 202.109.143.120 port 1802 ssh2
Jan  9 06:25:49 do sshd[16458]: pam_unix(sshd:auth): authentication failure; logname= uid=0 euid=0 tty=ssh ruser= rhost=218.65.30.30  user=root
Jan  9 06:25:51 do sshd[16456]: Failed password for root from 202.109.143.120 port 1802 ssh2
Jan  9 06:25:51 do sshd[16458]: Failed password for root from 218.65.30.30 port 30500 ssh2
Jan  9 06:25:53 do sshd[16460]: Connection closed by 54.64.73.96 port 52050 [preauth]
Jan  9 06:25:53 do sshd[16456]: Failed password for root from 202.109.143.120 port 1802 ssh2
Jan  9 06:25:54 do sshd[16458]: Failed password for root from 218.65.30.30 port 30500 ssh2
Jan  9 06:25:56 do sshd[16456]: Failed password for root from 202.109.143.120 port 1802 ssh2
Jan  9 06:25:56 do sshd[16458]: Failed password for root from 218.65.30.30 port 30500 ssh2
Jan  9 06:25:58 do sshd[16462]: Received disconnect from 221.229.162.204 port 37174:11:  [preauth]
Jan  9 06:25:58 do sshd[16462]: Disconnected from 221.229.162.204 port 37174 [preauth]
Jan  9 06:25:58 do sshd[16456]: Failed password for root from 202.109.143.120 port 1802 ssh2
Jan  9 06:25:58 do sshd[16456]: Connection reset by 202.109.143.120 port 1802 [preauth]
Jan  9 06:25:58 do sshd[16456]: PAM 4 more authentication failures; logname= uid=0 euid=0 tty=ssh ruser= rhost=202.109.143.120  user=root
Jan  9 06:25:58 do sshd[16456]: PAM service(sshd) ignoring max retries; 5 > 3
Jan  9 06:25:59 do sshd[16458]: Failed password for root from 218.65.30.30 port 30500 ssh2
Jan  9 06:26:02 do sshd[16458]: Failed password for root from 218.65.30.30 port 30500 ssh2
Jan  9 06:26:04 do sshd[16464]: pam_unix(sshd:auth): authentication failure; logname= uid=0 euid=0 tty=ssh ruser= rhost=202.109.143.120  user=root
Jan  9 06:26:05 do sshd[16458]: Failed password for root from 218.65.30.30 port 30500 ssh2
Jan  9 06:26:05 do sshd[16458]: error: maximum authentication attempts exceeded for root from 218.65.30.30 port 30500 ssh2 [preauth]
Jan  9 06:26:05 do sshd[16458]: Disconnecting: Too many authentication failures [preauth]
Jan  9 06:26:05 do sshd[16458]: PAM 5 more authentication failures; logname= uid=0 euid=0 tty=ssh ruser= rhost=218.65.30.30  user=root
Jan  9 06:26:05 do sshd[16458]: PAM service(sshd) ignoring max retries; 6 > 3
Jan  9 06:26:06 do sshd[16464]: Failed password for root from 202.109.143.120 port 4251 ssh2
Jan  9 06:26:08 do sshd[16467]: pam_unix(sshd:auth): authentication failure; logname= uid=0 euid=0 tty=ssh ruser= rhost=218.65.30.30  user=root
Jan  9 06:26:08 do sshd[16464]: Failed password for root from 202.109.143.120 port 4251 ssh2
Jan  9 06:26:09 do sshd[16467]: Failed password for root from 218.65.30.30 port 58529 ssh2
Jan  9 06:26:10 do sshd[16464]: Failed password for root from 202.109.143.120 port 4251 ssh2
Jan  9 06:26:12 do sshd[16467]: Failed password for root from 218.65.30.30 port 58529 ssh2
Jan  9 06:26:12 do sshd[16464]: Failed password for root from 202.109.143.120 port 4251 ssh2
Jan  9 06:26:15 do sshd[16464]: Failed password for root from 202.109.143.120 port 4251 ssh2
Jan  9 06:26:15 do sshd[16467]: Failed password for root from 218.65.30.30 port 58529 ssh2
Jan  9 06:26:15 do sshd[16464]: Connection reset by 202.109.143.120 port 4251 [preauth]
Jan  9 06:26:15 do sshd[16464]: PAM 4 more authentication failures; logname= uid=0 euid=0 tty=ssh ruser= rhost=202.109.143.120  user=root
Jan  9 06:26:15 do sshd[16464]: PAM service(sshd) ignoring max retries; 5 > 3
Jan  9 06:26:16 do sshd[16469]: pam_unix(sshd:auth): authentication failure; logname= uid=0 euid=0 tty=ssh ruser= rhost=202.109.143.120  user=root
Jan  9 06:26:18 do sshd[16467]: Failed password for root from 218.65.30.30 port 58529 ssh2
Jan  9 06:26:19 do sshd[16469]: Failed password for root from 202.109.143.120 port 2975 ssh2
Jan  9 06:26:20 do sshd[16467]: Failed password for root from 218.65.30.30 port 58529 ssh2
Jan  9 06:26:20 do sshd[16469]: Failed password for root from 202.109.143.120 port 2975 ssh2
Jan  9 06:26:23 do sshd[16469]: Failed password for root from 202.109.143.120 port 2975 ssh2
Jan  9 06:26:23 do sshd[16467]: Failed password for root from 218.65.30.30 port 58529 ssh2
Jan  9 06:26:23 do sshd[16467]: error: maximum authentication attempts exceeded for root from 218.65.30.30 port 58529 ssh2 [preauth]
Jan  9 06:26:23 do sshd[16467]: Disconnecting: Too many authentication failures [preauth]
Jan  9 06:26:23 do sshd[16467]: PAM 5 more authentication failures; logname= uid=0 euid=0 tty=ssh ruser= rhost=218.65.30.30  user=root
Jan  9 06:26:23 do sshd[16467]: PAM service(sshd) ignoring max retries; 6 > 3
Jan  9 06:26:23 do sshd[16471]: Received disconnect from 221.229.162.204 port 49016:11:  [preauth]
Jan  9 06:26:23 do sshd[16471]: Disconnected from 221.229.162.204 port 49016 [preauth]
Jan  9 06:26:26 do sshd[16469]: Failed password for root from 202.109.143.120 port 2975 ssh2
Jan  9 06:26:27 do sshd[16473]: pam_unix(sshd:auth): authentication failure; logname= uid=0 euid=0 tty=ssh ruser= rhost=218.65.30.30  user=root
Jan  9 06:26:28 do sshd[16469]: Failed password for root from 202.109.143.120 port 2975 ssh2
Jan  9 06:26:28 do sshd[16469]: Connection reset by 202.109.143.120 port 2975 [preauth]
Jan  9 06:26:28 do sshd[16469]: PAM 4 more authentication failures; logname= uid=0 euid=0 tty=ssh ruser= rhost=202.109.143.120  user=root
Jan  9 06:26:28 do sshd[16469]: PAM service(sshd) ignoring max retries; 5 > 3
Jan  9 06:26:29 do sshd[16473]: Failed password for root from 218.65.30.30 port 21358 ssh2
Jan  9 06:26:32 do sshd[16473]: Failed password for root from 218.65.30.30 port 21358 ssh2
Jan  9 06:26:32 do sshd[16475]: pam_unix(sshd:auth): authentication failure; logname= uid=0 euid=0 tty=ssh ruser= rhost=202.109.143.120  user=root
Jan  9 06:26:34 do sshd[16475]: Failed password for root from 202.109.143.120 port 2975 ssh2
Jan  9 06:26:35 do sshd[16473]: Failed password for root from 218.65.30.30 port 21358 ssh2
Jan  9 06:26:37 do sshd[16475]: Failed password for root from 202.109.143.120 port 2975 ssh2
Jan  9 06:26:38 do sshd[16473]: Failed password for root from 218.65.30.30 port 21358 ssh2
Jan  9 06:26:39 do sshd[16475]: Failed password for root from 202.109.143.120 port 2975 ssh2
Jan  9 06:26:40 do sshd[16473]: Failed password for root from 218.65.30.30 port 21358 ssh2
Jan  9 06:26:41 do sshd[16475]: Failed password for root from 202.109.143.120 port 2975 ssh2
Jan  9 06:26:43 do sshd[16475]: Failed password for root from 202.109.143.120 port 2975 ssh2
Jan  9 06:26:43 do sshd[16473]: Failed password for root from 218.65.30.30 port 21358 ssh2
Jan  9 06:26:43 do sshd[16473]: error: maximum authentication attempts exceeded for root from 218.65.30.30 port 21358 ssh2 [preauth]
Jan  9 06:26:43 do sshd[16473]: Disconnecting: Too many authentication failures [preauth]
Jan  9 06:26:43 do sshd[16473]: PAM 5 more authentication failures; logname= uid=0 euid=0 tty=ssh ruser= rhost=218.65.30.30  user=root
Jan  9 06:26:43 do sshd[16473]: PAM service(sshd) ignoring max retries; 6 > 3
Jan  9 06:26:43 do sshd[16475]: Connection reset by 202.109.143.120 port 2975 [preauth]
Jan  9 06:26:43 do sshd[16475]: PAM 4 more authentication failures; logname= uid=0 euid=0 tty=ssh ruser= rhost=202.109.143.120  user=root
Jan  9 06:26:43 do sshd[16475]: PAM service(sshd) ignoring max retries; 5 > 3
Jan  9 06:26:46 do sshd[16478]: pam_unix(sshd:auth): authentication failure; logname= uid=0 euid=0 tty=ssh ruser= rhost=218.65.30.30  user=root
Jan  9 06:26:48 do sshd[16478]: Failed password for root from 218.65.30.30 port 51016 ssh2
Jan  9 06:26:51 do sshd[16480]: Received disconnect from 221.229.162.204 port 22943:11:  [preauth]
Jan  9 06:26:51 do sshd[16480]: Disconnected from 221.229.162.204 port 22943 [preauth]
Jan  9 06:26:51 do sshd[16478]: Failed password for root from 218.65.30.30 port 51016 ssh2
Jan  9 06:26:52 do sshd[16482]: pam_unix(sshd:auth): authentication failure; logname= uid=0 euid=0 tty=ssh ruser= rhost=202.109.143.120  user=root
Jan  9 06:26:54 do sshd[16478]: Failed password for root from 218.65.30.30 port 51016 ssh2
Jan  9 06:26:55 do sshd[16482]: Failed password for root from 202.109.143.120 port 1035 ssh2
Jan  9 06:26:57 do sshd[16478]: Failed password for root from 218.65.30.30 port 51016 ssh2
Jan  9 06:26:58 do sshd[16482]: Failed password for root from 202.109.143.120 port 1035 ssh2
Jan  9 06:27:00 do sshd[16478]: Failed password for root from 218.65.30.30 port 51016 ssh2
Jan  9 06:27:00 do sshd[16482]: Failed password for root from 202.109.143.120 port 1035 ssh2
Jan  9 06:27:02 do sshd[16482]: Failed password for root from 202.109.143.120 port 1035 ssh2
Jan  9 06:27:03 do sshd[16478]: Failed password for root from 218.65.30.30 port 51016 ssh2
Jan  9 06:27:03 do sshd[16478]: error: maximum authentication attempts exceeded for root from 218.65.30.30 port 51016 ssh2 [preauth]
Jan  9 06:27:03 do sshd[16478]: Disconnecting: Too many authentication failures [preauth]
Jan  9 06:27:03 do sshd[16478]: PAM 5 more authentication failures; logname= uid=0 euid=0 tty=ssh ruser= rhost=218.65.30.30  user=root
Jan  9 06:27:03 do sshd[16478]: PAM service(sshd) ignoring max retries; 6 > 3
Jan  9 06:27:06 do sshd[16484]: pam_unix(sshd:auth): authentication failure; logname= uid=0 euid=0 tty=ssh ruser= rhost=218.65.30.30  user=root
Jan  9 06:27:06 do sshd[16482]: Failed password for root from 202.109.143.120 port 1035 ssh2
Jan  9 06:27:07 do sshd[16482]: Connection reset by 202.109.143.120 port 1035 [preauth]
Jan  9 06:27:07 do sshd[16482]: PAM 4 more authentication failures; logname= uid=0 euid=0 tty=ssh ruser= rhost=202.109.143.120  user=root
Jan  9 06:27:07 do sshd[16482]: PAM service(sshd) ignoring max retries; 5 > 3
Jan  9 06:27:08 do sshd[16484]: Failed password for root from 218.65.30.30 port 14634 ssh2
Jan  9 06:27:11 do sshd[16484]: Failed password for root from 218.65.30.30 port 14634 ssh2
Jan  9 06:27:11 do sshd[16487]: pam_unix(sshd:auth): authentication failure; logname= uid=0 euid=0 tty=ssh ruser= rhost=202.109.143.120  user=root
Jan  9 06:27:13 do sshd[16484]: Failed password for root from 218.65.30.30 port 14634 ssh2
Jan  9 06:27:14 do sshd[16487]: Failed password for root from 202.109.143.120 port 1035 ssh2
Jan  9 06:27:16 do sshd[16484]: Failed password for root from 218.65.30.30 port 14634 ssh2
Jan  9 06:27:16 do sshd[16487]: Failed password for root from 202.109.143.120 port 1035 ssh2
Jan  9 06:27:17 do sshd[16489]: Received disconnect from 221.229.162.204 port 46807:11:  [preauth]
Jan  9 06:27:17 do sshd[16489]: Disconnected from 221.229.162.204 port 46807 [preauth]
Jan  9 06:27:18 do sshd[16484]: Failed password for root from 218.65.30.30 port 14634 ssh2
Jan  9 06:27:21 do sshd[16487]: Failed password for root from 202.109.143.120 port 1035 ssh2
Jan  9 06:27:21 do sshd[16484]: Failed password for root from 218.65.30.30 port 14634 ssh2
Jan  9 06:27:21 do sshd[16484]: error: maximum authentication attempts exceeded for root from 218.65.30.30 port 14634 ssh2 [preauth]
Jan  9 06:27:21 do sshd[16484]: Disconnecting: Too many authentication failures [preauth]
Jan  9 06:27:21 do sshd[16484]: PAM 5 more authentication failures; logname= uid=0 euid=0 tty=ssh ruser= rhost=218.65.30.30  user=root
Jan  9 06:27:21 do sshd[16484]: PAM service(sshd) ignoring max retries; 6 > 3
Jan  9 06:27:23 do sshd[16487]: Failed password for root from 202.109.143.120 port 1035 ssh2
Jan  9 06:27:24 do sshd[16491]: pam_unix(sshd:auth): authentication failure; logname= uid=0 euid=0 tty=ssh ruser= rhost=218.65.30.30  user=root
Jan  9 06:27:26 do sshd[16491]: Failed password for root from 218.65.30.30 port 41887 ssh2
Jan  9 06:27:26 do sshd[16487]: Failed password for root from 202.109.143.120 port 1035 ssh2
Jan  9 06:27:26 do sshd[16487]: Connection reset by 202.109.143.120 port 1035 [preauth]
Jan  9 06:27:26 do sshd[16487]: PAM 4 more authentication failures; logname= uid=0 euid=0 tty=ssh ruser= rhost=202.109.143.120  user=root
Jan  9 06:27:26 do sshd[16487]: PAM service(sshd) ignoring max retries; 5 > 3
Jan  9 06:27:28 do sshd[16493]: pam_unix(sshd:auth): authentication failure; logname= uid=0 euid=0 tty=ssh ruser= rhost=202.109.143.120  user=root
Jan  9 06:27:28 do sshd[16491]: Failed password for root from 218.65.30.30 port 41887 ssh2
Jan  9 06:27:29 do sshd[16493]: Failed password for root from 202.109.143.120 port 4069 ssh2
Jan  9 06:27:32 do sshd[16491]: Failed password for root from 218.65.30.30 port 41887 ssh2
Jan  9 06:27:32 do sshd[16493]: Failed password for root from 202.109.143.120 port 4069 ssh2
Jan  9 06:27:34 do sshd[16493]: Failed password for root from 202.109.143.120 port 4069 ssh2
Jan  9 06:27:34 do sshd[16491]: Failed password for root from 218.65.30.30 port 41887 ssh2
Jan  9 06:27:37 do sshd[16493]: Failed password for root from 202.109.143.120 port 4069 ssh2
Jan  9 06:27:37 do sshd[16491]: Failed password for root from 218.65.30.30 port 41887 ssh2
Jan  9 06:27:39 do sshd[16493]: Failed password for root from 202.109.143.120 port 4069 ssh2
Jan  9 06:27:39 do sshd[16493]: Connection reset by 202.109.143.120 port 4069 [preauth]
Jan  9 06:27:39 do sshd[16493]: PAM 4 more authentication failures; logname= uid=0 euid=0 tty=ssh ruser= rhost=202.109.143.120  user=root
Jan  9 06:27:39 do sshd[16493]: PAM service(sshd) ignoring max retries; 5 > 3
Jan  9 06:27:40 do sshd[16491]: Failed password for root from 218.65.30.30 port 41887 ssh2
Jan  9 06:27:40 do sshd[16491]: error: maximum authentication attempts exceeded for root from 218.65.30.30 port 41887 ssh2 [preauth]
Jan  9 06:27:40 do sshd[16491]: Disconnecting: Too many authentication failures [preauth]
Jan  9 06:27:40 do sshd[16491]: PAM 5 more authentication failures; logname= uid=0 euid=0 tty=ssh ruser= rhost=218.65.30.30  user=root
Jan  9 06:27:40 do sshd[16491]: PAM service(sshd) ignoring max retries; 6 > 3
Jan  9 06:27:41 do sshd[16498]: pam_unix(sshd:auth): authentication failure; logname= uid=0 euid=0 tty=ssh ruser= rhost=202.109.143.120  user=root
Jan  9 06:27:42 do sshd[16500]: pam_unix(sshd:auth): authentication failure; logname= uid=0 euid=0 tty=ssh ruser= rhost=218.65.30.30  user=root
Jan  9 06:27:43 do sshd[16496]: Received disconnect from 221.229.162.204 port 62391:11:  [preauth]
Jan  9 06:27:43 do sshd[16496]: Disconnected from 221.229.162.204 port 62391 [preauth]
Jan  9 06:27:43 do sshd[16502]: Connection closed by 54.64.73.96 port 56284 [preauth]
Jan  9 06:27:43 do sshd[16498]: Failed password for root from 202.109.143.120 port 4069 ssh2
Jan  9 06:27:44 do sshd[16500]: Failed password for root from 218.65.30.30 port 5875 ssh2
Jan  9 06:27:46 do sshd[16498]: Failed password for root from 202.109.143.120 port 4069 ssh2
Jan  9 06:27:47 do sshd[16500]: Failed password for root from 218.65.30.30 port 5875 ssh2
Jan  9 06:27:48 do sshd[16498]: Failed password for root from 202.109.143.120 port 4069 ssh2
Jan  9 06:27:50 do sshd[16500]: Failed password for root from 218.65.30.30 port 5875 ssh2
Jan  9 06:27:50 do sshd[16498]: Failed password for root from 202.109.143.120 port 4069 ssh2
Jan  9 06:27:52 do sshd[16498]: Failed password for root from 202.109.143.120 port 4069 ssh2
Jan  9 06:27:52 do sshd[16498]: Connection reset by 202.109.143.120 port 4069 [preauth]
Jan  9 06:27:52 do sshd[16498]: PAM 4 more authentication failures; logname= uid=0 euid=0 tty=ssh ruser= rhost=202.109.143.120  user=root
Jan  9 06:27:52 do sshd[16498]: PAM service(sshd) ignoring max retries; 5 > 3
Jan  9 06:27:52 do sshd[16500]: Failed password for root from 218.65.30.30 port 5875 ssh2
Jan  9 06:27:59 do sshd[16500]: message repeated 2 times: [ Failed password for root from 218.65.30.30 port 5875 ssh2]
Jan  9 06:27:59 do sshd[16500]: error: maximum authentication attempts exceeded for root from 218.65.30.30 port 5875 ssh2 [preauth]
Jan  9 06:27:59 do sshd[16500]: Disconnecting: Too many authentication failures [preauth]
Jan  9 06:27:59 do sshd[16500]: PAM 5 more authentication failures; logname= uid=0 euid=0 tty=ssh ruser= rhost=218.65.30.30  user=root
Jan  9 06:27:59 do sshd[16500]: PAM service(sshd) ignoring max retries; 6 > 3
Jan  9 06:28:02 do sshd[16504]: pam_unix(sshd:auth): authentication failure; logname= uid=0 euid=0 tty=ssh ruser= rhost=218.65.30.30  user=root
Jan  9 06:28:03 do sshd[16504]: Failed password for root from 218.65.30.30 port 35279 ssh2
Jan  9 06:28:09 do sshd[16504]: message repeated 2 times: [ Failed password for root from 218.65.30.30 port 35279 ssh2]
Jan  9 06:28:10 do sshd[16506]: Received disconnect from 221.229.162.204 port 38716:11:  [preauth]
Jan  9 06:28:10 do sshd[16506]: Disconnected from 221.229.162.204 port 38716 [preauth]
Jan  9 06:28:12 do sshd[16504]: Failed password for root from 218.65.30.30 port 35279 ssh2
Jan  9 06:28:17 do sshd[16504]: message repeated 2 times: [ Failed password for root from 218.65.30.30 port 35279 ssh2]
Jan  9 06:28:17 do sshd[16504]: error: maximum authentication attempts exceeded for root from 218.65.30.30 port 35279 ssh2 [preauth]
Jan  9 06:28:17 do sshd[16504]: Disconnecting: Too many authentication failures [preauth]
Jan  9 06:28:17 do sshd[16504]: PAM 5 more authentication failures; logname= uid=0 euid=0 tty=ssh ruser= rhost=218.65.30.30  user=root
Jan  9 06:28:17 do sshd[16504]: PAM service(sshd) ignoring max retries; 6 > 3
Jan  9 06:28:20 do sshd[16509]: pam_unix(sshd:auth): authentication failure; logname= uid=0 euid=0 tty=ssh ruser= rhost=218.65.30.30  user=root
Jan  9 06:28:22 do sshd[16509]: Failed password for root from 218.65.30.30 port 63360 ssh2
Jan  9 06:28:34 do sshd[16509]: message repeated 4 times: [ Failed password for root from 218.65.30.30 port 63360 ssh2]
Jan  9 06:28:35 do sshd[16511]: Received disconnect from 221.229.162.204 port 48910:11:  [preauth]
Jan  9 06:28:35 do sshd[16511]: Disconnected from 221.229.162.204 port 48910 [preauth]
Jan  9 06:28:36 do sshd[16509]: Failed password for root from 218.65.30.30 port 63360 ssh2
Jan  9 06:28:36 do sshd[16509]: error: maximum authentication attempts exceeded for root from 218.65.30.30 port 63360 ssh2 [preauth]
Jan  9 06:28:36 do sshd[16509]: Disconnecting: Too many authentication failures [preauth]
Jan  9 06:28:36 do sshd[16509]: PAM 5 more authentication failures; logname= uid=0 euid=0 tty=ssh ruser= rhost=218.65.30.30  user=root
Jan  9 06:28:36 do sshd[16509]: PAM service(sshd) ignoring max retries; 6 > 3
Jan  9 06:28:39 do sshd[16516]: pam_unix(sshd:auth): authentication failure; logname= uid=0 euid=0 tty=ssh ruser= rhost=218.65.30.30  user=root
Jan  9 06:28:39 do sshd[16513]: pam_unix(sshd:auth): authentication failure; logname= uid=0 euid=0 tty=ssh ruser= rhost=202.109.143.120  user=root
Jan  9 06:28:41 do sshd[16516]: Failed password for root from 218.65.30.30 port 27947 ssh2
Jan  9 06:28:41 do sshd[16513]: Failed password for root from 202.109.143.120 port 1564 ssh2
Jan  9 06:28:44 do sshd[16513]: Failed password for root from 202.109.143.120 port 1564 ssh2
Jan  9 06:28:44 do sshd[16516]: Failed password for root from 218.65.30.30 port 27947 ssh2
Jan  9 06:28:46 do sshd[16513]: Failed password for root from 202.109.143.120 port 1564 ssh2
Jan  9 06:28:46 do sshd[16516]: Failed password for root from 218.65.30.30 port 27947 ssh2
Jan  9 06:28:48 do sshd[16513]: Failed password for root from 202.109.143.120 port 1564 ssh2
Jan  9 06:28:49 do sshd[16516]: Failed password for root from 218.65.30.30 port 27947 ssh2
Jan  9 06:28:49 do sshd[16513]: Failed password for root from 202.109.143.120 port 1564 ssh2
Jan  9 06:28:50 do sshd[16513]: Connection reset by 202.109.143.120 port 1564 [preauth]
Jan  9 06:28:50 do sshd[16513]: PAM 4 more authentication failures; logname= uid=0 euid=0 tty=ssh ruser= rhost=202.109.143.120  user=root
Jan  9 06:28:50 do sshd[16513]: PAM service(sshd) ignoring max retries; 5 > 3
Jan  9 06:28:52 do sshd[16516]: Failed password for root from 218.65.30.30 port 27947 ssh2
Jan  9 06:28:53 do sshd[16518]: pam_unix(sshd:auth): authentication failure; logname= uid=0 euid=0 tty=ssh ruser= rhost=202.109.143.120  user=root
Jan  9 06:28:55 do sshd[16516]: Failed password for root from 218.65.30.30 port 27947 ssh2
Jan  9 06:28:55 do sshd[16516]: error: maximum authentication attempts exceeded for root from 218.65.30.30 port 27947 ssh2 [preauth]
Jan  9 06:28:55 do sshd[16516]: Disconnecting: Too many authentication failures [preauth]
Jan  9 06:28:55 do sshd[16516]: PAM 5 more authentication failures; logname= uid=0 euid=0 tty=ssh ruser= rhost=218.65.30.30  user=root
Jan  9 06:28:55 do sshd[16516]: PAM service(sshd) ignoring max retries; 6 > 3
Jan  9 06:28:55 do sshd[16518]: Failed password for root from 202.109.143.120 port 1564 ssh2
Jan  9 06:28:58 do sshd[16522]: pam_unix(sshd:auth): authentication failure; logname= uid=0 euid=0 tty=ssh ruser= rhost=218.65.30.30  user=root
Jan  9 06:28:58 do sshd[16518]: Failed password for root from 202.109.143.120 port 1564 ssh2
Jan  9 06:28:59 do sshd[16522]: Failed password for root from 218.65.30.30 port 56754 ssh2
Jan  9 06:29:00 do sshd[16518]: Failed password for root from 202.109.143.120 port 1564 ssh2
Jan  9 06:29:01 do sshd[16520]: Received disconnect from 221.229.162.204 port 23311:11:  [preauth]
Jan  9 06:29:01 do sshd[16520]: Disconnected from 221.229.162.204 port 23311 [preauth]
Jan  9 06:29:01 do sshd[16522]: Failed password for root from 218.65.30.30 port 56754 ssh2
Jan  9 06:29:02 do sshd[16518]: Failed password for root from 202.109.143.120 port 1564 ssh2
Jan  9 06:29:05 do sshd[16522]: Failed password for root from 218.65.30.30 port 56754 ssh2
Jan  9 06:29:05 do sshd[16518]: Failed password for root from 202.109.143.120 port 1564 ssh2
Jan  9 06:29:06 do sshd[16518]: Connection reset by 202.109.143.120 port 1564 [preauth]
Jan  9 06:29:06 do sshd[16518]: PAM 4 more authentication failures; logname= uid=0 euid=0 tty=ssh ruser= rhost=202.109.143.120  user=root
Jan  9 06:29:06 do sshd[16518]: PAM service(sshd) ignoring max retries; 5 > 3
Jan  9 06:29:08 do sshd[16522]: Failed password for root from 218.65.30.30 port 56754 ssh2
Jan  9 06:29:08 do sshd[16525]: pam_unix(sshd:auth): authentication failure; logname= uid=0 euid=0 tty=ssh ruser= rhost=202.109.143.120  user=root
Jan  9 06:29:10 do sshd[16525]: Failed password for root from 202.109.143.120 port 1564 ssh2
Jan  9 06:29:10 do sshd[16522]: Failed password for root from 218.65.30.30 port 56754 ssh2
Jan  9 06:29:12 do sshd[16525]: Failed password for root from 202.109.143.120 port 1564 ssh2
Jan  9 06:29:13 do sshd[16522]: Failed password for root from 218.65.30.30 port 56754 ssh2
Jan  9 06:29:13 do sshd[16522]: error: maximum authentication attempts exceeded for root from 218.65.30.30 port 56754 ssh2 [preauth]
Jan  9 06:29:13 do sshd[16522]: Disconnecting: Too many authentication failures [preauth]
Jan  9 06:29:13 do sshd[16522]: PAM 5 more authentication failures; logname= uid=0 euid=0 tty=ssh ruser= rhost=218.65.30.30  user=root
Jan  9 06:29:13 do sshd[16522]: PAM service(sshd) ignoring max retries; 6 > 3
Jan  9 06:29:14 do sshd[16525]: Failed password for root from 202.109.143.120 port 1564 ssh2
Jan  9 06:29:16 do sshd[16527]: pam_unix(sshd:auth): authentication failure; logname= uid=0 euid=0 tty=ssh ruser= rhost=218.65.30.30  user=root
Jan  9 06:29:17 do sshd[16525]: Failed password for root from 202.109.143.120 port 1564 ssh2
Jan  9 06:29:18 do sshd[16527]: Failed password for root from 218.65.30.30 port 20661 ssh2
Jan  9 06:29:19 do sshd[16525]: Failed password for root from 202.109.143.120 port 1564 ssh2
Jan  9 06:29:20 do sshd[16525]: Connection reset by 202.109.143.120 port 1564 [preauth]
Jan  9 06:29:20 do sshd[16525]: PAM 4 more authentication failures; logname= uid=0 euid=0 tty=ssh ruser= rhost=202.109.143.120  user=root
Jan  9 06:29:20 do sshd[16525]: PAM service(sshd) ignoring max retries; 5 > 3
Jan  9 06:29:20 do sshd[16527]: Failed password for root from 218.65.30.30 port 20661 ssh2
Jan  9 06:29:21 do sshd[16529]: pam_unix(sshd:auth): authentication failure; logname= uid=0 euid=0 tty=ssh ruser= rhost=202.109.143.120  user=root
Jan  9 06:29:23 do sshd[16527]: Failed password for root from 218.65.30.30 port 20661 ssh2
Jan  9 06:29:23 do sshd[16529]: Failed password for root from 202.109.143.120 port 4541 ssh2
Jan  9 06:29:25 do sshd[16529]: Failed password for root from 202.109.143.120 port 4541 ssh2
Jan  9 06:29:25 do sshd[16527]: Failed password for root from 218.65.30.30 port 20661 ssh2
Jan  9 06:29:27 do sshd[16529]: Failed password for root from 202.109.143.120 port 4541 ssh2
Jan  9 06:29:27 do sshd[16531]: Received disconnect from 221.229.162.204 port 49011:11:  [preauth]
Jan  9 06:29:27 do sshd[16531]: Disconnected from 221.229.162.204 port 49011 [preauth]
Jan  9 06:29:28 do sshd[16527]: Failed password for root from 218.65.30.30 port 20661 ssh2
Jan  9 06:29:29 do sshd[16529]: Failed password for root from 202.109.143.120 port 4541 ssh2
Jan  9 06:29:30 do sshd[16527]: Failed password for root from 218.65.30.30 port 20661 ssh2
Jan  9 06:29:30 do sshd[16527]: error: maximum authentication attempts exceeded for root from 218.65.30.30 port 20661 ssh2 [preauth]
Jan  9 06:29:30 do sshd[16527]: Disconnecting: Too many authentication failures [preauth]
Jan  9 06:29:30 do sshd[16527]: PAM 5 more authentication failures; logname= uid=0 euid=0 tty=ssh ruser= rhost=218.65.30.30  user=root
Jan  9 06:29:30 do sshd[16527]: PAM service(sshd) ignoring max retries; 6 > 3
Jan  9 06:29:31 do sshd[16529]: Failed password for root from 202.109.143.120 port 4541 ssh2
Jan  9 06:29:32 do sshd[16529]: Connection reset by 202.109.143.120 port 4541 [preauth]
Jan  9 06:29:32 do sshd[16529]: PAM 4 more authentication failures; logname= uid=0 euid=0 tty=ssh ruser= rhost=202.109.143.120  user=root
Jan  9 06:29:32 do sshd[16529]: PAM service(sshd) ignoring max retries; 5 > 3
Jan  9 06:29:33 do sshd[16536]: Connection closed by 54.64.73.96 port 60518 [preauth]
Jan  9 06:29:33 do sshd[16533]: pam_unix(sshd:auth): authentication failure; logname= uid=0 euid=0 tty=ssh ruser= rhost=218.65.30.30  user=root
Jan  9 06:29:35 do sshd[16533]: Failed password for root from 218.65.30.30 port 47938 ssh2
Jan  9 06:29:36 do sshd[16535]: pam_unix(sshd:auth): authentication failure; logname= uid=0 euid=0 tty=ssh ruser= rhost=202.109.143.120  user=root
Jan  9 06:29:37 do sshd[16533]: Failed password for root from 218.65.30.30 port 47938 ssh2
Jan  9 06:29:38 do sshd[16535]: Failed password for root from 202.109.143.120 port 3334 ssh2
Jan  9 06:29:40 do sshd[16535]: Failed password for root from 202.109.143.120 port 3334 ssh2
Jan  9 06:29:40 do sshd[16533]: Failed password for root from 218.65.30.30 port 47938 ssh2
Jan  9 06:29:43 do sshd[16535]: Failed password for root from 202.109.143.120 port 3334 ssh2
Jan  9 06:29:43 do sshd[16533]: Failed password for root from 218.65.30.30 port 47938 ssh2
Jan  9 06:29:45 do sshd[16535]: Failed password for root from 202.109.143.120 port 3334 ssh2
Jan  9 06:29:46 do sshd[16533]: Failed password for root from 218.65.30.30 port 47938 ssh2
Jan  9 06:29:47 do sshd[16535]: Failed password for root from 202.109.143.120 port 3334 ssh2
Jan  9 06:29:47 do sshd[16535]: Connection reset by 202.109.143.120 port 3334 [preauth]
Jan  9 06:29:47 do sshd[16535]: PAM 4 more authentication failures; logname= uid=0 euid=0 tty=ssh ruser= rhost=202.109.143.120  user=root
Jan  9 06:29:47 do sshd[16535]: PAM service(sshd) ignoring max retries; 5 > 3
Jan  9 06:29:48 do sshd[16533]: Failed password for root from 218.65.30.30 port 47938 ssh2
Jan  9 06:29:48 do sshd[16533]: error: maximum authentication attempts exceeded for root from 218.65.30.30 port 47938 ssh2 [preauth]
Jan  9 06:29:48 do sshd[16533]: Disconnecting: Too many authentication failures [preauth]
Jan  9 06:29:48 do sshd[16533]: PAM 5 more authentication failures; logname= uid=0 euid=0 tty=ssh ruser= rhost=218.65.30.30  user=root
Jan  9 06:29:48 do sshd[16533]: PAM service(sshd) ignoring max retries; 6 > 3
Jan  9 06:29:49 do sshd[16540]: pam_unix(sshd:auth): authentication failure; logname= uid=0 euid=0 tty=ssh ruser= rhost=202.109.143.120  user=root
Jan  9 06:29:51 do sshd[16544]: pam_unix(sshd:auth): authentication failure; logname= uid=0 euid=0 tty=ssh ruser= rhost=218.65.30.30  user=root
Jan  9 06:29:52 do sshd[16540]: Failed password for root from 202.109.143.120 port 1180 ssh2
Jan  9 06:29:53 do sshd[16542]: Received disconnect from 221.229.162.204 port 11874:11:  [preauth]
Jan  9 06:29:53 do sshd[16542]: Disconnected from 221.229.162.204 port 11874 [preauth]
Jan  9 06:29:53 do sshd[16544]: Failed password for root from 218.65.30.30 port 11950 ssh2
Jan  9 06:29:54 do sshd[16540]: Failed password for root from 202.109.143.120 port 1180 ssh2
Jan  9 06:29:56 do sshd[16544]: Failed password for root from 218.65.30.30 port 11950 ssh2
Jan  9 06:29:56 do sshd[16540]: Failed password for root from 202.109.143.120 port 1180 ssh2
Jan  9 06:29:58 do sshd[16540]: Failed password for root from 202.109.143.120 port 1180 ssh2
Jan  9 06:29:58 do sshd[16544]: Failed password for root from 218.65.30.30 port 11950 ssh2
Jan  9 06:30:00 do sshd[16540]: Failed password for root from 202.109.143.120 port 1180 ssh2
Jan  9 06:30:00 do sshd[16540]: Connection reset by 202.109.143.120 port 1180 [preauth]
Jan  9 06:30:00 do sshd[16540]: PAM 4 more authentication failures; logname= uid=0 euid=0 tty=ssh ruser= rhost=202.109.143.120  user=root
Jan  9 06:30:00 do sshd[16540]: PAM service(sshd) ignoring max retries; 5 > 3
Jan  9 06:30:01 do sshd[16544]: Failed password for root from 218.65.30.30 port 11950 ssh2
Jan  9 06:30:02 do sshd[16546]: pam_unix(sshd:auth): authentication failure; logname= uid=0 euid=0 tty=ssh ruser= rhost=202.109.143.120  user=root
Jan  9 06:30:03 do sshd[16544]: Failed password for root from 218.65.30.30 port 11950 ssh2
Jan  9 06:30:04 do sshd[16546]: Failed password for root from 202.109.143.120 port 3342 ssh2
Jan  9 06:30:06 do sshd[16544]: Failed password for root from 218.65.30.30 port 11950 ssh2
Jan  9 06:30:06 do sshd[16544]: error: maximum authentication attempts exceeded for root from 218.65.30.30 port 11950 ssh2 [preauth]
Jan  9 06:30:06 do sshd[16544]: Disconnecting: Too many authentication failures [preauth]
Jan  9 06:30:06 do sshd[16544]: PAM 5 more authentication failures; logname= uid=0 euid=0 tty=ssh ruser= rhost=218.65.30.30  user=root
Jan  9 06:30:06 do sshd[16544]: PAM service(sshd) ignoring max retries; 6 > 3
Jan  9 06:30:06 do sshd[16546]: Failed password for root from 202.109.143.120 port 3342 ssh2
Jan  9 06:30:08 do sshd[16546]: Failed password for root from 202.109.143.120 port 3342 ssh2
Jan  9 06:30:08 do sshd[16549]: pam_unix(sshd:auth): authentication failure; logname= uid=0 euid=0 tty=ssh ruser= rhost=218.65.30.30  user=root
Jan  9 06:30:10 do sshd[16549]: Failed password for root from 218.65.30.30 port 38201 ssh2
Jan  9 06:30:10 do sshd[16546]: Failed password for root from 202.109.143.120 port 3342 ssh2
Jan  9 06:30:13 do sshd[16546]: Failed password for root from 202.109.143.120 port 3342 ssh2
Jan  9 06:30:13 do sshd[16546]: Connection reset by 202.109.143.120 port 3342 [preauth]
Jan  9 06:30:13 do sshd[16546]: PAM 4 more authentication failures; logname= uid=0 euid=0 tty=ssh ruser= rhost=202.109.143.120  user=root
Jan  9 06:30:13 do sshd[16546]: PAM service(sshd) ignoring max retries; 5 > 3
Jan  9 06:30:13 do sshd[16549]: Failed password for root from 218.65.30.30 port 38201 ssh2
Jan  9 06:30:15 do sshd[16551]: pam_unix(sshd:auth): authentication failure; logname= uid=0 euid=0 tty=ssh ruser= rhost=202.109.143.120  user=root
Jan  9 06:30:16 do sshd[16549]: Failed password for root from 218.65.30.30 port 38201 ssh2
Jan  9 06:30:17 do sshd[16551]: Failed password for root from 202.109.143.120 port 2025 ssh2
Jan  9 06:30:18 do sshd[16549]: Failed password for root from 218.65.30.30 port 38201 ssh2
Jan  9 06:30:19 do sshd[16551]: Failed password for root from 202.109.143.120 port 2025 ssh2
Jan  9 06:30:21 do sshd[16549]: Failed password for root from 218.65.30.30 port 38201 ssh2
Jan  9 06:30:21 do sshd[16551]: Failed password for root from 202.109.143.120 port 2025 ssh2
Jan  9 06:30:22 do sshd[16553]: Received disconnect from 221.229.162.204 port 51628:11:  [preauth]
Jan  9 06:30:22 do sshd[16553]: Disconnected from 221.229.162.204 port 51628 [preauth]
Jan  9 06:30:24 do sshd[16551]: Failed password for root from 202.109.143.120 port 2025 ssh2
Jan  9 06:30:24 do sshd[16549]: Failed password for root from 218.65.30.30 port 38201 ssh2
Jan  9 06:30:24 do sshd[16549]: error: maximum authentication attempts exceeded for root from 218.65.30.30 port 38201 ssh2 [preauth]
Jan  9 06:30:24 do sshd[16549]: Disconnecting: Too many authentication failures [preauth]
Jan  9 06:30:24 do sshd[16549]: PAM 5 more authentication failures; logname= uid=0 euid=0 tty=ssh ruser= rhost=218.65.30.30  user=root
Jan  9 06:30:24 do sshd[16549]: PAM service(sshd) ignoring max retries; 6 > 3
Jan  9 06:30:26 do sshd[16551]: Failed password for root from 202.109.143.120 port 2025 ssh2
Jan  9 06:30:26 do sshd[16551]: Connection reset by 202.109.143.120 port 2025 [preauth]
Jan  9 06:30:26 do sshd[16551]: PAM 4 more authentication failures; logname= uid=0 euid=0 tty=ssh ruser= rhost=202.109.143.120  user=root
Jan  9 06:30:26 do sshd[16551]: PAM service(sshd) ignoring max retries; 5 > 3
Jan  9 06:30:27 do sshd[16555]: pam_unix(sshd:auth): authentication failure; logname= uid=0 euid=0 tty=ssh ruser= rhost=218.65.30.30  user=root
Jan  9 06:30:28 do sshd[16557]: pam_unix(sshd:auth): authentication failure; logname= uid=0 euid=0 tty=ssh ruser= rhost=202.109.143.120  user=root
Jan  9 06:30:29 do sshd[16555]: Failed password for root from 218.65.30.30 port 1785 ssh2
Jan  9 06:30:30 do sshd[16557]: Failed password for root from 202.109.143.120 port 2025 ssh2
Jan  9 06:30:32 do sshd[16555]: Failed password for root from 218.65.30.30 port 1785 ssh2
Jan  9 06:30:32 do sshd[16557]: Failed password for root from 202.109.143.120 port 2025 ssh2
Jan  9 06:30:35 do sshd[16555]: Failed password for root from 218.65.30.30 port 1785 ssh2
Jan  9 06:30:35 do sshd[16557]: Failed password for root from 202.109.143.120 port 2025 ssh2
Jan  9 06:30:37 do sshd[16557]: Failed password for root from 202.109.143.120 port 2025 ssh2
Jan  9 06:30:37 do sshd[16555]: Failed password for root from 218.65.30.30 port 1785 ssh2
Jan  9 06:30:40 do sshd[16557]: Failed password for root from 202.109.143.120 port 2025 ssh2
Jan  9 06:30:40 do sshd[16557]: Connection reset by 202.109.143.120 port 2025 [preauth]
Jan  9 06:30:40 do sshd[16557]: PAM 4 more authentication failures; logname= uid=0 euid=0 tty=ssh ruser= rhost=202.109.143.120  user=root
Jan  9 06:30:40 do sshd[16557]: PAM service(sshd) ignoring max retries; 5 > 3
Jan  9 06:30:40 do sshd[16555]: Failed password for root from 218.65.30.30 port 1785 ssh2
Jan  9 06:30:42 do sshd[16560]: pam_unix(sshd:auth): authentication failure; logname= uid=0 euid=0 tty=ssh ruser= rhost=202.109.143.120  user=root
Jan  9 06:30:43 do sshd[16555]: Failed password for root from 218.65.30.30 port 1785 ssh2
Jan  9 06:30:43 do sshd[16555]: error: maximum authentication attempts exceeded for root from 218.65.30.30 port 1785 ssh2 [preauth]
Jan  9 06:30:43 do sshd[16555]: Disconnecting: Too many authentication failures [preauth]
Jan  9 06:30:43 do sshd[16555]: PAM 5 more authentication failures; logname= uid=0 euid=0 tty=ssh ruser= rhost=218.65.30.30  user=root
Jan  9 06:30:43 do sshd[16555]: PAM service(sshd) ignoring max retries; 6 > 3
Jan  9 06:30:44 do sshd[16560]: Failed password for root from 202.109.143.120 port 2025 ssh2
Jan  9 06:30:45 do sshd[16564]: pam_unix(sshd:auth): authentication failure; logname= uid=0 euid=0 tty=ssh ruser= rhost=218.65.30.30  user=root
Jan  9 06:30:46 do sshd[16560]: Failed password for root from 202.109.143.120 port 2025 ssh2
Jan  9 06:30:46 do sshd[16562]: Received disconnect from 221.229.162.204 port 58858:11:  [preauth]
Jan  9 06:30:46 do sshd[16562]: Disconnected from 221.229.162.204 port 58858 [preauth]
Jan  9 06:30:48 do sshd[16564]: Failed password for root from 218.65.30.30 port 29830 ssh2
Jan  9 06:30:49 do sshd[16560]: Failed password for root from 202.109.143.120 port 2025 ssh2
Jan  9 06:30:51 do sshd[16564]: Failed password for root from 218.65.30.30 port 29830 ssh2
Jan  9 06:30:51 do sshd[16560]: Failed password for root from 202.109.143.120 port 2025 ssh2
Jan  9 06:30:53 do sshd[16560]: Failed password for root from 202.109.143.120 port 2025 ssh2
Jan  9 06:30:53 do sshd[16564]: Failed password for root from 218.65.30.30 port 29830 ssh2
Jan  9 06:30:53 do sshd[16560]: Connection reset by 202.109.143.120 port 2025 [preauth]
Jan  9 06:30:53 do sshd[16560]: PAM 4 more authentication failures; logname= uid=0 euid=0 tty=ssh ruser= rhost=202.109.143.120  user=root
Jan  9 06:30:53 do sshd[16560]: PAM service(sshd) ignoring max retries; 5 > 3
Jan  9 06:30:55 do sshd[16566]: pam_unix(sshd:auth): authentication failure; logname= uid=0 euid=0 tty=ssh ruser= rhost=202.109.143.120  user=root
Jan  9 06:30:56 do sshd[16564]: Failed password for root from 218.65.30.30 port 29830 ssh2
Jan  9 06:30:56 do sshd[16566]: Failed password for root from 202.109.143.120 port 2025 ssh2
Jan  9 06:30:59 do sshd[16564]: Failed password for root from 218.65.30.30 port 29830 ssh2
Jan  9 06:30:59 do sshd[16566]: Failed password for root from 202.109.143.120 port 2025 ssh2
Jan  9 06:31:02 do sshd[16566]: Failed password for root from 202.109.143.120 port 2025 ssh2
Jan  9 06:31:02 do sshd[16564]: Failed password for root from 218.65.30.30 port 29830 ssh2
Jan  9 06:31:02 do sshd[16564]: error: maximum authentication attempts exceeded for root from 218.65.30.30 port 29830 ssh2 [preauth]
Jan  9 06:31:02 do sshd[16564]: Disconnecting: Too many authentication failures [preauth]
Jan  9 06:31:02 do sshd[16564]: PAM 5 more authentication failures; logname= uid=0 euid=0 tty=ssh ruser= rhost=218.65.30.30  user=root
Jan  9 06:31:02 do sshd[16564]: PAM service(sshd) ignoring max retries; 6 > 3
Jan  9 06:31:04 do sshd[16566]: Failed password for root from 202.109.143.120 port 2025 ssh2
Jan  9 06:31:05 do sshd[16568]: pam_unix(sshd:auth): authentication failure; logname= uid=0 euid=0 tty=ssh ruser= rhost=218.65.30.30  user=root
Jan  9 06:31:06 do sshd[16568]: Failed password for root from 218.65.30.30 port 59196 ssh2
Jan  9 06:31:07 do sshd[16566]: Failed password for root from 202.109.143.120 port 2025 ssh2
Jan  9 06:31:07 do sshd[16566]: Connection reset by 202.109.143.120 port 2025 [preauth]
Jan  9 06:31:07 do sshd[16566]: PAM 4 more authentication failures; logname= uid=0 euid=0 tty=ssh ruser= rhost=202.109.143.120  user=root
Jan  9 06:31:07 do sshd[16566]: PAM service(sshd) ignoring max retries; 5 > 3
Jan  9 06:31:09 do sshd[16571]: pam_unix(sshd:auth): authentication failure; logname= uid=0 euid=0 tty=ssh ruser= rhost=202.109.143.120  user=root
Jan  9 06:31:09 do sshd[16568]: Failed password for root from 218.65.30.30 port 59196 ssh2
Jan  9 06:31:11 do sshd[16571]: Failed password for root from 202.109.143.120 port 4334 ssh2
Jan  9 06:31:12 do sshd[16568]: Failed password for root from 218.65.30.30 port 59196 ssh2
Jan  9 06:31:12 do sshd[16573]: Received disconnect from 221.229.162.204 port 30103:11:  [preauth]
Jan  9 06:31:12 do sshd[16573]: Disconnected from 221.229.162.204 port 30103 [preauth]
Jan  9 06:31:13 do sshd[16571]: Failed password for root from 202.109.143.120 port 4334 ssh2
Jan  9 06:31:14 do sshd[16568]: Failed password for root from 218.65.30.30 port 59196 ssh2
Jan  9 06:31:15 do sshd[16571]: Failed password for root from 202.109.143.120 port 4334 ssh2
Jan  9 06:31:17 do sshd[16568]: Failed password for root from 218.65.30.30 port 59196 ssh2
Jan  9 06:31:18 do sshd[16571]: Failed password for root from 202.109.143.120 port 4334 ssh2
Jan  9 06:31:20 do sshd[16568]: Failed password for root from 218.65.30.30 port 59196 ssh2
Jan  9 06:31:20 do sshd[16568]: error: maximum authentication attempts exceeded for root from 218.65.30.30 port 59196 ssh2 [preauth]
Jan  9 06:31:20 do sshd[16568]: Disconnecting: Too many authentication failures [preauth]
Jan  9 06:31:20 do sshd[16568]: PAM 5 more authentication failures; logname= uid=0 euid=0 tty=ssh ruser= rhost=218.65.30.30  user=root
Jan  9 06:31:20 do sshd[16568]: PAM service(sshd) ignoring max retries; 6 > 3
Jan  9 06:31:21 do sshd[16571]: Failed password for root from 202.109.143.120 port 4334 ssh2
Jan  9 06:31:21 do sshd[16571]: Connection reset by 202.109.143.120 port 4334 [preauth]
Jan  9 06:31:21 do sshd[16571]: PAM 4 more authentication failures; logname= uid=0 euid=0 tty=ssh ruser= rhost=202.109.143.120  user=root
Jan  9 06:31:21 do sshd[16571]: PAM service(sshd) ignoring max retries; 5 > 3
Jan  9 06:31:22 do sshd[16579]: Connection closed by 54.64.73.96 port 36520 [preauth]
Jan  9 06:31:23 do sshd[16577]: pam_unix(sshd:auth): authentication failure; logname= uid=0 euid=0 tty=ssh ruser= rhost=218.65.30.30  user=root
Jan  9 06:31:23 do sshd[16575]: pam_unix(sshd:auth): authentication failure; logname= uid=0 euid=0 tty=ssh ruser= rhost=202.109.143.120  user=root
Jan  9 06:31:25 do sshd[16577]: Failed password for root from 218.65.30.30 port 23195 ssh2
Jan  9 06:31:25 do sshd[16575]: Failed password for root from 202.109.143.120 port 2365 ssh2
Jan  9 06:31:27 do sshd[16575]: Failed password for root from 202.109.143.120 port 2365 ssh2
Jan  9 06:31:27 do sshd[16577]: Failed password for root from 218.65.30.30 port 23195 ssh2
Jan  9 06:31:29 do sshd[16575]: Failed password for root from 202.109.143.120 port 2365 ssh2
Jan  9 06:31:30 do sshd[16577]: Failed password for root from 218.65.30.30 port 23195 ssh2
Jan  9 06:31:32 do sshd[16577]: Failed password for root from 218.65.30.30 port 23195 ssh2
Jan  9 06:31:33 do sshd[16575]: Failed password for root from 202.109.143.120 port 2365 ssh2
Jan  9 06:31:35 do sshd[16575]: Failed password for root from 202.109.143.120 port 2365 ssh2
Jan  9 06:31:35 do sshd[16577]: Failed password for root from 218.65.30.30 port 23195 ssh2
Jan  9 06:31:35 do sshd[16575]: Connection reset by 202.109.143.120 port 2365 [preauth]
Jan  9 06:31:35 do sshd[16575]: PAM 4 more authentication failures; logname= uid=0 euid=0 tty=ssh ruser= rhost=202.109.143.120  user=root
Jan  9 06:31:35 do sshd[16575]: PAM service(sshd) ignoring max retries; 5 > 3
Jan  9 06:31:38 do sshd[16584]: pam_unix(sshd:auth): authentication failure; logname= uid=0 euid=0 tty=ssh ruser= rhost=202.109.143.120  user=root
Jan  9 06:31:38 do sshd[16577]: Failed password for root from 218.65.30.30 port 23195 ssh2
Jan  9 06:31:38 do sshd[16577]: error: maximum authentication attempts exceeded for root from 218.65.30.30 port 23195 ssh2 [preauth]
Jan  9 06:31:38 do sshd[16577]: Disconnecting: Too many authentication failures [preauth]
Jan  9 06:31:38 do sshd[16577]: PAM 5 more authentication failures; logname= uid=0 euid=0 tty=ssh ruser= rhost=218.65.30.30  user=root
Jan  9 06:31:38 do sshd[16577]: PAM service(sshd) ignoring max retries; 6 > 3
Jan  9 06:31:39 do sshd[16584]: Failed password for root from 202.109.143.120 port 3756 ssh2
Jan  9 06:31:40 do sshd[16581]: Received disconnect from 221.229.162.204 port 63039:11:  [preauth]
Jan  9 06:31:40 do sshd[16581]: Disconnected from 221.229.162.204 port 63039 [preauth]
Jan  9 06:31:41 do sshd[16586]: pam_unix(sshd:auth): authentication failure; logname= uid=0 euid=0 tty=ssh ruser= rhost=218.65.30.30  user=root
Jan  9 06:31:43 do sshd[16584]: Failed password for root from 202.109.143.120 port 3756 ssh2
Jan  9 06:31:43 do sshd[16586]: Failed password for root from 218.65.30.30 port 50175 ssh2
Jan  9 06:31:45 do sshd[16584]: Failed password for root from 202.109.143.120 port 3756 ssh2
Jan  9 06:31:46 do sshd[16586]: Failed password for root from 218.65.30.30 port 50175 ssh2
Jan  9 06:31:49 do sshd[16586]: Failed password for root from 218.65.30.30 port 50175 ssh2
Jan  9 06:31:49 do sshd[16584]: Failed password for root from 202.109.143.120 port 3756 ssh2
Jan  9 06:31:51 do sshd[16584]: Failed password for root from 202.109.143.120 port 3756 ssh2
Jan  9 06:31:51 do sshd[16586]: Failed password for root from 218.65.30.30 port 50175 ssh2
Jan  9 06:31:52 do sshd[16584]: Connection reset by 202.109.143.120 port 3756 [preauth]
Jan  9 06:31:52 do sshd[16584]: PAM 4 more authentication failures; logname= uid=0 euid=0 tty=ssh ruser= rhost=202.109.143.120  user=root
Jan  9 06:31:52 do sshd[16584]: PAM service(sshd) ignoring max retries; 5 > 3
Jan  9 06:31:54 do sshd[16588]: pam_unix(sshd:auth): authentication failure; logname= uid=0 euid=0 tty=ssh ruser= rhost=202.109.143.120  user=root
Jan  9 06:31:54 do sshd[16586]: Failed password for root from 218.65.30.30 port 50175 ssh2
Jan  9 06:31:56 do sshd[16588]: Failed password for root from 202.109.143.120 port 3076 ssh2
Jan  9 06:31:57 do sshd[16586]: Failed password for root from 218.65.30.30 port 50175 ssh2
Jan  9 06:31:57 do sshd[16586]: error: maximum authentication attempts exceeded for root from 218.65.30.30 port 50175 ssh2 [preauth]
Jan  9 06:31:57 do sshd[16586]: Disconnecting: Too many authentication failures [preauth]
Jan  9 06:31:57 do sshd[16586]: PAM 5 more authentication failures; logname= uid=0 euid=0 tty=ssh ruser= rhost=218.65.30.30  user=root
Jan  9 06:31:57 do sshd[16586]: PAM service(sshd) ignoring max retries; 6 > 3
Jan  9 06:31:58 do sshd[16588]: Failed password for root from 202.109.143.120 port 3076 ssh2
Jan  9 06:32:00 do sshd[16590]: pam_unix(sshd:auth): authentication failure; logname= uid=0 euid=0 tty=ssh ruser= rhost=218.65.30.30  user=root
Jan  9 06:32:01 do sshd[16588]: Failed password for root from 202.109.143.120 port 3076 ssh2
Jan  9 06:32:02 do sshd[16590]: Failed password for root from 218.65.30.30 port 13722 ssh2
Jan  9 06:32:03 do sshd[16588]: Failed password for root from 202.109.143.120 port 3076 ssh2
